Component: ARM Compiler 5.06 update 6 (build 750) Tool: armlink [4d35ed]

==============================================================================

Section Cross References

    startup_stm32h743xx.o(RESET) refers to startup_stm32h743xx.o(STACK) for __initial_sp
    startup_stm32h743xx.o(RESET) refers to startup_stm32h743xx.o(.text) for Reset_Handler
    startup_stm32h743xx.o(RESET) refers to stm32h7xx_it.o(i.NMI_Handler) for NMI_Handler
    startup_stm32h743xx.o(RESET) refers to stm32h7xx_it.o(i.HardFault_Handler) for HardFault_Handler
    startup_stm32h743xx.o(RESET) refers to stm32h7xx_it.o(i.MemManage_Handler) for MemManage_Handler
    startup_stm32h743xx.o(RESET) refers to stm32h7xx_it.o(i.BusFault_Handler) for BusFault_Handler
    startup_stm32h743xx.o(RESET) refers to stm32h7xx_it.o(i.UsageFault_Handler) for UsageFault_Handler
    startup_stm32h743xx.o(RESET) refers to port.o(.emb_text) for SVC_Handler
    startup_stm32h743xx.o(RESET) refers to stm32h7xx_it.o(i.DebugMon_Handler) for DebugMon_Handler
    startup_stm32h743xx.o(RESET) refers to systick.o(i.SysTick_Handler) for SysTick_Handler
    startup_stm32h743xx.o(RESET) refers to bsp_io_input.o(i.EXTI0_IRQHandler) for EXTI0_IRQHandler
    startup_stm32h743xx.o(RESET) refers to bsp_io_input.o(i.EXTI1_IRQHandler) for EXTI1_IRQHandler
    startup_stm32h743xx.o(RESET) refers to bsp_io_input.o(i.EXTI2_IRQHandler) for EXTI2_IRQHandler
    startup_stm32h743xx.o(RESET) refers to gt9xx.o(i.EXTI3_IRQHandler) for EXTI3_IRQHandler
    startup_stm32h743xx.o(RESET) refers to bsp_usart_common_dma.o(i.DMA1_Stream1_IRQHandler) for DMA1_Stream1_IRQHandler
    startup_stm32h743xx.o(RESET) refers to bsp_usart_common_dma.o(i.DMA1_Stream2_IRQHandler) for DMA1_Stream2_IRQHandler
    startup_stm32h743xx.o(RESET) refers to bsp_usart_common_dma.o(i.DMA1_Stream3_IRQHandler) for DMA1_Stream3_IRQHandler
    startup_stm32h743xx.o(RESET) refers to bsp_usart_common_dma.o(i.DMA1_Stream4_IRQHandler) for DMA1_Stream4_IRQHandler
    startup_stm32h743xx.o(RESET) refers to bsp_usart_common_dma.o(i.DMA1_Stream5_IRQHandler) for DMA1_Stream5_IRQHandler
    startup_stm32h743xx.o(RESET) refers to bsp_usart_com485.o(i.USART1_IRQHandler) for USART1_IRQHandler
    startup_stm32h743xx.o(RESET) refers to bsp_usart_common_dma.o(i.USART2_IRQHandler) for USART2_IRQHandler
    startup_stm32h743xx.o(RESET) refers to bsp_usart_common_dma.o(i.USART3_IRQHandler) for USART3_IRQHandler
    startup_stm32h743xx.o(RESET) refers to bsp_io_input.o(i.EXTI15_10_IRQHandler) for EXTI15_10_IRQHandler
    startup_stm32h743xx.o(RESET) refers to shell_port.o(i.UART4_IRQHandler) for UART4_IRQHandler
    startup_stm32h743xx.o(RESET) refers to bsp_usart_common_dma.o(i.UART5_IRQHandler) for UART5_IRQHandler
    startup_stm32h743xx.o(RESET) refers to bsp_usart_common_dma.o(i.DMA2_Stream1_IRQHandler) for DMA2_Stream1_IRQHandler
    startup_stm32h743xx.o(RESET) refers to bsp_usart_common_dma.o(i.DMA2_Stream2_IRQHandler) for DMA2_Stream2_IRQHandler
    startup_stm32h743xx.o(RESET) refers to bsp_usart_common_dma.o(i.DMA2_Stream3_IRQHandler) for DMA2_Stream3_IRQHandler
    startup_stm32h743xx.o(RESET) refers to bsp_usart_common_dma.o(i.DMA2_Stream4_IRQHandler) for DMA2_Stream4_IRQHandler
    startup_stm32h743xx.o(RESET) refers to bsp_usart_common_dma.o(i.DMA2_Stream5_IRQHandler) for DMA2_Stream5_IRQHandler
    startup_stm32h743xx.o(RESET) refers to bsp_usart_common_dma.o(i.UART7_IRQHandler) for UART7_IRQHandler
    startup_stm32h743xx.o(RESET) refers to bsp_usart_common_dma.o(i.UART8_IRQHandler) for UART8_IRQHandler
    startup_stm32h743xx.o(RESET) refers to bsp_lcd.o(i.LTDC_IRQHandler) for LTDC_IRQHandler
    startup_stm32h743xx.o(.text) refers to system_stm32h7xx.o(i.SystemInit) for SystemInit
    startup_stm32h743xx.o(.text) refers to entry.o(.ARM.Collect$$$$00000000) for __main
    system_stm32h7xx.o(i.SystemCoreClockUpdate) refers to system_stm32h7xx.o(.data) for .data
    system_stm32h7xx.o(i.SystemCoreClockUpdate) refers to system_stm32h7xx.o(.constdata) for .constdata
    stm32h7xx_hal.o(i.HAL_DeInit) refers to stm32h7xx_hal.o(i.HAL_MspDeInit) for HAL_MspDeInit
    stm32h7xx_hal.o(i.HAL_Delay) refers to bsp_systime.o(i.HAL_GetTick) for HAL_GetTick
    stm32h7xx_hal.o(i.HAL_Delay) refers to stm32h7xx_hal.o(.data) for .data
    stm32h7xx_hal.o(i.HAL_GetTick) refers to stm32h7xx_hal.o(.data) for .data
    stm32h7xx_hal.o(i.HAL_GetTickFreq) refers to stm32h7xx_hal.o(.data) for .data
    stm32h7xx_hal.o(i.HAL_GetTickPrio) refers to stm32h7xx_hal.o(.data) for .data
    stm32h7xx_hal.o(i.HAL_IncTick) refers to stm32h7xx_hal.o(.data) for .data
    stm32h7xx_hal.o(i.HAL_Init) refers to stm32h7xx_hal_cortex.o(i.HAL_NVIC_SetPriorityGrouping) for HAL_NVIC_SetPriorityGrouping
    stm32h7xx_hal.o(i.HAL_Init) refers to stm32h7xx_hal_rcc.o(i.HAL_RCC_GetSysClockFreq) for HAL_RCC_GetSysClockFreq
    stm32h7xx_hal.o(i.HAL_Init) refers to stm32h7xx_hal.o(i.HAL_InitTick) for HAL_InitTick
[...]
    0x08003602   0x08003602   0x00000002   PAD
    0x08003604   0x08003604   0x000000cc   Code   RO        14340    i.HandleSema_test2  tasksemafun_outer.o
    0x080036d0   0x080036d0   0x00000004   Code   RO        14390    i.Handle_letter_Shell_NoOsWhile  taskworkhandle.o
    0x080036d4   0x080036d4   0x0000001c   Code   RO        11648    i.I2C_EE_BufferRead  bsp_i2c_ee.o
    0x080036f0   0x080036f0   0x000000b2   Code   RO        11649    i.I2C_EE_BufferWrite  bsp_i2c_ee.o
    0x080037a2   0x080037a2   0x00000002   PAD
    0x080037a4   0x080037a4   0x00000048   Code   RO        11651    i.I2C_EE_PageWrite  bsp_i2c_ee.o
    0x080037ec   0x080037ec   0x0000008c   Code   RO         1983    i.I2C_IsAcknowledgeFailed  stm32h7xx_hal_i2c.o
    0x08003878   0x08003878   0x0000003c   Code   RO        12269    i.I2C_Mode_Config   bsp_iic.o
    0x080038b4   0x080038b4   0x00000074   Code   RO         1987    i.I2C_RequestMemoryWrite  stm32h7xx_hal_i2c.o
    0x08003928   0x08003928   0x0000004c   Code   RO         1993    i.I2C_WaitOnSTOPFlagUntilTimeout  stm32h7xx_hal_i2c.o
    0x08003974   0x08003974   0x00000050   Code   RO         1994    i.I2C_WaitOnTXISFlagUntilTimeout  stm32h7xx_hal_i2c.o
    0x080039c4   0x080039c4   0x00000030   Code   RO        11584    i.IIC_EE_Factory_Init  factory_iic.o
    0x080039f4   0x080039f4   0x0000001c   Code   RO        11918    i.IO485_02_ClkEnable  bsp_io_output.o
    0x08003a10   0x08003a10   0x0000001c   Code   RO        11920    i.IO485_04_ClkEnable  bsp_io_output.o
    0x08003a2c   0x08003a2c   0x00000064   Code   RO        11922    i.IO485_GPIO_Config  bsp_io_output.o
    0x08003a90   0x08003a90   0x0000004c   Code   RO        11924    i.IO_FAN_GPIO_Config  bsp_io_output.o
    0x08003adc   0x08003adc   0x00000054   Code   RO        11926    i.IO_LED_GPIO_Config  bsp_io_output.o
    0x08003b30   0x08003b30   0x00000058   Code   RO        12455    i.LTDC_IRQHandler   bsp_lcd.o
    0x08003b88   0x08003b88   0x00000034   Code   RO        11729    i.LVGL_MPU_Config   bsp_mpu.o
    0x08003bbc   0x08003bbc   0x0000001c   Code   RO        11928    i.Led01_BOARD_ClkEnable  bsp_io_output.o
    0x08003bd8   0x08003bd8   0x0000001c   Code   RO        11930    i.Led03_BOARD_ClkEnable  bsp_io_output.o
    0x08003bf4   0x08003bf4   0x0000001c   Code   RO        11932    i.Led05_BOARD_ClkEnable  bsp_io_output.o
    0x08003c10   0x08003c10   0x0000001c   Code   RO        11934    i.Led2_ClkEnable    bsp_io_output.o
    0x08003c2c   0x08003c2c   0x0000001c   Code   RO        11936    i.Led4_ClkEnable    bsp_io_output.o
    0x08003c48   0x08003c48   0x000000b8   Code   RO        14714    i.MX_RNG_Init       data_random.o
    0x08003d00   0x08003d00   0x0000002c   Code   RO        10640    i.NMI_Handler       stm32h7xx_it.o
    0x08003d2c   0x08003d2c   0x00000004   Code   RO        10520    i.NeedToOnceOperate_Pro  sys_init_all.o
    0x08003d30   0x08003d30   0x0000000e   Code   RO        10521    i.NeedToRepeatOperate_Pro  sys_init_all.o
    0x08003d3e   0x08003d3e   0x00000002   PAD
    0x08003d40   0x08003d40   0x000000b0   Code   RO        10818    i.P_queue_init_COMMON_TX_GROUPED_BUFF_dma  p_data_queue_outer.o
    0x08003df0   0x08003df0   0x00000026   Code   RO        10989    i.QueuePop          queue3.o
    0x08003e16   0x08003e16   0x00000002   PAD
    0x08003e18   0x08003e18   0x000000ac   Code   RO        10992    i.QueuePushArray    queue3.o
    0x08003ec4   0x08003ec4   0x00000124   Code   RO         4047    i.RCCEx_PLL2_Config  stm32h7xx_hal_rcc_ex.o
    0x08003fe8   0x08003fe8   0x00000124   Code   RO         4048    i.RCCEx_PLL3_Config  stm32h7xx_hal_rcc_ex.o
    0x0800410c   0x0800410c   0x0000001c   Code   RO        11939    i.RE02_BOARD_ClkEnable  bsp_io_output.o
    0x08004128   0x08004128   0x0000001c   Code   RO        11941    i.RE04_BOARD_ClkEnable  bsp_io_output.o
    0x08004144   0x08004144   0x00000004   Code   RO        10323    i.RNG_SelectOpByWeight2  user_testtask.o
    0x08004148   0x08004148   0x0000000c   Code   RO        10922    i.RingBuffer_Init   queue2.o
    0x08004154   0x08004154   0x0000002c   Code   RO        10927    i.RingBuffer_WriteByte  queue2.o
    0x08004180   0x08004180   0x00000024   Code   RO        11256    i.SCB_InvalidateDCache_by_Addr  bsp_usart_common_dma.o
    0x080041a4   0x080041a4   0x0000040c   Code   RO         7772    i.SEGGER_HostDataToUsart  segger_toolkit.o
    0x080045b0   0x080045b0   0x00000008   Code   RO         7182    i.SEGGER_PcDao_McuToUsartTransform  segger_dao.o
    0x080045b8   0x080045b8   0x00000068   Code   RO         7183    i.SEGGER_PcDao_Test256DataPrint  segger_dao.o
    0x08004620   0x08004620   0x00000054   Code   RO         7184    i.SEGGER_PcDao_UsartToMcuTransform  segger_dao.o
    0x08004674   0x08004674   0x00000060   Code   RO         7500    i.SEGGER_RTT_ConfigUpBuffer  segger_rtt.o
    0x080046d4   0x080046d4   0x00000004   Code   RO         7507    i.SEGGER_RTT_Init   segger_rtt.o
    0x080046d8   0x080046d8   0x00000018   Code   RO         7511    i.SEGGER_RTT_Read   segger_rtt.o
    0x080046f0   0x080046f0   0x00000090   Code   RO         7519    i.SEGGER_RTT_SetTerminal  segger_rtt.o
    0x08004780   0x08004780   0x0000006c   Code   RO         7525    i.SEGGER_RTT_WriteNoLock  segger_rtt.o
    0x080047ec   0x080047ec   0x00000016   Code   RO         7731    i.SEGGER_RTT_printf  segger_rtt_printf.o
    0x08004802   0x08004802   0x00000002   PAD
    0x08004804   0x08004804   0x00000094   Code   RO         7927    i.SEGGER_SYSVIEW_GetSysDesc  segger_sysview.o
    0x08004898   0x08004898   0x00000028   Code   RO         7941    i.SEGGER_SYSVIEW_OnIdle  segger_sysview.o
    0x080048c0   0x080048c0   0x0000004c   Code   RO         7943    i.SEGGER_SYSVIEW_OnTaskStartExec  segger_sysview.o
    0x0800490c   0x0800490c   0x00000034   Code   RO         7962    i.SEGGER_SYSVIEW_RecordSystime  segger_sysview.o
    0x08004940   0x08004940   0x0000001c   Code   RO         7978    i.SEGGER_SYSVIEW_SendModuleDescription  segger_sysview.o
    0x0800495c   0x0800495c   0x00000048   Code   RO         7979    i.SEGGER_SYSVIEW_SendNumModules  segger_sysview.o
    0x080049a4   0x080049a4   0x000000dc   Code   RO         7984    i.SEGGER_SYSVIEW_SendTaskInfo  segger_sysview.o
    0x08004a80   0x08004a80   0x00000018   Code   RO         7985    i.SEGGER_SYSVIEW_SendTaskList  segger_sysview.o
    0x08004a98   0x08004a98   0x00000048   Code   RO         7989    i.SEGGER_SYSVIEW_Start_Ex  segger_sysview.o
    0x08004ae0   0x08004ae0   0x0000000c   Code   RO         7875    i.SEGGER_SYSVIEW_X_GetTimestamp  segger_sysview_config_freertos.o
    0x08004aec   0x08004aec   0x00000068   Code   RO        15059    i.SYSTEM_i_print    frtos_printf.o
    0x08004b54   0x08004b54   0x00000080   Code   RO         7815    i.SYSVIEW_DeleteTask  segger_sysview_freertos.o
    0x08004bd4   0x08004bd4   0x00000030   Code   RO         7816    i.SYSVIEW_SendTaskInfo  segger_sysview_freertos.o
    0x08004c04   0x08004c04   0x00000080   Code   RO         7817    i.SYSVIEW_UpdateTask  segger_sysview_freertos.o
    0x08004c84   0x08004c84   0x00000030   Code   RO        13507    i.Software_Reset    sys_interrupt.o
    0x08004cb4   0x08004cb4   0x000000a0   Code   RO        10467    i.SystemClock_Config  main.o
    0x08004d54   0x08004d54   0x00000084   Code   RO           14    i.SystemInit        system_stm32h7xx.o
    0x08004dd8   0x08004dd8   0x0000004c   Code   RO        13608    i.TaskHandler       taskfun.o
    0x08004e24   0x08004e24   0x00000044   Code   RO        14267    i.TaskSemaConsumeCb  tasksema.o
    0x08004e68   0x08004e68   0x0000000c   Code   RO        16321    i.UART4_IRQHandler  shell_port.o
    0x08004e74   0x08004e74   0x00000024   Code   RO        11258    i.UART7_IRQHandler  bsp_usart_common_dma.o
    0x08004e98   0x08004e98   0x00000014   Code   RO        11263    i.UART_COMMON_DmaTxCpltProcess  bsp_usart_common_dma.o
    0x08004eac   0x08004eac   0x00000064   Code   RO        16591    i.UART_COMMON_Instance_SetSendCallback  bsp_usart_common_com485.o
    0x08004f10   0x08004f10   0x0000005e   Code   RO         6366    i.UART_CheckIdleState  stm32h7xx_hal_uart.o
    0x08004f6e   0x08004f6e   0x00000084   Code   RO        16594    i.UART_Common_GpioInit  bsp_usart_common_com485.o
    0x08004ff2   0x08004ff2   0x00000014   Code   RO         6367    i.UART_DMAAbortOnError  stm32h7xx_hal_uart.o
    0x08005006   0x08005006   0x0000000a   Code   RO         6375    i.UART_DMATxHalfCplt  stm32h7xx_hal_uart.o
    0x08005010   0x08005010   0x0000001c   Code   RO         6378    i.UART_EndTransmit_IT  stm32h7xx_hal_uart.o
    0x0800502c   0x0800502c   0x00000008   Code   RO        16761    i.UART_INST_SetSlaveCb  usart485_common_verify.o
    0x08005034   0x08005034   0x0000005c   Code   RO         6380    i.UART_RxISR_16BIT  stm32h7xx_hal_uart.o
    0x08005090   0x08005090   0x000000a0   Code   RO         6381    i.UART_RxISR_16BIT_FIFOEN  stm32h7xx_hal_uart.o
    0x08005130   0x08005130   0x00000038   Code   RO        16499    i.USART1_IRQHandler  bsp_usart_com485.o
    0x08005168   0x08005168   0x00000024   Code   RO        11264    i.USART2_IRQHandler  bsp_usart_common_dma.o
    0x0800518c   0x0800518c   0x00000200   Code   RO        11266    i.USART_COMMON_TX_RX_DMA_ConfigALL  bsp_usart_common_dma.o
    0x0800538c   0x0800538c   0x0000000e   Code   RO        12189    i.USART_Shell_ComDrvInit  bsp_usart_shell.o
    0x0800539a   0x0800539a   0x00000002   PAD
    0x0800539c   0x0800539c   0x00000018   Code   RO        12194    i.USART_Shell_UartDeInit  bsp_usart_shell.o
    0x080053b4   0x080053b4   0x000000b0   Code   RO        11271    i.USART_TX_RX_DMA_COMMON_Config  bsp_usart_common_dma.o
    0x08005464   0x08005464   0x0000001c   Code   RO        16600    i.USART_common_COM01_ClockEnable  bsp_usart_common_com485.o
    0x08005480   0x08005480   0x0000001c   Code   RO        16602    i.USART_common_COM03_ClockEnable  bsp_usart_common_com485.o
    0x0800549c   0x0800549c   0x0000001c   Code   RO        16604    i.USART_common_COM05_ClockEnable  bsp_usart_common_com485.o
    0x080054b8   0x080054b8   0x0000019c   Code   RO        16605    i.USART_common_COM485_UartInit  bsp_usart_common_com485.o
    0x08005654   0x08005654   0x00000010   Code   RO        11275    i.UartDmaTxComplete_COMMON_COM02_485SwitchRx  bsp_usart_common_dma.o
    0x08005664   0x08005664   0x00000010   Code   RO        11277    i.UartDmaTxComplete_COMMON_COM04_485SwitchRx  bsp_usart_common_dma.o
    0x08005674   0x08005674   0x00000010   Code   RO        11279    i.UartDmaTxPreStart_COMMON_COM01_485TxMode  bsp_usart_common_dma.o
    0x08005684   0x08005684   0x00000010   Code   RO        11281    i.UartDmaTxPreStart_COMMON_COM03_485TxMode  bsp_usart_common_dma.o
    0x08005694   0x08005694   0x00000010   Code   RO        11283    i.UartDmaTxPreStart_COMMON_COM05_485TxMode  bsp_usart_common_dma.o
    0x080056a4   0x080056a4   0x00000040   Code   RO        16606    i.UartRxPushToQueueCb  bsp_usart_common_com485.o
    0x080056e4   0x080056e4   0x00000058   Code   RO        16762    i.Usart485CommonComAppInit  usart485_common_verify.o
    0x0800573c   0x0800573c   0x00000074   Code   RO        11284    i.Usart_COMMON_DMA_SendFUN_ALL  bsp_usart_common_dma.o
    0x080057b0   0x080057b0   0x00000024   Code   RO        11285    i.Usart_SendDMA_COMMON_SaveFun  bsp_usart_common_dma.o
    0x080057d4   0x080057d4   0x00000092   Code   RO        11286    i.Usart_SendDMA_COMMON_SendFun  bsp_usart_common_dma.o
    0x08005866   0x08005866   0x00000002   PAD
    0x08005868   0x08005868   0x00000024   Code   RO        11158    i.Usart_SendDMA_SaveFun  bsp_usart_dma.o
    0x0800588c   0x0800588c   0x00000088   Code   RO        11159    i.Usart_SendDMA_SendFun  bsp_usart_dma.o
    0x08005914   0x08005914   0x0000000c   Code   RO        11160    i.Usart_SendFUN_ALL  bsp_usart_dma.o
    0x08005920   0x08005920   0x0000001e   Code   RO        11287    i.Wrapper_U485ComSendAllFunc  bsp_usart_common_dma.o
    0x0800593e   0x0800593e   0x00000034   Code   RO         8018    i._EncodeStr        segger_sysview.o
    0x08005972   0x08005972   0x00000002   PAD
    0x08005974   0x08005974   0x00000094   Code   RO         8019    i._HandleIncomingPacket  segger_sysview.o
    0x08005a08   0x08005a08   0x000000d8   Code   RO         7734    i._PrintUnsigned    segger_rtt_printf.o
    0x08005ae0   0x08005ae0   0x00000024   Code   RO         8027    i._SendStartEvent   segger_sysview.o
    0x08005b04   0x08005b04   0x0000003e   Code   RO         7735    i._StoreChar        segger_rtt_printf.o
    0x08005b42   0x08005b42   0x0000005c   Code   RO         7532    i._WriteBlocking    segger_rtt.o
    0x08005b9e   0x08005b9e   0x00000044   Code   RO         7533    i._WriteNoCheck     segger_rtt.o
    0x08005be2   0x08005be2   0x00000002   PAD
    0x08005be4   0x08005be4   0x00000020   Code   RO        17435    i.__0printf         mc_w.l(printfa.o)
    0x08005c04   0x08005c04   0x00000030   Code   RO        17436    i.__0snprintf       mc_w.l(printfa.o)
    0x08005c34   0x08005c34   0x00000010   Code   RO        17439    i.__0vprintf        mc_w.l(printfa.o)
    0x08005c44   0x08005c44   0x00000008   Code   RO        17516    i.__aeabi_errno_addr  mc_w.l(errno.o)
    0x08005c4c   0x08005c4c   0x0000000e   Code   RO        17548    i.__scatterload_copy  mc_w.l(handlers.o)
    0x08005c5a   0x08005c5a   0x00000002   Code   RO        17549    i.__scatterload_null  mc_w.l(handlers.o)
    0x08005c5c   0x08005c5c   0x0000000e   Code   RO        17550    i.__scatterload_zeroinit  mc_w.l(handlers.o)
    0x08005c6a   0x08005c6a   0x00000002   PAD
    0x08005c6c   0x08005c6c   0x000006dc   Code   RO        17443    i._printf_core      mc_w.l(printfa.o)
    0x08006348   0x08006348   0x00000024   Code   RO        17444    i._printf_post_padding  mc_w.l(printfa.o)
    0x0800636c   0x0800636c   0x0000002e   Code   RO        17445    i._printf_pre_padding  mc_w.l(printfa.o)
    0x0800639a   0x0800639a   0x00000016   Code   RO        17446    i._snputc           mc_w.l(printfa.o)
    0x080063b0   0x080063b0   0x00000020   Code   RO        16416    i.agencylogHexDump  log.o
    0x080063d0   0x080063d0   0x00000004   Code   RO        13689    i.calculate_TASK_NUM_MAX  taskfun_outer.o
    0x080063d4   0x080063d4   0x00000034   Code   RO        14795    i.crc_16            data_verification.o
    0x08006408   0x08006408   0x0000003c   Code   RO        15617    i.easylogger_init   elog_port.o
    0x08006444   0x08006444   0x00000108   Code   RO        15402    i.elog_get_filter_tag_lvl  elog.o
    0x0800654c   0x0800654c   0x00000040   Code   RO        15406    i.elog_init         elog.o
    0x0800658c   0x0800658c   0x00000024   Code   RO        15410    i.elog_output_unlock  elog.o
    0x080065b0   0x080065b0   0x00000010   Code   RO        15619    i.elog_port_get_p_info  elog_port.o
    0x080065c0   0x080065c0   0x00000004   Code   RO        15622    i.elog_port_init    elog_port.o
    0x080065c4   0x080065c4   0x00000004   Code   RO        15625    i.elog_port_output_unlock  elog_port.o
    0x080065c8   0x080065c8   0x00000010   Code   RO        15413    i.elog_set_filter_kw  elog.o
    0x080065d8   0x080065d8   0x000000c8   Code   RO        15414    i.elog_set_filter_lvl  elog.o
    0x080066a0   0x080066a0   0x000000d0   Code   RO        15418    i.elog_set_fmt      elog.o
    0x08006770   0x08006770   0x0000000c   Code   RO        15420    i.elog_set_text_color_enabled  elog.o
    0x0800677c   0x0800677c   0x00000050   Code   RO        17463    i.free              mc_w.l(malloc.o)
    0x080067cc   0x080067cc   0x000000dc   Code   RO        15423    i.get_fmt_enabled   elog.o
    0x080068a8   0x080068a8   0x00000014   Code   RO        15425    i.get_fmt_used_and_enabled_u32  elog.o
    0x080068bc   0x080068bc   0x00000026   Code   RO        14826    i.isNumericString   w_string.o
    0x080068e2   0x080068e2   0x0000001a   Code   RO        15171    i.is_uart_configured  hal_ext_uart.o
    0x080068fc   0x080068fc   0x0000009c   Code   RO        15722    i.l_delete          letter_shell_rtos_cmd.o
    0x08006998   0x08006998   0x000000a4   Code   RO        15723    i.l_filterElogLever  letter_shell_rtos_cmd.o
    0x08006a3c   0x08006a3c   0x00000058   Code   RO        15724    i.l_fllk            letter_shell_rtos_cmd.o
    0x08006a94   0x08006a94   0x00000054   Code   RO        15725    i.l_fllt            letter_shell_rtos_cmd.o
    0x08006ae8   0x08006ae8   0x0000011c   Code   RO        15689    i.l_log             letter_shell_noos_cmd.o
    0x08006c04   0x08006c04   0x0000002c   Code   RO        15726    i.l_mem             letter_shell_rtos_cmd.o
    0x08006c30   0x08006c30   0x0000001c   Code   RO        15690    i.l_print           letter_shell_noos_cmd.o
    0x08006c4c   0x08006c4c   0x000000b0   Code   RO        15727    i.l_pti             letter_shell_rtos_cmd.o
    0x08006cfc   0x08006cfc   0x000000d0   Code   RO        15729    i.l_resume          letter_shell_rtos_cmd.o
    0x08006dcc   0x08006dcc   0x00000024   Code   RO        16323    i.letter_Shell_NoOsWhileTask  shell_port.o
    0x08006df0   0x08006df0   0x0000017c   Code   RO        16418    i.logHexDump        log.o
    0x08006f6c   0x08006f6c   0x00000034   Code   RO        16419    i.logRegister       log.o
    0x08006fa0   0x08006fa0   0x000000a8   Code   RO        16420    i.logSetLevel       log.o
    0x08007048   0x08007048   0x00000044   Code   RO        16421    i.logSwitchLevel    log.o
    0x0800708c   0x0800708c   0x0000003c   Code   RO        16423    i.logWrite          log.o
    0x080070c8   0x080070c8   0x000001ac   Code   RO        13283    i.mock_sample_task_entry  busi_test.o
    0x08007274   0x08007274   0x00000094   Code   RO        11730    i.mpu_init          bsp_mpu.o
    0x08007308   0x08007308   0x00000010   Code   RO        10696    i.p_cbIsEmpty       p_data_queue.o
    0x08007318   0x08007318   0x00000014   Code   RO        10697    i.p_cbIsFull        p_data_queue.o
    0x0800732c   0x0800732c   0x00000030   Code   RO        10698    i.p_cbRead          p_data_queue.o
    0x0800735c   0x0800735c   0x0000001a   Code   RO        10699    i.p_cbReadFinish    p_data_queue.o
    0x08007376   0x08007376   0x00000002   PAD
    0x08007378   0x08007378   0x00000070   Code   RO         9622    i.prvAddCurrentTaskToDelayedList  tasks.o
    0x080073e8   0x080073e8   0x0000006e   Code   RO         9232    i.prvCopyDataToQueue  queue.o
    0x08007456   0x08007456   0x00000014   Code   RO         9625    i.prvDeleteTCB      tasks.o
    0x0800746a   0x0800746a   0x00000002   PAD
    0x0800746c   0x0800746c   0x0000004c   Code   RO         9041    i.prvHeapInit       heap_4.o
    0x080074b8   0x080074b8   0x00000096   Code   RO         9627    i.prvInitialiseNewTask  tasks.o
    0x0800754e   0x0800754e   0x00000002   PAD
    0x08007550   0x08007550   0x00000058   Code   RO         9628    i.prvInitialiseTaskLists  tasks.o
    0x080075a8   0x080075a8   0x00000054   Code   RO         9042    i.prvInsertBlockIntoFreeList  heap_4.o
    0x080075fc   0x080075fc   0x0000001e   Code   RO         9237    i.prvIsQueueFull    queue.o
    0x0800761a   0x0800761a   0x0000005c   Code   RO         9238    i.prvNotifyQueueSetContainer  queue.o
    0x08007676   0x08007676   0x00000010   Code   RO        10023    i.prvTaskExitError  port.o
    0x08007686   0x08007686   0x00000002   PAD
    0x08007688   0x08007688   0x00000020   Code   RO         9633    i.prvTaskIsTaskSuspended  tasks.o
    0x080076a8   0x080076a8   0x0000007c   Code   RO         9239    i.prvUnlockQueue    queue.o
    0x08007724   0x08007724   0x00000024   Code   RO         9634    i.prvWriteNameToBuffer  tasks.o
    0x08007748   0x08007748   0x00000018   Code   RO         9635    i.pvTaskIncrementMutexHeldCount  tasks.o
    0x08007760   0x08007760   0x00000080   Code   RO        10325    i.rds               user_testtask.o
    0x080077e0   0x080077e0   0x00000006   Code   RO        15826    i.shellBackspace    shell.o
    0x080077e6   0x080077e6   0x00000032   Code   RO        15828    i.shellCheckPermission  shell.o
    0x08007818   0x08007818   0x00000008   Code   RO        15832    i.shellDelete       shell.o
    0x08007820   0x08007820   0x0000001c   Code   RO        15834    i.shellDeleteCommandLine  shell.o
    0x0800783c   0x0800783c   0x00000016   Code   RO        15836    i.shellEnter        shell.o
    0x08007852   0x08007852   0x00000002   PAD
    0x08007854   0x08007854   0x00000074   Code   RO        15837    i.shellExec         shell.o
    0x080078c8   0x080078c8   0x00000044   Code   RO        16268    i.shellExtParseChar  shell_ext.o
    0x0800790c   0x0800790c   0x000000c2   Code   RO        16269    i.shellExtParseNumber  shell_ext.o
    0x080079ce   0x080079ce   0x00000066   Code   RO        16270    i.shellExtParsePara  shell_ext.o
    0x08007a34   0x08007a34   0x00000046   Code   RO        16271    i.shellExtParseString  shell_ext.o
    0x08007a7a   0x08007a7a   0x00000028   Code   RO        16272    i.shellExtParseVar  shell_ext.o
    0x08007aa2   0x08007aa2   0x000000c8   Code   RO        16273    i.shellExtRun       shell_ext.o
    0x08007b6a   0x08007b6a   0x0000000a   Code   RO        15838    i.shellGetCommandDesc  shell.o
    0x08007b74   0x08007b74   0x00000040   Code   RO        15839    i.shellGetCommandName  shell.o
    0x08007bb4   0x08007bb4   0x00000028   Code   RO        15840    i.shellGetCurrent   shell.o
    0x08007bdc   0x08007bdc   0x0000006c   Code   RO        15845    i.shellHistoryAdd   shell.o
    0x08007c48   0x08007c48   0x000000d8   Code   RO        15847    i.shellInsertByte   shell.o
    0x08007d20   0x08007d20   0x00000014   Code   RO        15848    i.shellKeys         shell.o
    0x08007d34   0x08007d34   0x0000004c   Code   RO        15851    i.shellListCommand  shell.o
    0x08007d80   0x08007d80   0x00000050   Code   RO        15854    i.shellListUser     shell.o
    0x08007dd0   0x08007dd0   0x0000001a   Code   RO        15857    i.shellParserParam  shell.o
    0x08007dea   0x08007dea   0x00000002   PAD
    0x08007dec   0x08007dec   0x00000060   Code   RO        15865    i.shellSetUser      shell.o
    0x08007e4c   0x08007e4c   0x00000064   Code   RO        15866    i.shellSetVar       shell.o
    0x08007eb0   0x08007eb0   0x000000bc   Code   RO        15868    i.shellShowVar      shell.o
    0x08007f6c   0x08007f6c   0x000000e4   Code   RO        15869    i.shellSplit        shell.o
    0x08008050   0x08008050   0x00000018   Code   RO        15871    i.shellStringCopy   shell.o
    0x08008068   0x08008068   0x000000fc   Code   RO        15872    i.shellTab          shell.o
    0x08008164   0x08008164   0x0000002a   Code   RO        15875    i.shellToHex        shell.o
    0x0800818e   0x0800818e   0x00000014   Code   RO        15878    i.shellVars         shell.o
    0x080081a2   0x080081a2   0x00000002   PAD
    0x080081a4   0x080081a4   0x00000060   Code   RO        15882    i.shellWriteEndLine  shell.o
    0x08008204   0x08008204   0x00000088   Code   RO        15884    i.shellWriteReturnValue  shell.o
    0x0800828c   0x0800828c   0x00000028   Code   RO        15885    i.shellWriteString  shell.o
    0x080082b4   0x080082b4   0x00000034   Code   RO        17089    i.stop_machine      usart_485_sendmethod.o
    0x080082e8   0x080082e8   0x0000011c   Code   RO        15173    i.uart_debug_checkerror  hal_ext_uart.o
    0x08008404   0x08008404   0x000003c8   Code   RO        15174    i.uart_debug_dump   hal_ext_uart.o
    0x080087cc   0x080087cc   0x00000018   Code   RO        15103    i.uart_debug_error  task_check.o
    0x080087e4   0x080087e4   0x0000000c   Code   RO        15104    i.uart_debug_fixerror  task_check.o
    0x080087f0   0x080087f0   0x00000038   Code   RO        16327    i.userShellRead     shell_port.o
    0x08008828   0x08008828   0x00000026   Code   RO         9194    i.uxListRemove      list.o
    0x0800884e   0x0800884e   0x00000002   PAD
    0x08008850   0x08008850   0x000000ac   Code   RO         9640    i.uxTaskGetSystemState  tasks.o
    0x080088fc   0x080088fc   0x0000014c   Code   RO        14974    i.vApplicationStackOverflowHook  hook_mem.o
    0x08008a48   0x08008a48   0x00000002   Code   RO        10100    i.vApplicationTickHook  freerotspro.o
    0x08008a4a   0x08008a4a   0x00000006   Code   RO         9196    i.vListInitialiseItem  list.o
    0x08008a50   0x08008a50   0x00000030   Code   RO         9197    i.vListInsert       list.o
    0x08008a80   0x08008a80   0x0000001c   Code   RO        10026    i.vPortEnterCritical  port.o
    0x08008a9c   0x08008a9c   0x00000044   Code   RO         9044    i.vPortFree         heap_4.o
    0x08008ae0   0x08008ae0   0x00000088   Code   RO        14976    i.vPrintStack_TaskCreationResult  hook_mem.o
    0x08008b68   0x08008b68   0x0000003c   Code   RO         9645    i.vTaskDelay        tasks.o
    0x08008ba4   0x08008ba4   0x000000c0   Code   RO         9647    i.vTaskDelete       tasks.o
    0x08008c64   0x08008c64   0x00000074   Code   RO         9649    i.vTaskGetInfo      tasks.o
    0x08008cd8   0x08008cd8   0x00000010   Code   RO         9650    i.vTaskInternalSetTimeOutState  tasks.o
    0x08008ce8   0x08008ce8   0x000000e8   Code   RO         9657    i.vTaskPrioritySet  tasks.o
    0x08008dd0   0x08008dd0   0x00000084   Code   RO         9659    i.vTaskResume       tasks.o
    0x08008e54   0x08008e54   0x0000000c   Code   RO         9048    i.xPortGetMinimumEverFreeHeapSize  heap_4.o
    0x08008e60   0x08008e60   0x00000184   Code   RO         9268    i.xQueueSemaphoreTake  queue.o
    0x08008fe4   0x08008fe4   0x00000060   Code   RO         9668    i.xTaskCreate       tasks.o
    0x08009044   0x08009044   0x0000000c   Code   RO         9674    i.xTaskGetTickCount  tasks.o
    0x08009050   0x08009050   0x000000a4   Code   RO         9680    i.xTaskPriorityInherit  tasks.o
    0x080090f4   0x080090f4   0x00000070   Code   RO         9681    i.xTaskRemoveFromEventList  tasks.o
    0x08009164   0x08009164   0x000000bc   Code   RO         9682    i.xTaskResumeAll    tasks.o
    0x08009220   0x08009220   0x00000010   Data   RO         7736    .constdata          segger_rtt_printf.o
    0x08009230   0x08009230   0x0000001a   Data   RO         8033    .constdata          segger_sysview.o
    0x0800924a   0x0800924a   0x00000011   Data   RO        10330    .constdata          user_testtask.o
    0x0800925b   0x0800925b   0x00000001   PAD
    0x0800925c   0x0800925c   0x00000010   Data   RO        11587    .constdata          factory_iic.o
    0x0800926c   0x0800926c   0x00000200   Data   RO        14796    .constdata          data_verification.o
    0x0800946c   0x0800946c   0x000000e2   Data   RO        15427    .constdata          elog.o
    0x0800954e   0x0800954e   0x00000023   Data   RO        15592    .constdata          elog_utils.o
    0x08009571   0x08009571   0x00000006   Data   RO        15691    .constdata          letter_shell_noos_cmd.o
    0x08009577   0x08009577   0x00000009   Data   RO        15692    .constdata          letter_shell_noos_cmd.o
    0x08009580   0x08009580   0x00000008   Data   RO        15693    .constdata          letter_shell_noos_cmd.o
    0x08009588   0x08009588   0x00000004   Data   RO        15734    .constdata          letter_shell_rtos_cmd.o
    0x0800958c   0x0800958c   0x0000000f   Data   RO        15739    .constdata          letter_shell_rtos_cmd.o
    0x0800959b   0x0800959b   0x0000000e   Data   RO        15743    .constdata          letter_shell_rtos_cmd.o
    0x080095a9   0x080095a9   0x0000000c   Data   RO        15744    .constdata          letter_shell_rtos_cmd.o
    0x080095b5   0x080095b5   0x00000014   Data   RO        15745    .constdata          letter_shell_rtos_cmd.o
    0x080095c9   0x080095c9   0x00000004   Data   RO        15746    .constdata          letter_shell_rtos_cmd.o
    0x080095cd   0x080095cd   0x00000010   Data   RO        15749    .constdata          letter_shell_rtos_cmd.o
    0x080095dd   0x080095dd   0x00000004   Data   RO        15750    .constdata          letter_shell_rtos_cmd.o
    0x080095e1   0x080095e1   0x00000007   Data   RO        15887    .constdata          shell.o
    0x080095e8   0x080095e8   0x00000001   Data   RO        15888    .constdata          shell.o
    0x080095e9   0x080095e9   0x0000000d   Data   RO        15889    .constdata          shell.o
    0x080095f6   0x080095f6   0x00000008   Data   RO        15891    .constdata          shell.o
    0x080095fe   0x080095fe   0x00000005   Data   RO        15893    .constdata          shell.o
    0x08009603   0x08009603   0x00000006   Data   RO        15894    .constdata          shell.o
    0x08009609   0x08009609   0x00000004   Data   RO        15896    .constdata          shell.o
    0x0800960d   0x0800960d   0x0000000a   Data   RO        15898    .constdata          shell.o
    0x08009617   0x08009617   0x00000007   Data   RO        15899    .constdata          shell.o
    0x0800961e   0x0800961e   0x00000006   Data   RO        15901    .constdata          shell.o
    0x08009624   0x08009624   0x00000005   Data   RO        15902    .constdata          shell.o
    0x08009629   0x08009629   0x0000001e   Data   RO        15903    .constdata          shell.o
    0x08009647   0x08009647   0x00000005   Data   RO        15908    .constdata          shell.o
    0x0800964c   0x0800964c   0x0000000d   Data   RO        15909    .constdata          shell.o
    0x08009659   0x08009659   0x00000006   Data   RO        15912    .constdata          shell.o
    0x0800965f   0x0800965f   0x0000000e   Data   RO        15913    .constdata          shell.o
    0x0800966d   0x0800966d   0x00000011   Data   RO        16430    .constdata          log.o
    0x0800967e   0x0800967e   0x0000000c   Data   RO        16431    .constdata          log.o
    0x0800968a   0x0800968a   0x00000003   Data   RO        17090    .constdata          usart_485_sendmethod.o
    0x0800968d   0x0800968d   0x00000007   Data   RO        17093    .constdata          usart_485_sendmethod.o
    0x08009694   0x08009694   0x00000004   Data   RO        17145    .constdata          mc_w.l(ctype_o.o)
    0x08009698   0x08009698   0x000000d9   Data   RO         7775    .conststring        segger_toolkit.o
    0x08009771   0x08009771   0x00000003   PAD
    0x08009774   0x08009774   0x00000050   Data   RO         7822    .conststring        segger_sysview_freertos.o
    0x080097c4   0x080097c4   0x00000042   Data   RO        10522    .conststring        sys_init_all.o
    0x08009806   0x08009806   0x00000002   PAD
    0x08009808   0x08009808   0x00000089   Data   RO        14984    .conststring        hook_mem.o
    0x08009891   0x08009891   0x00000003   PAD
    0x08009894   0x08009894   0x0000020b   Data   RO        15175    .conststring        hal_ext_uart.o
    0x08009a9f   0x08009a9f   0x00000001   PAD
    0x08009aa0   0x08009aa0   0x000002a1   Data   RO        15914    .conststring        shell.o
    0x08009d41   0x08009d41   0x00000003   PAD
    0x08009d44   0x08009d44   0x00000048   Data   RO        16432    .conststring        log.o
    0x08009d8c   0x08009d8c   0x00000042   Data   RO        16620    .conststring        bsp_usart_common_com485.o
    0x08009dce   0x08009dce   0x00000002   PAD
    0x08009dd0   0x08009dd0   0x00000020   Data   RO        17546    Region$$Table       anon$$obj.o


    Execution Region RW_IRAM1 (Exec base: 0x20000000, Load base: 0x08009df0, Size: 0x00000000, Max: 0x00020000, ABSOLUTE)

    **** No section assigned to this execution region ****


    Execution Region RW_IRAM2 (Exec base: 0x24000000, Load base: 0x08009df0, Size: 0x00027440, Max: 0x00080000, ABSOLUTE, COMPRESSED[0x0000019c])

    Exec Addr    Load Addr    Size         Type   Attr      Idx    E Section Name        Object

    0x24000000   COMPRESSED   0x00000004   Data   RW           16    .data               system_stm32h7xx.o
    0x24000004   COMPRESSED   0x00000004   Data   RW           17    .data               system_stm32h7xx.o
    0x24000008   COMPRESSED   0x0000000c   Data   RW          246    .data               stm32h7xx_hal.o
    0x24000014   COMPRESSED   0x00000004   Data   RW         7185    .data               segger_dao.o
    0x24000018   COMPRESSED   0x00000001   Data   RW         7536    .data               segger_rtt.o
    0x24000019   COMPRESSED   0x00000003   PAD
    0x2400001c   COMPRESSED   0x00000004   Data   RW         7823    .data               segger_sysview_freertos.o
    0x24000020   COMPRESSED   0x00000028   Data   RW         8036    .data               segger_sysview.o
    0x24000048   COMPRESSED   0x00000020   Data   RW         9050    .data               heap_4.o
    0x24000068   COMPRESSED   0x0000003c   Data   RW         9685    .data               tasks.o
    0x240000a4   COMPRESSED   0x00000004   Data   RW        10031    .data               port.o
    0x240000a8   COMPRESSED   0x00000004   Data   RW        10278    .data               user_task_1.o
    0x240000ac   COMPRESSED   0x00000038   Data   RW        10828    .data               p_data_queue_outer.o
    0x240000e4   COMPRESSED   0x00000050   Data   RW        11163    .data               bsp_usart_dma.o
    0x24000134   COMPRESSED   0x000001ac   Data   RW        11294    .data               bsp_usart_common_dma.o
    0x240002e0   COMPRESSED   0x00000004   Data   RW        11589    .data               factory_iic.o
    0x240002e4   COMPRESSED   0x00000002   Data   RW        12873    .data               gt9xx.o
    0x240002e6   COMPRESSED   0x00000002   PAD
    0x240002e8   COMPRESSED   0x00000008   Data   RW        13289    .data               busi_test.o
    0x240002f0   COMPRESSED   0x0000000c   Data   RW        13337    .data               bsp_systime.o
    0x240002fc   COMPRESSED   0x00000004   PAD
    0x24000300   COMPRESSED   0x00000008   Data   RW        13554    .data               systick.o
    0x24000308   COMPRESSED   0x00000008   Data   RW        13610    .data               taskfun.o
    0x24000310   COMPRESSED   0x000000a8   Data   RW        13691    .data               taskfun_outer.o
    0x240003b8   COMPRESSED   0x00000002   Data   RW        13692    .data               taskfun_outer.o
    0x240003ba   COMPRESSED   0x00000001   Data   RW        14270    .data               tasksema.o
    0x240003bb   COMPRESSED   0x00000001   PAD
    0x240003bc   COMPRESSED   0x00000048   Data   RW        14342    .data               tasksemafun_outer.o
    0x24000404   COMPRESSED   0x00000002   Data   RW        14343    .data               tasksemafun_outer.o
    0x24000406   COMPRESSED   0x00000002   PAD
    0x24000408   COMPRESSED   0x00000014   Data   RW        14985    .data               hook_mem.o
    0x2400041c   COMPRESSED   0x00000001   Data   RW        15063    .data               frtos_printf.o
    0x2400041d   COMPRESSED   0x00000003   PAD
    0x24000420   COMPRESSED   0x00000034   Data   RW        15429    .data               elog.o
    0x24000454   COMPRESSED   0x00000018   Data   RW        15753    .data               letter_shell_rtos_cmd.o
    0x2400046c   COMPRESSED   0x00000058   Data   RW        15915    .data               shell.o
    0x240004c4   COMPRESSED   0x00000020   Data   RW        16333    .data               shell_port.o
    0x240004e4   COMPRESSED   0x00000018   Data   RW        16510    .data               bsp_usart_com485.o
    0x240004fc   COMPRESSED   0x000000f4   Data   RW        16621    .data               bsp_usart_common_com485.o
    0x240005f0   COMPRESSED   0x00000002   Data   RW        16955    .data               gv_variable.o
    0x240005f2   COMPRESSED   0x00000002   Data   RW        16956    .data               gv_variable.o
    0x240005f4   COMPRESSED   0x00000008   Data   RW        16957    .data               gv_variable.o
    0x240005fc   COMPRESSED   0x00000008   Data   RW        16958    .data               gv_variable.o
    0x24000604   COMPRESSED   0x00000008   Data   RW        16960    .data               gv_variable.o
    0x2400060c   COMPRESSED   0x00000001   Data   RW        16961    .data               gv_variable.o
    0x2400060d   COMPRESSED   0x00000001   Data   RW        16962    .data               gv_variable.o
    0x2400060e   COMPRESSED   0x00000002   PAD
    0x24000610   COMPRESSED   0x00000004   Data   RW        17507    .data               mc_w.l(stdout.o)
    0x24000614   COMPRESSED   0x00000004   Data   RW        17514    .data               mc_w.l(mvars.o)
    0x24000618   COMPRESSED   0x00000004   Data   RW        17515    .data               mc_w.l(mvars.o)
    0x2400061c   COMPRESSED   0x00000004   Data   RW        17519    .data               mc_w.l(errno.o)
    0x24000620        -       0x00000ce4   Zero   RW         7534    .bss                segger_rtt.o
    0x24001304        -       0x000000a0   Zero   RW         7820    .bss                segger_sysview_freertos.o
    0x240013a4   COMPRESSED   0x0000001c   PAD
    0x240013c0        -       0x00000513   Zero   RW         8032    .bss                segger_sysview.o
    0x240018d3        -       0x00020000   Zero   RW         9049    .bss                heap_4.o
    0x240218d3   COMPRESSED   0x00000001   PAD
    0x240218d4        -       0x000002e4   Zero   RW         9684    .bss                tasks.o
    0x24021bb8        -       0x000007fc   Zero   RW        10823    .bss                p_data_queue_outer.o
    0x240223b4        -       0x00000636   Zero   RW        11289    .bss                bsp_usart_common_dma.o
    0x240229ea   COMPRESSED   0x00000002   PAD
    0x240229ec        -       0x0000004c   Zero   RW        11788    .bss                user_buffers.o
    0x24022a38        -       0x0000008c   Zero   RW        12198    .bss                bsp_usart_shell.o
    0x24022ac4        -       0x0000004c   Zero   RW        12270    .bss                bsp_iic.o
    0x24022b10        -       0x000001dc   Zero   RW        12459    .bss                bsp_lcd.o
    0x24022cec        -       0x00000050   Zero   RW        13258    .bss                business.o
    0x24022d3c        -       0x00000014   Zero   RW        14723    .bss                data_random.o
    0x24022d50        -       0x00000100   Zero   RW        15061    .bss                frtos_printf.o
    0x24022e50        -       0x000004f8   Zero   RW        15426    .bss                elog.o
    0x24023348        -       0x0000001d   Zero   RW        15886    .bss                shell.o
    0x24023365   COMPRESSED   0x00000003   PAD
    0x24023368        -       0x00000270   Zero   RW        16330    .bss                shell_port.o
    0x240235d8        -       0x00000214   Zero   RW        16425    .bss                log.o
    0x240237ec        -       0x0000008c   Zero   RW        16508    .bss                bsp_usart_com485.o
    0x24023878        -       0x0000008c   Zero   RW        16608    .bss                bsp_usart_common_com485.o
    0x24023904        -       0x0000008c   Zero   RW        16609    .bss                bsp_usart_common_com485.o
    0x24023990        -       0x0000008c   Zero   RW        16610    .bss                bsp_usart_common_com485.o
    0x24023a1c        -       0x0000008c   Zero   RW        16611    .bss                bsp_usart_common_com485.o
    0x24023aa8        -       0x0000008c   Zero   RW        16612    .bss                bsp_usart_common_com485.o
    0x24023b34        -       0x0000007e   Zero   RW        16614    .bss                bsp_usart_common_com485.o
    0x24023bb2        -       0x0000007e   Zero   RW        16615    .bss                bsp_usart_common_com485.o
    0x24023c30        -       0x0000007e   Zero   RW        16616    .bss                bsp_usart_common_com485.o
    0x24023cae        -       0x0000007e   Zero   RW        16617    .bss                bsp_usart_common_com485.o
    0x24023d2c        -       0x0000007e   Zero   RW        16618    .bss                bsp_usart_common_com485.o
    0x24023daa   COMPRESSED   0x00000006   PAD
    0x24023db0        -       0x00000090   Zero   RW        16954    .bss                gv_variable.o
    0x24023e40        -       0x00001200   Zero   RW            2    HEAP                startup_stm32h743xx.o
    0x24025040        -       0x00002400   Zero   RW            1    STACK               startup_stm32h743xx.o



  Load Region LR_IROM2 (Base: 0x08100000, Size: 0x00009dc4, Max: 0x00100000, ABSOLUTE)

    Execution Region ER_IROM2 (Exec base: 0x08100000, Load base: 0x08100000, Size: 0x00009dc4, Max: 0x00100000, ABSOLUTE)

    Exec Addr    Load Addr    Size         Type   Attr      Idx    E Section Name        Object

    0x08100000   0x08100000   0x00000024   Code   RO            4    .text               startup_stm32h743xx.o
    0x08100024   0x08100024   0x00000008   Code   RO        17143    .text               mc_w.l(ctype_o.o)
    0x0810002c   0x0810002c   0x00000040   Code   RO        17176    .text               mc_w.l(memmovea.o)
    0x0810006c   0x0810006c   0x00000024   Code   RO        17180    .text               mc_w.l(strstr.o)
    0x08100090   0x08100090   0x00000018   Code   RO        17182    .text               mc_w.l(strncpy.o)
    0x081000a8   0x081000a8   0x0000000e   Code   RO        17184    .text               mc_w.l(strlen.o)
    0x081000b6   0x081000b6   0x0000001c   Code   RO        17186    .text               mc_w.l(strcmp.o)
    0x081000d2   0x081000d2   0x0000001a   Code   RO        17491    .text               mc_w.l(atoi.o)
    0x081000ec   0x081000ec   0x0000001e   Code   RO        17510    .text               mc_w.l(llshl.o)
    0x0810010a   0x0810010a   0x00000020   Code   RO        17512    .text               mc_w.l(llushr.o)
    0x0810012a   0x0810012a   0x00000070   Code   RO        17523    .text               mc_w.l(strtol.o)
    0x0810019a   0x0810019a   0x00000000   Code   RO        17525    .text               mc_w.l(iusefp.o)
    0x0810019a   0x0810019a   0x0000014e   Code   RO        17526    .text               mf_w.l(dadd.o)
    0x081002e8   0x081002e8   0x000000e4   Code   RO        17528    .text               mf_w.l(dmul.o)
    0x081003cc   0x081003cc   0x000000de   Code   RO        17530    .text               mf_w.l(ddiv.o)
    0x081004aa   0x081004aa   0x00000030   Code   RO        17532    .text               mf_w.l(dfixul.o)
    0x081004da   0x081004da   0x00000024   Code   RO        17538    .text               mc_w.l(llsshr.o)
    0x081004fe   0x081004fe   0x000000ba   Code   RO        17542    .text               mf_w.l(depilogue.o)
    0x081005b8   0x081005b8   0x00000056   Code   RO        17554    .text               mc_w.l(__dczerorl2.o)
    0x0810060e   0x0810060e   0x00000002   PAD
    0x08100610   0x08100610   0x00000340   Code   RO        10518    i.ALL_Init_cfg      sys_init_all.o
    0x08100950   0x08100950   0x00000036   Code   RO        14538    i.AsciiRemoveSpace02  data_convert.o
    0x08100986   0x08100986   0x0000006e   Code   RO        14539    i.AsciiToHex        data_convert.o
    0x081009f4   0x081009f4   0x00000008   Code   RO        10519    i.BSP_GetVersion    sys_init_all.o
    0x081009fc   0x081009fc   0x00000058   Code   RO        11727    i.BSP_MPU_ConfigRegion  bsp_mpu.o
    0x08100a54   0x08100a54   0x00000080   Code   RO        11728    i.Board_MPU_Config  bsp_mpu.o
    0x08100ad4   0x08100ad4   0x00000158   Code   RO        16757    i.COM02_frame_process  usart485_common_verify.o
    0x08100c2c   0x08100c2c   0x00000158   Code   RO        16759    i.COM04_frame_process  usart485_common_verify.o
    0x08100d84   0x08100d84   0x0000002c   Code   RO        16585    i.COM485_COM02_GpioClockEnable  bsp_usart_common_com485.o
    0x08100db0   0x08100db0   0x0000002c   Code   RO        16587    i.COM485_COM04_GpioClockEnable  bsp_usart_common_com485.o
    0x08100ddc   0x08100ddc   0x0000000c   Code   RO        11243    i.DMA1_Stream1_IRQHandler  bsp_usart_common_dma.o
    0x08100de8   0x08100de8   0x0000000c   Code   RO        11245    i.DMA1_Stream3_IRQHandler  bsp_usart_common_dma.o
    0x08100df4   0x08100df4   0x0000000c   Code   RO        11247    i.DMA1_Stream5_IRQHandler  bsp_usart_common_dma.o
    0x08100e00   0x08100e00   0x0000000c   Code   RO        11249    i.DMA2_Stream2_IRQHandler  bsp_usart_common_dma.o
    0x08100e0c   0x08100e0c   0x0000000c   Code   RO        11251    i.DMA2_Stream4_IRQHandler  bsp_usart_common_dma.o
    0x08100e18   0x08100e18   0x000000a0   Code   RO          892    i.DMA_CalcDMAMUXChannelBaseAndMask  stm32h7xx_hal_dma.o
    0x08100eb8   0x08100eb8   0x00000140   Code   RO          895    i.DMA_SetConfig     stm32h7xx_hal_dma.o
    0x08100ff8   0x08100ff8   0x00000034   Code   RO        13429    i.DWT_Delay_us      sys_dwt.o
    0x0810102c   0x0810102c   0x00000030   Code   RO        13430    i.DWT_Init          sys_dwt.o
    0x0810105c   0x0810105c   0x00000002   Code   RO        10637    i.DebugMon_Handler  stm32h7xx_it.o
    0x0810105e   0x0810105e   0x00000006   Code   RO        11830    i.EXTI15_10_IRQHandler  bsp_io_input.o
    0x08101064   0x08101064   0x00000006   Code   RO        11832    i.EXTI2_IRQHandler  bsp_io_input.o
    0x0810106a   0x0810106a   0x00000002   PAD
    0x0810106c   0x0810106c   0x0000001c   Code   RO        11913    i.FAN01_BOARD_ClkEnable  bsp_io_output.o
    0x08101088   0x08101088   0x0000001c   Code   RO        11915    i.FAN03_BOARD_ClkEnable  bsp_io_output.o
    0x081010a4   0x081010a4   0x0000023c   Code   RO          896    i.HAL_DMA_Abort     stm32h7xx_hal_dma.o
    0x081012e0   0x081012e0   0x000001f8   Code   RO          897    i.HAL_DMA_Abort_IT  stm32h7xx_hal_dma.o
    0x081014d8   0x081014d8   0x000001f8   Code   RO          898    i.HAL_DMA_DeInit    stm32h7xx_hal_dma.o
    0x081016d0   0x081016d0   0x000002e8   Code   RO          902    i.HAL_DMA_Init      stm32h7xx_hal_dma.o
    0x081019b8   0x081019b8   0x00000024   Code   RO          201    i.HAL_Delay         stm32h7xx_hal.o
    0x081019dc   0x081019dc   0x0000000e   Code   RO         1702    i.HAL_GPIO_WritePin  stm32h7xx_hal_gpio.o
    0x081019ea   0x081019ea   0x00000002   PAD
    0x081019ec   0x081019ec   0x0000001c   Code   RO        13329    i.HAL_GetTick       bsp_systime.o
    0x08101a08   0x08101a08   0x00000006   Code   RO         1927    i.HAL_I2C_GetState  stm32h7xx_hal_i2c.o
    0x08101a0e   0x08101a0e   0x00000002   PAD
    0x08101a10   0x08101a10   0x000000c0   Code   RO         1928    i.HAL_I2C_Init      stm32h7xx_hal_i2c.o
    0x08101ad0   0x08101ad0   0x00000174   Code   RO         1949    i.HAL_I2C_Mem_Write  stm32h7xx_hal_i2c.o
    0x08101c44   0x08101c44   0x00000002   Code   RO         1953    i.HAL_I2C_MspInit   stm32h7xx_hal_i2c.o
    0x08101c46   0x08101c46   0x00000002   PAD
    0x08101c48   0x08101c48   0x00000058   Code   RO          224    i.HAL_Init          stm32h7xx_hal.o
    0x08101ca0   0x08101ca0   0x0000004c   Code   RO          225    i.HAL_InitTick      stm32h7xx_hal.o
    0x08101cec   0x08101cec   0x00000002   Code   RO         2562    i.HAL_LTDC_ReloadEventCallback  stm32h7xx_hal_ltdc.o
    0x08101cee   0x08101cee   0x00000002   PAD
    0x08101cf0   0x08101cf0   0x00000058   Code   RO          607    i.HAL_MPU_ConfigRegion  stm32h7xx_hal_cortex.o
    0x08101d48   0x08101d48   0x0000001c   Code   RO         3007    i.HAL_MspInit       stm32h7xx_hal_msp.o
    0x08101d64   0x08101d64   0x0000001a   Code   RO          612    i.HAL_NVIC_EnableIRQ  stm32h7xx_hal_cortex.o
    0x08101d7e   0x08101d7e   0x00000002   PAD
    0x08101d80   0x08101d80   0x00000024   Code   RO          619    i.HAL_NVIC_SetPriorityGrouping  stm32h7xx_hal_cortex.o
    0x08101da4   0x08101da4   0x0000002c   Code   RO         4036    i.HAL_RCCEx_GetD1SysClockFreq  stm32h7xx_hal_rcc_ex.o
    0x08101dd0   0x08101dd0   0x000001c0   Code   RO         4039    i.HAL_RCCEx_GetPLL2ClockFreq  stm32h7xx_hal_rcc_ex.o
    0x08101f90   0x08101f90   0x00000024   Code   RO         3931    i.HAL_RCC_GetPCLK2Freq  stm32h7xx_hal_rcc.o
    0x08101fb4   0x08101fb4   0x00000594   Code   RO         3935    i.HAL_RCC_OscConfig  stm32h7xx_hal_rcc.o
    0x08102548   0x08102548   0x00000042   Code   RO         4197    i.HAL_RNG_Init      stm32h7xx_hal_rng.o
    0x0810258a   0x0810258a   0x00000028   Code   RO          623    i.HAL_SYSTICK_Config  stm32h7xx_hal_cortex.o
    0x081025b2   0x081025b2   0x00000002   Code   RO         6733    i.HAL_UARTEx_RxFifoFullCallback  stm32h7xx_hal_uart_ex.o
    0x081025b4   0x081025b4   0x0000004c   Code   RO         6734    i.HAL_UARTEx_SetRxFifoThreshold  stm32h7xx_hal_uart_ex.o
    0x08102600   0x08102600   0x00000002   Code   RO         6738    i.HAL_UARTEx_WakeupCallback  stm32h7xx_hal_uart_ex.o
    0x08102602   0x08102602   0x00000002   PAD
    0x08102604   0x08102604   0x00000074   Code   RO        11253    i.HAL_UART_COMMON_TxCpltCallback  bsp_usart_common_dma.o
    0x08102678   0x08102678   0x00000082   Code   RO         6342    i.HAL_UART_DMAStop  stm32h7xx_hal_uart.o
    0x081026fa   0x081026fa   0x00000002   PAD
    0x081026fc   0x081026fc   0x00000048   Code   RO        11041    i.HAL_UART_ErrorCallback  bsp_usart_callback.o
    0x08102744   0x08102744   0x00000044   Code   RO        12093    i.HAL_UART_MspDeInit  bsp_usart.o
    0x08102788   0x08102788   0x00000088   Code   RO        12094    i.HAL_UART_MspInit  bsp_usart.o
    0x08102810   0x08102810   0x00000002   Code   RO         6359    i.HAL_UART_RxHalfCpltCallback  stm32h7xx_hal_uart.o
    0x08102812   0x08102812   0x000000c8   Code   RO         6360    i.HAL_UART_Transmit  stm32h7xx_hal_uart.o
    0x081028da   0x081028da   0x00000004   Code   RO        11043    i.HAL_UART_TxCpltCallback  bsp_usart_callback.o
    0x081028de   0x081028de   0x00000002   PAD
    0x081028e0   0x081028e0   0x000000bc   Code   RO        14339    i.HandleSema_test   tasksemafun_outer.o
    0x0810299c   0x0810299c   0x000000b8   Code   RO        14382    i.Handle_COMMON_DMA_USART_Send  taskworkhandle.o
    0x08102a54   0x08102a54   0x0000004c   Code   RO        14388    i.Handle_QUEUE_USART_COMMON_GETBUFF_PRINT  taskworkhandle.o
    0x08102aa0   0x08102aa0   0x0000020c   Code   RO        13687    i.Handle_test       taskfun_outer.o
    0x08102cac   0x08102cac   0x000000fc   Code   RO        13688    i.Handle_test2      taskfun_outer.o
    0x08102da8   0x08102da8   0x00000004   Code   RO        14393    i.Handle_usart      taskworkhandle.o
    0x08102dac   0x08102dac   0x0000002c   Code   RO        10638    i.HardFault_Handler  stm32h7xx_it.o
    0x08102dd8   0x08102dd8   0x0000000e   Code   RO        12267    i.I2C_EE_Init       bsp_iic.o
    0x08102de6   0x08102de6   0x00000022   Code   RO         1975    i.I2C_Flush_TXDR    stm32h7xx_hal_i2c.o
    0x08102e08   0x08102e08   0x00000084   Code   RO        12268    i.I2C_GPIO_Config   bsp_iic.o
    0x08102e8c   0x08102e8c   0x00000074   Code   RO         1986    i.I2C_RequestMemoryRead  stm32h7xx_hal_i2c.o
    0x08102f00   0x08102f00   0x0000002c   Code   RO         1990    i.I2C_TransferConfig  stm32h7xx_hal_i2c.o
    0x08102f2c   0x08102f2c   0x00000056   Code   RO         1991    i.I2C_WaitOnFlagUntilTimeout  stm32h7xx_hal_i2c.o
    0x08102f82   0x08102f82   0x00000010   Code   RO        11582    i.IIC_EE_DriverFactory_Create  factory_iic.o
    0x08102f92   0x08102f92   0x0000000e   Code   RO        11583    i.IIC_EE_DriverFactory_Register  factory_iic.o
    0x08102fa0   0x08102fa0   0x0000001c   Code   RO        11917    i.IO485_01_ClkEnable  bsp_io_output.o
    0x08102fbc   0x08102fbc   0x0000001c   Code   RO        11919    i.IO485_03_ClkEnable  bsp_io_output.o
    0x08102fd8   0x08102fd8   0x0000001c   Code   RO        11921    i.IO485_05_ClkEnable  bsp_io_output.o
    0x08102ff4   0x08102ff4   0x00000048   Code   RO        11923    i.IO_CommonGpioOutputBatchConfig  bsp_io_output.o
    0x0810303c   0x0810303c   0x00000064   Code   RO        11925    i.IO_LED_BOARD_GPIO_Config  bsp_io_output.o
    0x081030a0   0x081030a0   0x0000004c   Code   RO        11927    i.IO_RE_GPIO_Config  bsp_io_output.o
    0x081030ec   0x081030ec   0x0000001c   Code   RO        11929    i.Led02_BOARD_ClkEnable  bsp_io_output.o
    0x08103108   0x08103108   0x0000001c   Code   RO        11931    i.Led04_BOARD_ClkEnable  bsp_io_output.o
    0x08103124   0x08103124   0x0000001c   Code   RO        11933    i.Led1_ClkEnable    bsp_io_output.o
    0x08103140   0x08103140   0x0000001c   Code   RO        11935    i.Led3_ClkEnable    bsp_io_output.o
    0x0810315c   0x0810315c   0x00000034   Code   RO        10639    i.MemManage_Handler  stm32h7xx_it.o
    0x08103190   0x08103190   0x0000001a   Code   RO        11937    i.OUT_Io_GPIO_Config  bsp_io_output.o
    0x081031aa   0x081031aa   0x00000014   Code   RO        10987    i.QueueCount        queue3.o
    0x081031be   0x081031be   0x0000000c   Code   RO        10988    i.QueueInit         queue3.o
    0x081031ca   0x081031ca   0x00000026   Code   RO        10991    i.QueuePush         queue3.o
    0x081031f0   0x081031f0   0x0000001c   Code   RO        11938    i.RE01_BOARD_ClkEnable  bsp_io_output.o
    0x0810320c   0x0810320c   0x0000001c   Code   RO        11940    i.RE03_BOARD_ClkEnable  bsp_io_output.o
    0x08103228   0x08103228   0x000000c0   Code   RO        14715    i.RNG_BuildWeightMap  data_random.o
    0x081032e8   0x081032e8   0x00000018   Code   RO        14717    i.RNG_InitWeight    data_random.o
    0x08103300   0x08103300   0x0000000c   Code   RO        11254    i.RcvDmaQue_SetBuf  bsp_usart_common_dma.o
    0x0810330c   0x0810330c   0x00000010   Code   RO        10923    i.RingBuffer_IsEmpty  queue2.o
    0x0810331c   0x0810331c   0x0000001c   Code   RO        10924    i.RingBuffer_IsFull  queue2.o
    0x08103338   0x08103338   0x0000002e   Code   RO        10925    i.RingBuffer_ReadByte  queue2.o
    0x08103366   0x08103366   0x00000002   PAD
    0x08103368   0x08103368   0x00000024   Code   RO        11255    i.SCB_CleanInvalidateDCache_by_Addr  bsp_usart_common_dma.o
    0x0810338c   0x0810338c   0x0000007c   Code   RO         7512    i.SEGGER_RTT_ReadNoLock  segger_rtt.o
    0x08103408   0x08103408   0x00000038   Code   RO         7522    i.SEGGER_RTT_Write  segger_rtt.o
    0x08103440   0x08103440   0x00000084   Code   RO         7526    i.SEGGER_RTT_WriteSkipNoLock  segger_rtt.o
    0x081034c4   0x081034c4   0x0000001a   Code   RO         7527    i.SEGGER_RTT_WriteString  segger_rtt.o
    0x081034de   0x081034de   0x000001a0   Code   RO         7732    i.SEGGER_RTT_vprintf  segger_rtt_printf.o
    0x0810367e   0x0810367e   0x00000002   PAD
    0x08103680   0x08103680   0x0000004c   Code   RO         7942    i.SEGGER_SYSVIEW_OnTaskCreate  segger_sysview.o
    0x081036cc   0x081036cc   0x0000004c   Code   RO         7944    i.SEGGER_SYSVIEW_OnTaskStartReady  segger_sysview.o
    0x08103718   0x08103718   0x00000044   Code   RO         7963    i.SEGGER_SYSVIEW_RecordU32  segger_sysview.o
    0x0810375c   0x0810375c   0x00000060   Code   RO         7965    i.SEGGER_SYSVIEW_RecordU32x2  segger_sysview.o
    0x081037bc   0x081037bc   0x0000008c   Code   RO         7967    i.SEGGER_SYSVIEW_RecordU32x4  segger_sysview.o
    0x08103848   0x08103848   0x00000094   Code   RO         7977    i.SEGGER_SYSVIEW_SendModule  segger_sysview.o
    0x081038dc   0x081038dc   0x00000010   Code   RO         7987    i.SEGGER_SYSVIEW_ShrinkId  segger_sysview.o
    0x081038ec   0x081038ec   0x00000030   Code   RO         7988    i.SEGGER_SYSVIEW_Start  segger_sysview.o
    0x0810391c   0x0810391c   0x0000001c   Code   RO         7990    i.SEGGER_SYSVIEW_Stop  segger_sysview.o
    0x08103938   0x08103938   0x00000034   Code   RO         7991    i.SEGGER_SYSVIEW_Stop_Ex  segger_sysview.o
    0x0810396c   0x0810396c   0x00000064   Code   RO         8000    i.SEGGER_SYSVIEW_Warn  segger_sysview.o
    0x081039d0   0x081039d0   0x00000074   Code   RO         7814    i.SYSVIEW_AddTask   segger_sysview_freertos.o
    0x08103a44   0x08103a44   0x00000028   Code   RO        13552    i.SysTick_Handler   systick.o
    0x08103a6c   0x08103a6c   0x00000018   Code   RO        15247    i.TEST_ALL_TEST     bsp_all_test.o
    0x08103a84   0x08103a84   0x0000003c   Code   RO        13609    i.TaskScheduleCb    taskfun.o
    0x08103ac0   0x08103ac0   0x000000a4   Code   RO        14268    i.TaskSemaConsumeHandler  tasksema.o
    0x08103b64   0x08103b64   0x0000000c   Code   RO        10819    i.Test_all_queue    p_data_queue_outer.o
    0x08103b70   0x08103b70   0x00000024   Code   RO        11257    i.UART5_IRQHandler  bsp_usart_common_dma.o
    0x08103b94   0x08103b94   0x00000024   Code   RO        11259    i.UART8_IRQHandler  bsp_usart_common_dma.o
    0x08103bb8   0x08103bb8   0x00000064   Code   RO         6739    i.UARTEx_SetNbDataToProcess  stm32h7xx_hal_uart_ex.o
    0x08103c1c   0x08103c1c   0x000000c8   Code   RO         6365    i.UART_AdvFeatureConfig  stm32h7xx_hal_uart.o
    0x08103ce4   0x08103ce4   0x000000e8   Code   RO        11261    i.UART_COMMON_DmaIdleProcess  bsp_usart_common_dma.o
    0x08103dcc   0x08103dcc   0x00000040   Code   RO        16590    i.UART_COMMON_Instance_SendArray_DMA  bsp_usart_common_com485.o
    0x08103e0c   0x08103e0c   0x000000aa   Code   RO        16596    i.UART_Common_Init  bsp_usart_common_com485.o
    0x08103eb6   0x08103eb6   0x00000050   Code   RO         6368    i.UART_DMAError     stm32h7xx_hal_uart.o
    0x08103f06   0x08103f06   0x0000003e   Code   RO         6369    i.UART_DMAReceiveCplt  stm32h7xx_hal_uart.o
    0x08103f44   0x08103f44   0x0000000a   Code   RO         6371    i.UART_DMARxHalfCplt  stm32h7xx_hal_uart.o
    0x08103f4e   0x08103f4e   0x00000030   Code   RO         6373    i.UART_DMATransmitCplt  stm32h7xx_hal_uart.o
    0x08103f7e   0x08103f7e   0x00000002   PAD
    0x08103f80   0x08103f80   0x00000024   Code   RO         6377    i.UART_EndRxTransfer  stm32h7xx_hal_uart.o
    0x08103fa4   0x08103fa4   0x0000001c   Code   RO         6379    i.UART_EndTxTransfer  stm32h7xx_hal_uart.o
    0x08103fc0   0x08103fc0   0x00000004   Code   RO        16597    i.UART_INST_SetRxByteCb  bsp_usart_common_com485.o
    0x08103fc4   0x08103fc4   0x0000005c   Code   RO         6382    i.UART_RxISR_8BIT   stm32h7xx_hal_uart.o
    0x08104020   0x08104020   0x000000a0   Code   RO         6383    i.UART_RxISR_8BIT_FIFOEN  stm32h7xx_hal_uart.o
    0x081040c0   0x081040c0   0x00001540   Code   RO         6384    i.UART_SetConfig    stm32h7xx_hal_uart.o
    0x08105600   0x08105600   0x000000a8   Code   RO         6389    i.UART_WaitOnFlagUntilTimeout  stm32h7xx_hal_uart.o
    0x081056a8   0x081056a8   0x00000024   Code   RO        11265    i.USART3_IRQHandler  bsp_usart_common_dma.o
    0x081056cc   0x081056cc   0x00000088   Code   RO        16598    i.USART_COMMON_COM485_232_ComDrvInit  bsp_usart_common_com485.o
    0x08105754   0x08105754   0x000001a0   Code   RO        16599    i.USART_COMMON_COM485_GpioInit  bsp_usart_common_com485.o
    0x081058f4   0x081058f4   0x000000b0   Code   RO        11267    i.USART_RX_DMA_COMMON_Config  bsp_usart_common_dma.o
    0x081059a4   0x081059a4   0x00000074   Code   RO        12190    i.USART_Shell_GpioInit  bsp_usart_shell.o
    0x08105a18   0x08105a18   0x0000012c   Code   RO        12195    i.USART_Shell_UartInit  bsp_usart_shell.o
    0x08105b44   0x08105b44   0x0000014c   Code   RO        11270    i.USART_TX_DMA_COMMON_Config  bsp_usart_common_dma.o
    0x08105c90   0x08105c90   0x0000001c   Code   RO        16601    i.USART_common_COM02_ClockEnable  bsp_usart_common_com485.o
    0x08105cac   0x08105cac   0x0000001c   Code   RO        16603    i.USART_common_COM04_ClockEnable  bsp_usart_common_com485.o
    0x08105cc8   0x08105cc8   0x0000002c   Code   RO        11273    i.USARTx_COMMON_DMA_Init  bsp_usart_common_dma.o
    0x08105cf4   0x08105cf4   0x00000010   Code   RO        11274    i.UartDmaTxComplete_COMMON_COM01_485SwitchRx  bsp_usart_common_dma.o
    0x08105d04   0x08105d04   0x00000010   Code   RO        11276    i.UartDmaTxComplete_COMMON_COM03_485SwitchRx  bsp_usart_common_dma.o
    0x08105d14   0x08105d14   0x00000010   Code   RO        11278    i.UartDmaTxComplete_COMMON_COM05_485SwitchRx  bsp_usart_common_dma.o
    0x08105d24   0x08105d24   0x00000010   Code   RO        11280    i.UartDmaTxPreStart_COMMON_COM02_485TxMode  bsp_usart_common_dma.o
    0x08105d34   0x08105d34   0x00000010   Code   RO        11282    i.UartDmaTxPreStart_COMMON_COM04_485TxMode  bsp_usart_common_dma.o
    0x08105d44   0x08105d44   0x00000030   Code   RO        10641    i.UsageFault_Handler  stm32h7xx_it.o
    0x08105d74   0x08105d74   0x0000007c   Code   RO        16763    i.Usart485CommonComTask  usart485_common_verify.o
    0x08105df0   0x08105df0   0x00000010   Code   RO        14720    i.Weight_RANDOM_INIT  data_random.o
    0x08105e00   0x08105e00   0x00000024   Code   RO        11288    i.Wrapper_U485ComSendDmaSaveDataFunc  bsp_usart_common_dma.o
    0x08105e24   0x08105e24   0x0000003c   Code   RO         8015    i._CheckDownBuffer  segger_sysview.o
    0x08105e60   0x08105e60   0x0000006c   Code   RO         7529    i._DoInit           segger_rtt.o
    0x08105ecc   0x08105ecc   0x00000018   Code   RO         7530    i._GetAvailWriteSpace  segger_rtt.o
    0x08105ee4   0x08105ee4   0x00000004   Code   RO         8020    i._PreparePacket    segger_sysview.o
    0x08105ee8   0x08105ee8   0x000000d8   Code   RO         7733    i._PrintInt         segger_rtt_printf.o
    0x08105fc0   0x08105fc0   0x000000ac   Code   RO         8023    i._RecordSystime    segger_sysview.o
    0x0810606c   0x0810606c   0x0000009a   Code   RO         8024    i._SendInitEvent    segger_sysview.o
    0x08106106   0x08106106   0x00000002   PAD
    0x08106108   0x08106108   0x000000d8   Code   RO         8025    i._SendPacket       segger_sysview.o
    0x081061e0   0x081061e0   0x00000076   Code   RO         8026    i._SendPacket_Ex    segger_sysview.o
    0x08106256   0x08106256   0x0000005c   Code   RO         8029    i._TrySendOverflowPacket  segger_sysview.o
    0x081062b2   0x081062b2   0x00000002   PAD
    0x081062b4   0x081062b4   0x00000028   Code   RO        17437    i.__0sprintf        mc_w.l(printfa.o)
    0x081062dc   0x081062dc   0x0000002c   Code   RO        17440    i.__0vsnprintf      mc_w.l(printfa.o)
    0x08106308   0x08106308   0x00000020   Code   RO          625    i.__NVIC_SetPriority  stm32h7xx_hal_cortex.o
    0x08106328   0x08106328   0x00000184   Code   RO        17442    i._fp_digits        mc_w.l(printfa.o)
    0x081064ac   0x081064ac   0x0000000a   Code   RO        17447    i._sputc            mc_w.l(printfa.o)
    0x081064b6   0x081064b6   0x0000001a   Code   RO        16417    i.agencylogSetLevel  log.o
    0x081064d0   0x081064d0   0x00000004   Code   RO        14341    i.calculate_TASKSema_NUM_MAX  tasksemafun_outer.o
    0x081064d4   0x081064d4   0x000000c4   Code   RO        10275    i.changetime        user_task_1.o
    0x08106598   0x08106598   0x000000d0   Code   RO        16841    i.com_DW_write_cmd_print  usart_485_232_send.o
    0x08106668   0x08106668   0x00000068   Code   RO         9620    i.eTaskGetState     tasks.o
    0x081066d0   0x081066d0   0x000003d8   Code   RO        15407    i.elog_output       elog.o
    0x08106aa8   0x08106aa8   0x00000024   Code   RO        15408    i.elog_output_lock  elog.o
    0x08106acc   0x08106acc   0x00000030   Code   RO        15409    i.elog_output_lock_enabled  elog.o
    0x08106afc   0x08106afc   0x0000000c   Code   RO        15620    i.elog_port_get_t_info  elog_port.o
    0x08106b08   0x08106b08   0x00000010   Code   RO        15621    i.elog_port_get_time  elog_port.o
    0x08106b18   0x08106b18   0x0000003c   Code   RO        15623    i.elog_port_output  elog_port.o
    0x08106b54   0x08106b54   0x00000004   Code   RO        15624    i.elog_port_output_lock  elog_port.o
    0x08106b58   0x08106b58   0x00000010   Code   RO        15415    i.elog_set_filter_tag  elog.o
    0x08106b68   0x08106b68   0x00000034   Code   RO        15417    i.elog_set_filter_tag_lvl_default  elog.o
    0x08106b9c   0x08106b9c   0x0000000c   Code   RO        15419    i.elog_set_output_enabled  elog.o
    0x08106ba8   0x08106ba8   0x000000a0   Code   RO        15421    i.elog_start        elog.o
    0x08106c48   0x08106c48   0x00000114   Code   RO        15591    i.elog_strcpy       elog_utils.o
    0x08106d5c   0x08106d5c   0x00000018   Code   RO        12197    i.fputc             bsp_usart_shell.o
    0x08106d74   0x08106d74   0x00000014   Code   RO        15424    i.get_fmt_used_and_enabled_ptr  elog.o
    0x08106d88   0x08106d88   0x00000010   Code   RO        13508    i.is_faultmask_active  sys_interrupt.o
    0x08106d98   0x08106d98   0x00000038   Code   RO        15728    i.l_ptl             letter_shell_rtos_cmd.o
    0x08106dd0   0x08106dd0   0x00000134   Code   RO        15730    i.l_setpriority     letter_shell_rtos_cmd.o
    0x08106f04   0x08106f04   0x000000c8   Code   RO        15731    i.l_suspend         letter_shell_rtos_cmd.o
    0x08106fcc   0x08106fcc   0x00000044   Code   RO        16322    i.letterShell_no_os_WhileInit  shell_port.o
    0x08107010   0x08107010   0x00000058   Code   RO        16424    i.logWriteBuffer    log.o
    0x08107068   0x08107068   0x00000104   Code   RO        10468    i.main              main.o
    0x0810716c   0x0810716c   0x0000006c   Code   RO        17464    i.malloc            mc_w.l(malloc.o)
    0x081071d8   0x081071d8   0x000001bc   Code   RO        13284    i.mock_switch_task_entry  busi_test.o
    0x08107394   0x08107394   0x00000010   Code   RO        10694    i.p_cbIncr          p_data_queue.o
    0x081073a4   0x081073a4   0x0000002c   Code   RO        10695    i.p_cbInit          p_data_queue.o
    0x081073d0   0x081073d0   0x00000030   Code   RO        10700    i.p_cbWrite         p_data_queue.o
    0x08107400   0x08107400   0x00000006   Code   RO        10701    i.p_cbWriteFinish   p_data_queue.o
    0x08107406   0x08107406   0x0000004c   Code   RO        10703    i.p_copy_data_from_queue  p_data_queue.o
    0x08107452   0x08107452   0x00000052   Code   RO        10704    i.p_pop_data_from_queue2  p_data_queue.o
    0x081074a4   0x081074a4   0x000001c4   Code   RO        10705    i.p_pull_data_from_queue  p_data_queue.o
    0x08107668   0x08107668   0x0000003c   Code   RO        10707    i.p_push_data_to_queue2  p_data_queue.o
    0x081076a4   0x081076a4   0x0000005e   Code   RO        10709    i.p_tx_rx_groupedqueue_init  p_data_queue.o
    0x08107702   0x08107702   0x00000002   PAD
    0x08107704   0x08107704   0x000000ac   Code   RO         9623    i.prvAddNewTaskToReadyList  tasks.o
    0x081077b0   0x081077b0   0x00000014   Code   RO         9233    i.prvGetDisinheritPriorityAfterTimeout  queue.o
    0x081077c4   0x081077c4   0x0000001a   Code   RO         9236    i.prvIsQueueEmpty   queue.o
    0x081077de   0x081077de   0x0000005c   Code   RO         9629    i.prvListTasksWithinSingleList  tasks.o
    0x0810783a   0x0810783a   0x00000002   PAD
    0x0810783c   0x0810783c   0x00000024   Code   RO         9630    i.prvResetNextTaskUnblockTime  tasks.o
    0x08107860   0x08107860   0x00000066   Code   RO         9631    i.prvSearchForNameWithinSingleList  tasks.o
    0x081078c6   0x081078c6   0x00000014   Code   RO         9632    i.prvTaskCheckFreeStackSpace  tasks.o
    0x081078da   0x081078da   0x00000002   PAD
    0x081078dc   0x081078dc   0x000000a4   Code   RO         9043    i.pvPortMalloc      heap_4.o
    0x08107980   0x08107980   0x00000024   Code   RO        10024    i.pxPortInitialiseStack  port.o
    0x081079a4   0x081079a4   0x00000208   Code   RO        10324    i.rdatasettask      user_testtask.o
    0x08107bac   0x08107bac   0x00000034   Code   RO        17085    i.run_machine       usart_485_sendmethod.o
    0x08107be0   0x08107be0   0x0000027c   Code   RO         7404    i.segger_outfun     segger_outinterface.o
    0x08107e5c   0x08107e5c   0x00000054   Code   RO        14890    i.setInt16Array     data_set.o
    0x08107eb0   0x08107eb0   0x00000020   Code   RO        15825    i.shellAdd          shell.o
    0x08107ed0   0x08107ed0   0x00000040   Code   RO        15827    i.shellCheckPassword  shell.o
    0x08107f10   0x08107f10   0x0000001c   Code   RO        15829    i.shellClear        shell.o
    0x08107f2c   0x08107f2c   0x0000002a   Code   RO        15830    i.shellClearCommandLine  shell.o
    0x08107f56   0x08107f56   0x00000014   Code   RO        15831    i.shellCmds         shell.o
    0x08107f6a   0x08107f6a   0x00000028   Code   RO        16243    i.shellCompanionAdd  shell_companion.o
    0x08107f92   0x08107f92   0x0000001e   Code   RO        16245    i.shellCompanionGet  shell_companion.o
    0x08107fb0   0x08107fb0   0x000000be   Code   RO        15833    i.shellDeleteByte   shell.o
    0x0810806e   0x0810806e   0x00000008   Code   RO        15835    i.shellDown         shell.o
    0x08108076   0x08108076   0x0000004e   Code   RO        16267    i.shellExtNumType   shell_ext.o
    0x081080c4   0x081080c4   0x0000002c   Code   RO        16274    i.shellExtToNum     shell_ext.o
    0x081080f0   0x081080f0   0x0000003e   Code   RO        15841    i.shellGetVarValue  shell.o
    0x0810812e   0x0810812e   0x00000002   PAD
    0x08108130   0x08108130   0x000000cc   Code   RO        15842    i.shellHandler      shell.o
    0x081081fc   0x081081fc   0x00000028   Code   RO        15843    i.shellHelp         shell.o
    0x08108224   0x08108224   0x0000009a   Code   RO        15844    i.shellHistory      shell.o
    0x081082be   0x081082be   0x00000002   PAD
    0x081082c0   0x081082c0   0x00000088   Code   RO        15846    i.shellInit         shell.o
    0x08108348   0x08108348   0x0000001a   Code   RO        15849    i.shellLeft         shell.o
    0x08108362   0x08108362   0x00000004   Code   RO        15850    i.shellListAll      shell.o
    0x08108366   0x08108366   0x00000002   PAD
    0x08108368   0x08108368   0x000000d4   Code   RO        15852    i.shellListItem     shell.o
    0x0810843c   0x0810843c   0x00000050   Code   RO        15853    i.shellListKey      shell.o
    0x0810848c   0x0810848c   0x0000004c   Code   RO        15855    i.shellListVar      shell.o
    0x081084d8   0x081084d8   0x00000010   Code   RO        15856    i.shellNormalInput  shell.o
    0x081084e8   0x081084e8   0x00000042   Code   RO        15860    i.shellRemoveParamQuotes  shell.o
    0x0810852a   0x0810852a   0x00000016   Code   RO        15861    i.shellRight        shell.o
    0x08108540   0x08108540   0x00000092   Code   RO        15863    i.shellRunCommand   shell.o
    0x081085d2   0x081085d2   0x00000074   Code   RO        15864    i.shellSeekCommand  shell.o
    0x08108646   0x08108646   0x00000002   PAD
    0x08108648   0x08108648   0x0000007c   Code   RO        15867    i.shellSetVarValue  shell.o
    0x081086c4   0x081086c4   0x00000024   Code   RO        15870    i.shellStringCompare  shell.o
    0x081086e8   0x081086e8   0x00000052   Code   RO        15874    i.shellToDec        shell.o
    0x0810873a   0x0810873a   0x00000006   Code   RO        15876    i.shellUp           shell.o
    0x08108740   0x08108740   0x00000014   Code   RO        15877    i.shellUsers        shell.o
    0x08108754   0x08108754   0x0000000c   Code   RO        15879    i.shellWriteByte    shell.o
    0x08108760   0x08108760   0x00000050   Code   RO        15880    i.shellWriteCommandDesc  shell.o
    0x081087b0   0x081087b0   0x00000060   Code   RO        15881    i.shellWriteCommandHelp  shell.o
    0x08108810   0x08108810   0x00000064   Code   RO        15883    i.shellWritePrompt  shell.o
    0x08108874   0x08108874   0x00000064   Code   RO        17087    i.shell_runfunc     usart_485_sendmethod.o
    0x081088d8   0x081088d8   0x00000060   Code   RO        17088    i.shell_settingfun  usart_485_sendmethod.o
    0x08108938   0x08108938   0x000000dc   Code   RO        13285    i.smst              busi_test.o
    0x08108a14   0x08108a14   0x00000044   Code   RO        15106    i.uart_reableIRQ_task  task_check.o
    0x08108a58   0x08108a58   0x00000060   Code   RO        15107    i.uart_reable_task  task_check.o
    0x08108ab8   0x08108ab8   0x00000048   Code   RO        15108    i.uart_unlock_task  task_check.o
    0x08108b00   0x08108b00   0x0000001c   Code   RO        16324    i.userLogWrite      shell_port.o
    0x08108b1c   0x08108b1c   0x00000038   Code   RO        16329    i.userShellWrite    shell_port.o
    0x08108b54   0x08108b54   0x00000010   Code   RO        11787    i.user_all_buffer_create  user_buffers.o
    0x08108b64   0x08108b64   0x000000b0   Code   RO        14973    i.vApplicationMallocFailedHook  hook_mem.o
    0x08108c14   0x08108c14   0x00000016   Code   RO         9195    i.vListInitialise   list.o
    0x08108c2a   0x08108c2a   0x00000018   Code   RO         9198    i.vListInsertEnd    list.o
    0x08108c42   0x08108c42   0x00000002   PAD
    0x08108c44   0x08108c44   0x00000018   Code   RO        10027    i.vPortExitCritical  port.o
    0x08108c5c   0x08108c5c   0x00000058   Code   RO        14975    i.vPrintHeapState   hook_mem.o
    0x08108cb4   0x08108cb4   0x000000ac   Code   RO         9651    i.vTaskList         tasks.o
    0x08108d60   0x08108d60   0x0000000c   Code   RO         9652    i.vTaskMissedYield  tasks.o
    0x08108d6c   0x08108d6c   0x00000020   Code   RO         9654    i.vTaskPlaceOnEventList  tasks.o
    0x08108d8c   0x08108d8c   0x00000090   Code   RO         9656    i.vTaskPriorityDisinheritAfterTimeout  tasks.o
    0x08108e1c   0x08108e1c   0x000000b4   Code   RO         9663    i.vTaskSuspend      tasks.o
    0x08108ed0   0x08108ed0   0x00000010   Code   RO         9664    i.vTaskSuspendAll   tasks.o
    0x08108ee0   0x08108ee0   0x0000009c   Code   RO         9665    i.vTaskSwitchContext  tasks.o
    0x08108f7c   0x08108f7c   0x0000000c   Code   RO         9047    i.xPortGetFreeHeapSize  heap_4.o
    0x08108f88   0x08108f88   0x00000168   Code   RO         9255    i.xQueueGenericSend  queue.o
    0x081090f0   0x081090f0   0x00000094   Code   RO         9257    i.xQueueGiveFromISR  queue.o
    0x08109184   0x08109184   0x00000054   Code   RO         9667    i.xTaskCheckForTimeOut  tasks.o
    0x081091d8   0x081091d8   0x00000070   Code   RO         9672    i.xTaskGetHandle    tasks.o
    0x08109248   0x08109248   0x000000cc   Code   RO         9676    i.xTaskIncrementTick  tasks.o
    0x08109314   0x08109314   0x00000080   Code   RO         9679    i.xTaskPriorityDisinherit  tasks.o
    0x08109394   0x08109394   0x00000010   Data   RO           15    .constdata          system_stm32h7xx.o
    0x081093a4   0x081093a4   0x00000008   Data   RO          908    .constdata          stm32h7xx_hal_dma.o
    0x081093ac   0x081093ac   0x00000021   Data   RO         7535    .constdata          segger_rtt.o
    0x081093cd   0x081093cd   0x000000f7   Data   RO         7774    .constdata          segger_toolkit.o
    0x081094c4   0x081094c4   0x00000003   Data   RO        10276    .constdata          user_task_1.o
    0x081094c7   0x081094c7   0x00000012   Data   RO        10277    .constdata          user_task_1.o
    0x081094d9   0x081094d9   0x00000004   Data   RO        10328    .constdata          user_testtask.o
    0x081094dd   0x081094dd   0x00000011   Data   RO        10329    .constdata          user_testtask.o
    0x081094ee   0x081094ee   0x00000002   PAD
    0x081094f0   0x081094f0   0x00000108   Data   RO        11943    .constdata          bsp_io_output.o
    0x081095f8   0x081095f8   0x00000005   Data   RO        13286    .constdata          busi_test.o
    0x081095fd   0x081095fd   0x0000000f   Data   RO        13287    .constdata          busi_test.o
    0x0810960c   0x0810960c   0x00000033   Data   RO        13288    .constdata          busi_test.o
    0x0810963f   0x0810963f   0x0000000c   Data   RO        13690    .constdata          taskfun_outer.o
    0x0810964b   0x0810964b   0x00000001   PAD
    0x0810964c   0x0810964c   0x00000045   Data   RO        14724    .constdata          data_random.o
    0x08109691   0x08109691   0x0000001e   Data   RO        15062    .constdata          frtos_printf.o
    0x081096af   0x081096af   0x0000000b   Data   RO        15694    .constdata          letter_shell_noos_cmd.o
    0x081096ba   0x081096ba   0x00000006   Data   RO        15695    .constdata          letter_shell_noos_cmd.o
    0x081096c0   0x081096c0   0x00000004   Data   RO        15732    .constdata          letter_shell_rtos_cmd.o
    0x081096c4   0x081096c4   0x00000011   Data   RO        15733    .constdata          letter_shell_rtos_cmd.o
    0x081096d5   0x081096d5   0x00000014   Data   RO        15735    .constdata          letter_shell_rtos_cmd.o
    0x081096e9   0x081096e9   0x00000004   Data   RO        15736    .constdata          letter_shell_rtos_cmd.o
    0x081096ed   0x081096ed   0x0000000a   Data   RO        15737    .constdata          letter_shell_rtos_cmd.o
    0x081096f7   0x081096f7   0x00000008   Data   RO        15738    .constdata          letter_shell_rtos_cmd.o
    0x081096ff   0x081096ff   0x00000007   Data   RO        15740    .constdata          letter_shell_rtos_cmd.o
    0x08109706   0x08109706   0x0000000e   Data   RO        15741    .constdata          letter_shell_rtos_cmd.o
    0x08109714   0x08109714   0x00000007   Data   RO        15742    .constdata          letter_shell_rtos_cmd.o
    0x0810971b   0x0810971b   0x00000012   Data   RO        15747    .constdata          letter_shell_rtos_cmd.o
    0x0810972d   0x0810972d   0x00000004   Data   RO        15748    .constdata          letter_shell_rtos_cmd.o
    0x08109731   0x08109731   0x00000015   Data   RO        15751    .constdata          letter_shell_rtos_cmd.o
    0x08109746   0x08109746   0x00000007   Data   RO        15890    .constdata          shell.o
    0x0810974d   0x0810974d   0x00000003   Data   RO        15892    .constdata          shell.o
    0x08109750   0x08109750   0x00000005   Data   RO        15895    .constdata          shell.o
    0x08109755   0x08109755   0x0000000a   Data   RO        15897    .constdata          shell.o
    0x0810975f   0x0810975f   0x00000006   Data   RO        15900    .constdata          shell.o
    0x08109765   0x08109765   0x00000006   Data   RO        15904    .constdata          shell.o
    0x0810976b   0x0810976b   0x0000000e   Data   RO        15905    .constdata          shell.o
    0x08109779   0x08109779   0x00000005   Data   RO        15906    .constdata          shell.o
    0x0810977e   0x0810977e   0x0000000d   Data   RO        15907    .constdata          shell.o
    0x0810978b   0x0810978b   0x00000005   Data   RO        15910    .constdata          shell.o
    0x08109790   0x08109790   0x0000000d   Data   RO        15911    .constdata          shell.o
    0x0810979d   0x0810979d   0x0000000c   Data   RO        16426    .constdata          log.o
    0x081097a9   0x081097a9   0x00000024   Data   RO        16427    .constdata          log.o
    0x081097cd   0x081097cd   0x00000008   Data   RO        16428    .constdata          log.o
    0x081097d5   0x081097d5   0x00000020   Data   RO        16429    .constdata          log.o
    0x081097f5   0x081097f5   0x00000007   Data   RO        17091    .constdata          usart_485_sendmethod.o
    0x081097fc   0x081097fc   0x00000003   Data   RO        17092    .constdata          usart_485_sendmethod.o
    0x081097ff   0x081097ff   0x00000081   Data   RO        17144    .constdata          mc_w.l(ctype_o.o)
    0x08109880   0x08109880   0x00000043   Data   RO        10331    .conststring        user_testtask.o
    0x081098c3   0x081098c3   0x00000001   PAD
    0x081098c4   0x081098c4   0x00000047   Data   RO        15428    .conststring        elog.o
    0x0810990b   0x0810990b   0x00000001   PAD
    0x0810990c   0x0810990c   0x00000043   Data   RO        15696    .conststring        letter_shell_noos_cmd.o
    0x0810994f   0x0810994f   0x00000001   PAD
    0x08109950   0x08109950   0x00000187   Data   RO        15752    .conststring        letter_shell_rtos_cmd.o
    0x08109ad7   0x08109ad7   0x00000001   PAD
    0x08109ad8   0x08109ad8   0x00000048   Data   RO        16842    .conststring        usart_485_232_send.o
    0x08109b20   0x08109b20   0x00000041   Data   RO        17094    .conststring        usart_485_sendmethod.o
    0x08109b61   0x08109b61   0x00000003   PAD
    0x08109b64   0x08109b64   0x00000010   Data   RO        10279    shellCommand        user_task_1.o
    0x08109b74   0x08109b74   0x00000010   Data   RO        10332    shellCommand        user_testtask.o
    0x08109b84   0x08109b84   0x00000010   Data   RO        13290    shellCommand        busi_test.o
    0x08109b94   0x08109b94   0x00000020   Data   RO        15697    shellCommand        letter_shell_noos_cmd.o
    0x08109bb4   0x08109bb4   0x000000a0   Data   RO        15754    shellCommand        letter_shell_rtos_cmd.o
    0x08109c54   0x08109c54   0x00000120   Data   RO        15916    shellCommand        shell.o
    0x08109d74   0x08109d74   0x00000030   Data   RO        16433    shellCommand        log.o
    0x08109da4   0x08109da4   0x00000020   Data   RO        17095    shellCommand        usart_485_sendmethod.o


==============================================================================

Image component sizes


      Code (inc. data)   RO Data    RW Data    ZI Data      Debug   Object Name

        24         18          0          0          0        464   bsp_all_test.o
       278         10          0          0          0       2996   bsp_i2c_ee.o
       206         24          0          0         76       2481   bsp_iic.o
        24          0          0          0          0       1876   bsp_io_input.o
      1150        200        264          0          0      15895   bsp_io_output.o
       160         88          0          0        476      10207   bsp_lcd.o
       416         16          0          0          0      38254   bsp_mpu.o
        28         10          0         12          0       2443   bsp_systime.o
       204         24          0          0          0       2093   bsp_usart.o
        92         56          0          0          0       2353   bsp_usart_callback.o
        56         10          0         24        140       2965   bsp_usart_com485.o
      1858        416         66        244       1330      24382   bsp_usart_common_com485.o
      2516        514          0        428       1590      73442   bsp_usart_common_dma.o
       184         26          0         80          0       4410   bsp_usart_dma.o
       478        138          0          0        140       4049   bsp_usart_shell.o
      1092        644         87          8          0       3186   busi_test.o
         0          0          0          0         80       1090   business.o
         0          0          0          0          0      15556   cmsis_os.o
       198          0          0          0          0       3108   data_convert.o
       416        122         69          0         20       4103   data_random.o
        84         20          0          0          0       1236   data_set.o
        52          4        512          0          0       1579   data_verification.o
      2368        890        297         52       1272      20931   elog.o
       176         68          0          0          0       8187   elog_port.o
       276        122         35          0          0       2441   elog_utils.o
        78         10         16          4          0       3318   factory_iic.o
         2          0          0          0          0       5107   freerotspro.o
       104         40         30          1        256       5118   frtos_printf.o
        32          6          0          2          0       4559   gt9xx.o
         0          0          0         30        144       1732   gv_variable.o
      1278        722        523          0          0       2686   hal_ext_uart.o
       416         34          0         32     131072       6932   heap_4.o
       732        496        137         20          0       8555   hook_mem.o
       312        182        139          0          0       2744   letter_shell_noos_cmd.o
      1484        778        774         24          0      10637   letter_shell_rtos_cmd.o
       138          0          0          0          0       3718   list.o
       874        244        237          0        532       8211   log.o
       420        156          0          0          0       1960   main.o
         0          0          0          0          0        496   mmc.o
       988        236          0          0          0       9462   p_data_queue.o
       188         30          0         56       2044       4468   p_data_queue_outer.o
       294         32          0          4          0       8469   port.o
      1298         12          0          0          0      13090   queue.o
       146          0          0          0          0       3592   queue2.o
       280        106          0          0          0       3593   queue3.o
         0          0          0          0          0       2426   rtos_comtask.o
       196         52          0          4          0    1235174   segger_dao.o
       636        402          0          0          0      23632   segger_outinterface.o
      1006         62         33          1       3300      16893   segger_rtt.o
       932          6         16          0          0       6461   segger_rtt_printf.o
      2632        122         26         40       1299      42480   segger_sysview.o
        12          6          0          0          0        696   segger_sysview_config_freertos.o
       420         46         80          4        160       5223   segger_sysview_freertos.o
      1036        380        464          0          0       2205   segger_toolkit.o
      4392        248       1188         88         29      47313   shell.o
        70          0          0          0          0       2200   shell_companion.o
       796          8          0          0          0       8398   shell_ext.o
       380         78          0         32        624       6915   shell_port.o
        36          8        664          0      13824        952   startup_stm32h743xx.o
       212         34          0         12          0      21956   stm32h7xx_hal.o
       394         30          0          0          0      43055   stm32h7xx_hal_cortex.o
      5788        138          8          0          0      14986   stm32h7xx_hal_dma.o
       852         96          0          0          0       4826   stm32h7xx_hal_gpio.o
      1992         46          0          0          0      14679   stm32h7xx_hal_i2c.o
        90          0          0          0          0       1271   stm32h7xx_hal_i2c_ex.o
       206          0          0          0          0       2522   stm32h7xx_hal_ltdc.o
        28          6          0          0          0       1022   stm32h7xx_hal_msp.o
        80          6          0          0          0        793   stm32h7xx_hal_pwr_ex.o
      2592        120          0          0          0       7736   stm32h7xx_hal_rcc.o
      3892        140          0          0          0       8779   stm32h7xx_hal_rcc_ex.o
        68          0          0          0          0       1765   stm32h7xx_hal_rng.o
      8552        224          0          0          0      27854   stm32h7xx_hal_uart.o
       318         18          0          0          0       5522   stm32h7xx_hal_uart_ex.o
       234        152          0          0          0       2813   stm32h7xx_it.o
       116         28          0          0          0       1649   sys_dwt.o
       858        576         66          0          0      21895   sys_init_all.o
        64         12          0          0          0       6343   sys_interrupt.o
       132         18         16          8          0    1232961   system_stm32h7xx.o
        52         12          0          8          0       2054   systick.o
       272        140          0          0          0       2741   task_check.o
       210         30          0          8          0       5047   taskfun.o
       780        436         12        170          0       3259   taskfun_outer.o
      3720        290          0         60        740      41547   tasks.o
       248         80          0          1          0       2107   tasksema.o
       396        320          0         74          0       2576   tasksemafun_outer.o
       268        168          0          0          0       2288   taskworkhandle.o
      1940       1076          0          0          0       7510   usart485_common_verify.o
       208         56         72          0          0       1821   usart_485_232_send.o
       300        106        117          0          0       3970   usart_485_sendmethod.o
        16          4          0          0         76        715   user_buffers.o
         0          0          0          0          0       5316   user_systemtask.o
       196         92         37          4          0       2599   user_task_1.o
       652        280        121          0          0       5910   user_testtask.o
        38          0          0          0          0        702   w_string.o

    ----------------------------------------------------------------------
     69796      12656       6163       1552     159264    3271731   Object Totals
         0          0         32          0          0          0   (incl. Generated)
        88          0         25         17         40          0   (incl. Padding)

    ----------------------------------------------------------------------

      Code (inc. data)   RO Data    RW Data    ZI Data      Debug   Library Member Name

        86          0          0          0          0          0   __dczerorl2.o
        28          0          0          0          0         68   _chval.o
       158          0          0          0          0         92   _strtoul.o
        26          0          0          0          0         80   atoi.o
         8          4        133          0          0         68   ctype_o.o
         0          0          0          0          0          0   entry.o
         0          0          0          0          0          0   entry10a.o
         0          0          0          0          0          0   entry11a.o
         8          4          0          0          0          0   entry2.o
         4          0          0          0          0          0   entry5.o
         0          0          0          0          0          0   entry7b.o
         0          0          0          0          0          0   entry8b.o
         8          4          0          0          0          0   entry9a.o
         8          4          0          4          0         68   errno.o
        30          0          0          0          0          0   handlers.o
        36          8          0          0          0         68   init.o
         0          0          0          0          0          0   iusefp.o
        30          0          0          0          0         68   llshl.o
        36          0          0          0          0         68   llsshr.o
        32          0          0          0          0         68   llushr.o
       188         20          0          0          0        160   malloc.o
        26          0          0          0          0         80   memcmp.o
        64          0          0          0          0         76   memmovea.o
        36          0          0          0          0        108   memseta.o
         0          0          0          8          0          0   mvars.o
      2438        112          0          0          0        904   printfa.o
         0          0          0          4          0          0   stdout.o
        28          0          0          0          0         76   strcmp.o
        18          0          0          0          0         68   strcpy.o
        14          0          0          0          0         68   strlen.o
        30          0          0          0          0         80   strncmp.o
        24          0          0          0          0         76   strncpy.o
        36          0          0          0          0         80   strstr.o
       112          0          0          0          0         88   strtol.o
        44          0          0          0          0         80   uidiv.o
        98          0          0          0          0         92   uldiv.o
        48          0          0          0          0         68   cdrcmple.o
       334          0          0          0          0        148   dadd.o
       222          0          0          0          0        100   ddiv.o
       186          0          0          0          0        176   depilogue.o
        48          0          0          0          0         68   dfixul.o
       228          0          0          0          0         96   dmul.o

    ----------------------------------------------------------------------
      4728        156        133         16          0       3340   Library Totals
         8          0          0          0          0          0   (incl. Padding)

    ----------------------------------------------------------------------

      Code (inc. data)   RO Data    RW Data    ZI Data      Debug   Library Name

      3654        156        133         16          0       2684   mc_w.l
      1066          0          0          0          0        656   mf_w.l

    ----------------------------------------------------------------------
      4728        156        133         16          0       3340   Library Totals

    ----------------------------------------------------------------------

==============================================================================


      Code (inc. data)   RO Data    RW Data    ZI Data      Debug   

     74524      12812       6296       1568     159264    3216883   Grand Totals
     74524      12812       6296        412     159264    3216883   ELF Image Totals (compressed)
     74524      12812       6296        412          0          0   ROM Totals

==============================================================================

    Total RO  Size (Code + RO Data)                80820 (  78.93kB)
    Total RW  Size (RW Data + ZI Data)            160832 ( 157.06kB)
    Total ROM Size (Code + RO Data + RW Data)      81232 (  79.33kB)

==============================================================================

