Component: ARM Compiler 5.06 update 6 (build 750) Tool: armlink [4d35ed]

==============================================================================

Section Cross References

    startup_stm32h743xx.o(RESET) refers to startup_stm32h743xx.o(STACK) for __initial_sp
    startup_stm32h743xx.o(RESET) refers to startup_stm32h743xx.o(.text) for Reset_Handler
    startup_stm32h743xx.o(RESET) refers to stm32h7xx_it.o(i.NMI_Handler) for NMI_Handler
    startup_stm32h743xx.o(RESET) refers to stm32h7xx_it.o(i.HardFault_Handler) for HardFault_Handler
    startup_stm32h743xx.o(RESET) refers to stm32h7xx_it.o(i.MemManage_Handler) for MemManage_Handler
    startup_stm32h743xx.o(RESET) refers to stm32h7xx_it.o(i.BusFault_Handler) for BusFault_Handler
    startup_stm32h743xx.o(RESET) refers to stm32h7xx_it.o(i.UsageFault_Handler) for UsageFault_Handler
    startup_stm32h743xx.o(RESET) refers to port.o(.emb_text) for SVC_Handler
    startup_stm32h743xx.o(RESET) refers to stm32h7xx_it.o(i.DebugMon_Handler) for DebugMon_Handler
    startup_stm32h743xx.o(RESET) refers to systick.o(i.SysTick_Handler) for SysTick_Handler
    startup_stm32h743xx.o(RESET) refers to gt9xx.o(i.EXTI3_IRQHandler) for EXTI3_IRQHandler
    startup_stm32h743xx.o(RESET) refers to bsp_usart_com485.o(i.USART2_IRQHandler) for USART2_IRQHandler
    startup_stm32h743xx.o(RESET) refers to shell_port.o(i.UART4_IRQHandler) for UART4_IRQHandler
    startup_stm32h743xx.o(RESET) refers to bsp_lcd.o(i.LTDC_IRQHandler) for LTDC_IRQHandler
    startup_stm32h743xx.o(.text) refers to system_stm32h7xx.o(i.SystemInit) for SystemInit
    startup_stm32h743xx.o(.text) refers to entry.o(.ARM.Collect$$$$00000000) for __main
    system_stm32h7xx.o(i.SystemCoreClockUpdate) refers to system_stm32h7xx.o(.data) for .data
    system_stm32h7xx.o(i.SystemCoreClockUpdate) refers to system_stm32h7xx.o(.constdata) for .constdata
    stm32h7xx_hal.o(i.HAL_DeInit) refers to stm32h7xx_hal.o(i.HAL_MspDeInit) for HAL_MspDeInit
    stm32h7xx_hal.o(i.HAL_Delay) refers to bsp_systime.o(i.HAL_GetTick) for HAL_GetTick
    stm32h7xx_hal.o(i.HAL_Delay) refers to stm32h7xx_hal.o(.data) for .data
    stm32h7xx_hal.o(i.HAL_GetTick) refers to stm32h7xx_hal.o(.data) for .data
    stm32h7xx_hal.o(i.HAL_GetTickFreq) refers to stm32h7xx_hal.o(.data) for .data
    stm32h7xx_hal.o(i.HAL_GetTickPrio) refers to stm32h7xx_hal.o(.data) for .data
    stm32h7xx_hal.o(i.HAL_IncTick) refers to stm32h7xx_hal.o(.data) for .data
    stm32h7xx_hal.o(i.HAL_Init) refers to stm32h7xx_hal_cortex.o(i.HAL_NVIC_SetPriorityGrouping) for HAL_NVIC_SetPriorityGrouping
    stm32h7xx_hal.o(i.HAL_Init) refers to stm32h7xx_hal_rcc.o(i.HAL_RCC_GetSysClockFreq) for HAL_RCC_GetSysClockFreq
    stm32h7xx_hal.o(i.HAL_Init) refers to stm32h7xx_hal.o(i.HAL_InitTick) for HAL_InitTick
    stm32h7xx_hal.o(i.HAL_Init) refers to stm32h7xx_hal_msp.o(i.HAL_MspInit) for HAL_MspInit
    stm32h7xx_hal.o(i.HAL_Init) refers to system_stm32h7xx.o(.constdata) for D1CorePrescTable
    stm32h7xx_hal.o(i.HAL_Init) refers to system_stm32h7xx.o(.data) for SystemCoreClock
    stm32h7xx_hal.o(i.HAL_Init) refers to system_stm32h7xx.o(.data) for SystemD2Clock
    stm32h7xx_hal.o(i.HAL_InitTick) refers to stm32h7xx_hal_cortex.o(i.HAL_SYSTICK_Config) for HAL_SYSTICK_Config
    stm32h7xx_hal.o(i.HAL_InitTick) refers to stm32h7xx_hal_cortex.o(i.HAL_NVIC_SetPriority) for HAL_NVIC_SetPriority
    stm32h7xx_hal.o(i.HAL_InitTick) refers to stm32h7xx_hal.o(.data) for .data
    stm32h7xx_hal.o(i.HAL_InitTick) refers to system_stm32h7xx.o(.data) for SystemCoreClock
    stm32h7xx_hal.o(i.HAL_SYSCFG_EnableVREFBUF) refers to bsp_systime.o(i.HAL_GetTick) for HAL_GetTick
    stm32h7xx_hal.o(i.HAL_SetTickFreq) refers to stm32h7xx_hal.o(i.HAL_InitTick) for HAL_InitTick
    stm32h7xx_hal.o(i.HAL_SetTickFreq) refers to stm32h7xx_hal.o(.data) for .data
    stm32h7xx_hal_cortex.o(i.HAL_NVIC_SetPriority) refers to stm32h7xx_hal_cortex.o(i.__NVIC_SetPriority) for __NVIC_SetPriority
    stm32h7xx_hal_cortex.o(i.HAL_SYSTICK_Config) refers to stm32h7xx_hal_cortex.o(i.__NVIC_SetPriority) for __NVIC_SetPriority
    stm32h7xx_hal_cortex.o(i.HAL_SYSTICK_IRQHandler) refers to stm32h7xx_hal_cortex.o(i.HAL_SYSTICK_Callback) for HAL_SYSTICK_Callback
    stm32h7xx_hal_dma.o(i.DMA_CalcBaseAndBitshift) refers to stm32h7xx_hal_dma.o(.constdata) for .constdata
    stm32h7xx_hal_dma.o(i.HAL_DMA_Abort) refers to bsp_systime.o(i.HAL_GetTick) for HAL_GetTick
    stm32h7xx_hal_dma.o(i.HAL_DMA_DeInit) refers to stm32h7xx_hal_dma.o(i.DMA_CalcBaseAndBitshift) for DMA_CalcBaseAndBitshift
    stm32h7xx_hal_dma.o(i.HAL_DMA_DeInit) refers to stm32h7xx_hal_dma.o(i.DMA_CalcDMAMUXChannelBaseAndMask) for DMA_CalcDMAMUXChannelBaseAndMask
    stm32h7xx_hal_dma.o(i.HAL_DMA_DeInit) refers to stm32h7xx_hal_dma.o(i.DMA_CalcDMAMUXRequestGenBaseAndMask) for DMA_CalcDMAMUXRequestGenBaseAndMask
    stm32h7xx_hal_dma.o(i.HAL_DMA_IRQHandler) refers to system_stm32h7xx.o(.data) for SystemCoreClock
[...]
    SystemCoreClock                          0x24000000   Data           4  system_stm32h7xx.o(.data)
    SystemD2Clock                            0x24000004   Data           4  system_stm32h7xx.o(.data)
    uwTickFreq                               0x24000008   Data           1  stm32h7xx_hal.o(.data)
    uwTickPrio                               0x2400000c   Data           4  stm32h7xx_hal.o(.data)
    uwTick                                   0x24000010   Data           4  stm32h7xx_hal.o(.data)
    pxCurrentTCB                             0x24000068   Data           4  tasks.o(.data)
    timedelar_T_1_Task                       0x240000a8   Data           2  user_task_1.o(.data)
    timedelar_T_2_Task                       0x240000aa   Data           2  user_task_1.o(.data)
    GV_usartdmaSend                          0x240000ac   Data          72  bsp_usart_dma.o(.data)
    IIC_EE_currentDriver                     0x240000f4   Data           4  factory_iic.o(.data)
    touchIC                                  0x240000f8   Data           1  gt9xx.o(.data)
    mst_handle                               0x24000100   Data           4  busi_test.o(.data)
    NowUse_rtos                              0x24000104   Data           4  bsp_systime.o(.data)
    g_sys_time                               0x24000108   Data           4  bsp_systime.o(.data)
    g_sysRunCount                            0x2400011c   Data           4  taskfun.o(.data)
    g_taskComps                              0x24000120   Data         144  taskfun_outer.o(.data)
    g_taskSemaphore                          0x240001b4   Data          72  tasksemafun_outer.o(.data)
    xTask1Handle                             0x24000204   Data           4  hook_mem.o(.data)
    xTask2Handle                             0x24000208   Data           4  hook_mem.o(.data)
    xTask3Handle                             0x2400020c   Data           4  hook_mem.o(.data)
    xTooLargeTaskHandle                      0x24000210   Data           4  hook_mem.o(.data)
    elog_assert_hook                         0x24000218   Data           4  elog.o(.data)
    task_state_strings                       0x2400024c   Data          24  letter_shell_rtos_cmd.o(.data)
    pairedChars                              0x24000264   Data           2  shell.o(.data)
    my_uartshell_redata                      0x240002bc   Data           1  shell_port.o(.data)
    RIT_Status                               0x240002bd   Data           1  shell_port.o(.data)
    read_byte                                0x240002be   Data           1  shell_port.o(.data)
    read_count                               0x240002c0   Data           2  shell_port.o(.data)
    shellBinarySem                           0x240002c4   Data           4  shell_port.o(.data)
    xHigherPriorityTaskWoken                 0x240002c8   Data           4  shell_port.o(.data)
    userLog                                  0x240002d0   Data          12  shell_port.o(.data)
    this_com485_Usart_Send                   0x240002dc   Data           4  bsp_usart_com485.o(.data)
    cbCfg                                    0x240002e4   Data           8  bsp_usart_com485.o(.data)
    g_U485UsartSendCb                        0x240002ec   Data           8  bsp_usart_com485.o(.data)
    GV_send_run_state_data                   0x240002f4   Data           2  gv_variable.o(.data)
    GV_send_run_state_bigdata                0x240002f6   Data           2  gv_variable.o(.data)
    GV_send_setting_data                     0x240002f8   Data           8  gv_variable.o(.data)
    GV_send_setting_bigdata                  0x24000300   Data           8  gv_variable.o(.data)
    GV_send_setting_return_data              0x24000308   Data           8  gv_variable.o(.data)
    update_lvgl_flag                         0x24000310   Data           1  gv_variable.o(.data)
    update_lvgl_02_flag                      0x24000311   Data           1  gv_variable.o(.data)
    __stdout                                 0x24000314   Data           4  stdout.o(.data)
    __microlib_freelist                      0x24000318   Data           4  mvars.o(.data)
    __microlib_freelist_initialised          0x2400031c   Data           4  mvars.o(.data)
    _SEGGER_RTT                              0x24000324   Data         192  segger_rtt.o(.bss)
    global_elems_2                           0x240218b8   Data          32  p_data_queue_outer.o(.bss)
    global_node_buff_2                       0x240218d8   Data         200  p_data_queue_outer.o(.bss)
    node_data_2                              0x240219a0   Data          32  p_data_queue_outer.o(.bss)
    q_tx_rx_queue_2                          0x240219c0   Data          28  p_data_queue_outer.o(.bss)
    global_elems_UsartDMAsend                0x240219dc   Data          32  p_data_queue_outer.o(.bss)
    global_node_buff_UsartDMAsend            0x240219fc   Data         200  p_data_queue_outer.o(.bss)
    node_data_UsartDMAsend                   0x24021ac4   Data          32  p_data_queue_outer.o(.bss)
    q_tx_rx_queue_UsartDMAsend               0x24021ae4   Data          28  p_data_queue_outer.o(.bss)
    shellRingBuffer                          0x24021b00   Data          76  user_buffers.o(.bss)
    huart_shell_Handle                       0x24021b4c   Data         140  bsp_usart_shell.o(.bss)
    I2C_A_Handle                             0x24021bd8   Data          76  bsp_iic.o(.bss)
    Ltdc_Handler                             0x24021ce0   Data         168  bsp_lcd.o(.bss)
    Dma2d_Handler                            0x24021d88   Data          96  bsp_lcd.o(.bss)
    DrawProp                                 0x24021de8   Data          24  bsp_lcd.o(.bss)
    busi_sample_values                       0x24021e00   Data          24  business.o(.bss)
    busi_switch_values                       0x24021e18   Data          24  business.o(.bss)
    busi_sample_mmc_ctrl                     0x24021e30   Data          16  business.o(.bss)
    busi_switch_mmc_ctrl                     0x24021e40   Data          16  business.o(.bss)
    shell                                    0x2402247c   Data         112  shell_port.o(.bss)
    shellBuffer                              0x240224ec   Data         512  shell_port.o(.bss)
    logList                                  0x240226ec   Data          20  log.o(.bss)
    huart_COM485_Handle                      0x24022900   Data         140  bsp_usart_com485.o(.bss)
    GV_get_vol_real_data                     0x24022990   Data         144  gv_variable.o(.bss)
    __heap_base                              0x24022a20   Data           0  startup_stm32h743xx.o(HEAP)
    __heap_limit                             0x24023c20   Data           0  startup_stm32h743xx.o(HEAP)
    __initial_sp                             0x24026020   Data           0  startup_stm32h743xx.o(STACK)



==============================================================================

Memory Map of the image

  Image Entry point : 0x08000299

  Load Region LR_IROM1 (Base: 0x08000000, Size: 0x0000890c, Max: 0x00100000, ABSOLUTE, COMPRESSED[0x000086ec])

    Execution Region ER_IROM1 (Exec base: 0x08000000, Load base: 0x08000000, Size: 0x000085e8, Max: 0x00100000, ABSOLUTE)

    Exec Addr    Load Addr    Size         Type   Attr      Idx    E Section Name        Object

    0x08000000   0x08000000   0x00000298   Data   RO            3    RESET               startup_stm32h743xx.o
    0x08000298   0x08000298   0x00000000   Code   RO        16084  * .ARM.Collect$$$$00000000  mc_w.l(entry.o)
    0x08000298   0x08000298   0x00000004   Code   RO        16439    .ARM.Collect$$$$00000001  mc_w.l(entry2.o)
    0x0800029c   0x0800029c   0x00000004   Code   RO        16442    .ARM.Collect$$$$00000004  mc_w.l(entry5.o)
    0x080002a0   0x080002a0   0x00000000   Code   RO        16444    .ARM.Collect$$$$00000008  mc_w.l(entry7b.o)
    0x080002a0   0x080002a0   0x00000000   Code   RO        16446    .ARM.Collect$$$$0000000A  mc_w.l(entry8b.o)
    0x080002a0   0x080002a0   0x00000008   Code   RO        16447    .ARM.Collect$$$$0000000B  mc_w.l(entry9a.o)
    0x080002a8   0x080002a8   0x00000000   Code   RO        16449    .ARM.Collect$$$$0000000D  mc_w.l(entry10a.o)
    0x080002a8   0x080002a8   0x00000000   Code   RO        16451    .ARM.Collect$$$$0000000F  mc_w.l(entry11a.o)
    0x080002a8   0x080002a8   0x00000004   Code   RO        16440    .ARM.Collect$$$$00002712  mc_w.l(entry2.o)
    0x080002ac   0x080002ac   0x00000024   Code   RO            4    .text               startup_stm32h743xx.o
    0x080002d0   0x080002d0   0x00000062   Code   RO        16087    .text               mc_w.l(uldiv.o)
    0x08000332   0x08000332   0x00000024   Code   RO        16126    .text               mc_w.l(strstr.o)
    0x08000356   0x08000356   0x00000018   Code   RO        16128    .text               mc_w.l(strncpy.o)
    0x0800036e   0x0800036e   0x0000001e   Code   RO        16140    .text               mc_w.l(strncmp.o)
    0x0800038c   0x0800038c   0x0000001a   Code   RO        16437    .text               mc_w.l(atoi.o)
    0x080003a6   0x080003a6   0x00000020   Code   RO        16458    .text               mc_w.l(llushr.o)
    0x080003c6   0x080003c6   0x00000000   Code   RO        16471    .text               mc_w.l(iusefp.o)
    0x080003c6   0x080003c6   0x0000014e   Code   RO        16472    .text               mf_w.l(dadd.o)
    0x08000514   0x08000514   0x000000e4   Code   RO        16474    .text               mf_w.l(dmul.o)
    0x080005f8   0x080005f8   0x000000de   Code   RO        16476    .text               mf_w.l(ddiv.o)
    0x080006d6   0x080006d6   0x00000030   Code   RO        16478    .text               mf_w.l(dfixul.o)
    0x08000706   0x08000706   0x00000002   PAD
    0x08000708   0x08000708   0x00000024   Code   RO        16482    .text               mc_w.l(init.o)
    0x0800072c   0x0800072c   0x00000024   Code   RO        16484    .text               mc_w.l(llsshr.o)
    0x08000750   0x08000750   0x000000ba   Code   RO        16488    .text               mf_w.l(depilogue.o)
    0x0800080a   0x0800080a   0x0000001c   Code   RO        16490    .text               mc_w.l(_chval.o)
    0x08000826   0x08000826   0x00000002   PAD
    0x08000828   0x08000828   0x000002f4   Code   RO        10361    i.ALL_Init_cfg      sys_init_all.o
    0x08000b1c   0x08000b1c   0x0000000e   Code   RO        12826    i.AppTaskHandler    taskfun.o
    0x08000b2a   0x08000b2a   0x00000002   PAD
    0x08000b2c   0x08000b2c   0x00000008   Code   RO        10362    i.BSP_GetVersion    sys_init_all.o
    0x08000b34   0x08000b34   0x00000080   Code   RO        11232    i.Board_MPU_Config  bsp_mpu.o
    0x08000bb4   0x08000bb4   0x00000140   Code   RO          895    i.DMA_SetConfig     stm32h7xx_hal_dma.o
    0x08000cf4   0x08000cf4   0x00000030   Code   RO        12664    i.DWT_Init          sys_dwt.o
    0x08000d24   0x08000d24   0x00000002   Code   RO        10466    i.DebugMon_Handler  stm32h7xx_it.o
    0x08000d26   0x08000d26   0x00000002   PAD
    0x08000d28   0x08000d28   0x000001f8   Code   RO          898    i.HAL_DMA_DeInit    stm32h7xx_hal_dma.o
    0x08000f20   0x08000f20   0x00000248   Code   RO          906    i.HAL_DMA_Start_IT  stm32h7xx_hal_dma.o
    0x08001168   0x08001168   0x0000000c   Code   RO          216    i.HAL_GetREVID      stm32h7xx_hal.o
    0x08001174   0x08001174   0x0000001c   Code   RO        12563    i.HAL_GetTick       bsp_systime.o
    0x08001190   0x08001190   0x0000005a   Code   RO         2374    i.HAL_I2CEx_ConfigAnalogFilter  stm32h7xx_hal_i2c_ex.o
    0x080011ea   0x080011ea   0x00000006   Code   RO         1927    i.HAL_I2C_GetState  stm32h7xx_hal_i2c.o
    0x080011f0   0x080011f0   0x000000c0   Code   RO         1928    i.HAL_I2C_Init      stm32h7xx_hal_i2c.o
    0x080012b0   0x080012b0   0x00000158   Code   RO         1929    i.HAL_I2C_IsDeviceReady  stm32h7xx_hal_i2c.o
    0x08001408   0x08001408   0x00000002   Code   RO         2557    i.HAL_LTDC_LineEventCallback  stm32h7xx_hal_ltdc.o
    0x0800140a   0x0800140a   0x00000002   PAD
    0x0800140c   0x0800140c   0x0000001c   Code   RO          608    i.HAL_MPU_Disable   stm32h7xx_hal_cortex.o
    0x08001428   0x08001428   0x00000024   Code   RO          609    i.HAL_MPU_Enable    stm32h7xx_hal_cortex.o
    0x0800144c   0x0800144c   0x0000001c   Code   RO         3007    i.HAL_MspInit       stm32h7xx_hal_msp.o
    0x08001468   0x08001468   0x00000050   Code   RO         3411    i.HAL_PWREx_ConfigSupply  stm32h7xx_hal_pwr_ex.o
    0x080014b8   0x080014b8   0x0000002c   Code   RO         4036    i.HAL_RCCEx_GetD1SysClockFreq  stm32h7xx_hal_rcc_ex.o
    0x080014e4   0x080014e4   0x00000024   Code   RO         4037    i.HAL_RCCEx_GetD3PCLK1Freq  stm32h7xx_hal_rcc_ex.o
    0x08001508   0x08001508   0x000001c0   Code   RO         4039    i.HAL_RCCEx_GetPLL2ClockFreq  stm32h7xx_hal_rcc_ex.o
    0x080016c8   0x080016c8   0x0000091c   Code   RO         4044    i.HAL_RCCEx_PeriphCLKConfig  stm32h7xx_hal_rcc_ex.o
    0x08001fe4   0x08001fe4   0x00000024   Code   RO         3930    i.HAL_RCC_GetPCLK1Freq  stm32h7xx_hal_rcc.o
    0x08002008   0x08002008   0x00000594   Code   RO         3935    i.HAL_RCC_OscConfig  stm32h7xx_hal_rcc.o
    0x0800259c   0x0800259c   0x00000042   Code   RO         4197    i.HAL_RNG_Init      stm32h7xx_hal_rng.o
    0x080025de   0x080025de   0x00000002   Code   RO         4199    i.HAL_RNG_MspInit   stm32h7xx_hal_rng.o
    0x080025e0   0x080025e0   0x00000028   Code   RO          623    i.HAL_SYSTICK_Config  stm32h7xx_hal_cortex.o
    0x08002608   0x08002608   0x0000003c   Code   RO         6729    i.HAL_UARTEx_DisableFifoMode  stm32h7xx_hal_uart_ex.o
    0x08002644   0x08002644   0x00000002   Code   RO         6733    i.HAL_UARTEx_RxFifoFullCallback  stm32h7xx_hal_uart_ex.o
    0x08002646   0x08002646   0x0000004c   Code   RO         6735    i.HAL_UARTEx_SetTxFifoThreshold  stm32h7xx_hal_uart_ex.o
    0x08002692   0x08002692   0x00000002   Code   RO         6738    i.HAL_UARTEx_WakeupCallback  stm32h7xx_hal_uart_ex.o
    0x08002694   0x08002694   0x0000003e   Code   RO         6343    i.HAL_UART_DeInit   stm32h7xx_hal_uart.o
    0x080026d2   0x080026d2   0x00000002   PAD
    0x080026d4   0x080026d4   0x000001d0   Code   RO         6349    i.HAL_UART_IRQHandler  stm32h7xx_hal_uart.o
    0x080028a4   0x080028a4   0x00000044   Code   RO        11333    i.HAL_UART_MspDeInit  bsp_usart.o
    0x080028e8   0x080028e8   0x00000088   Code   RO        11334    i.HAL_UART_MspInit  bsp_usart.o
    0x08002970   0x08002970   0x00000100   Code   RO         6356    i.HAL_UART_Receive_IT_UNLOCK  stm32h7xx_hal_uart.o
    0x08002a70   0x08002a70   0x000000c8   Code   RO         6360    i.HAL_UART_Transmit  stm32h7xx_hal_uart.o
    0x08002b38   0x08002b38   0x0000009c   Code   RO         6361    i.HAL_UART_Transmit_DMA  stm32h7xx_hal_uart.o
    0x08002bd4   0x08002bd4   0x000000bc   Code   RO        13564    i.HandleSema_test   tasksemafun_outer.o
    0x08002c90   0x08002c90   0x00000004   Code   RO        13613    i.Handle_letter_Shell_NoOsWhile  taskworkhandle.o
    0x08002c94   0x08002c94   0x0000002c   Code   RO        10467    i.HardFault_Handler  stm32h7xx_it.o
    0x08002cc0   0x08002cc0   0x00000048   Code   RO        11155    i.I2C_EE_PageWrite  bsp_i2c_ee.o
    0x08002d08   0x08002d08   0x00000022   Code   RO         1975    i.I2C_Flush_TXDR    stm32h7xx_hal_i2c.o
    0x08002d2a   0x08002d2a   0x00000002   PAD
    0x08002d2c   0x08002d2c   0x0000003c   Code   RO        11506    i.I2C_Mode_Config   bsp_iic.o
    0x08002d68   0x08002d68   0x00000074   Code   RO         1986    i.I2C_RequestMemoryRead  stm32h7xx_hal_i2c.o
    0x08002ddc   0x08002ddc   0x0000002c   Code   RO         1990    i.I2C_TransferConfig  stm32h7xx_hal_i2c.o
    0x08002e08   0x08002e08   0x00000056   Code   RO         1991    i.I2C_WaitOnFlagUntilTimeout  stm32h7xx_hal_i2c.o
    0x08002e5e   0x08002e5e   0x0000004c   Code   RO         1993    i.I2C_WaitOnSTOPFlagUntilTimeout  stm32h7xx_hal_i2c.o
    0x08002eaa   0x08002eaa   0x00000050   Code   RO         1994    i.I2C_WaitOnTXISFlagUntilTimeout  stm32h7xx_hal_i2c.o
    0x08002efa   0x08002efa   0x00000010   Code   RO        11086    i.IIC_EE_DriverFactory_Create  factory_iic.o
    0x08002f0a   0x08002f0a   0x00000002   PAD
    0x08002f0c   0x08002f0c   0x00000058   Code   RO        11692    i.LTDC_IRQHandler   bsp_lcd.o
    0x08002f64   0x08002f64   0x00000034   Code   RO        11233    i.LVGL_MPU_Config   bsp_mpu.o
    0x08002f98   0x08002f98   0x000000b8   Code   RO        13918    i.MX_RNG_Init       data_random.o
    0x08003050   0x08003050   0x0000000e   Code   RO        10364    i.NeedToRepeatOperate_Pro  sys_init_all.o
    0x0800305e   0x0800305e   0x00000002   PAD
    0x08003060   0x08003060   0x000000c0   Code   RO        13919    i.RNG_BuildWeightMap  data_random.o
    0x08003120   0x08003120   0x00000018   Code   RO        13921    i.RNG_InitWeight    data_random.o
    0x08003138   0x08003138   0x00000010   Code   RO        10737    i.RingBuffer_IsEmpty  queue2.o
    0x08003148   0x08003148   0x0000001c   Code   RO        10738    i.RingBuffer_IsFull  queue2.o
    0x08003164   0x08003164   0x0000002e   Code   RO        10739    i.RingBuffer_ReadByte  queue2.o
    0x08003192   0x08003192   0x0000002c   Code   RO        10741    i.RingBuffer_WriteByte  queue2.o
    0x080031be   0x080031be   0x00000002   PAD
    0x080031c0   0x080031c0   0x00000068   Code   RO         7183    i.SEGGER_PcDao_Test256DataPrint  segger_dao.o
    0x08003228   0x08003228   0x00000054   Code   RO         7184    i.SEGGER_PcDao_UsartToMcuTransform  segger_dao.o
    0x0800327c   0x0800327c   0x0000007c   Code   RO         7376    i.SEGGER_RTT_ReadNoLock  segger_rtt.o
    0x080032f8   0x080032f8   0x00000090   Code   RO         7383    i.SEGGER_RTT_SetTerminal  segger_rtt.o
    0x08003388   0x08003388   0x0000006c   Code   RO         7389    i.SEGGER_RTT_WriteNoLock  segger_rtt.o
    0x080033f4   0x080033f4   0x0000004c   Code   RO         7804    i.SEGGER_SYSVIEW_OnTaskStartExec  segger_sysview.o
    0x08003440   0x08003440   0x00000034   Code   RO         7823    i.SEGGER_SYSVIEW_RecordSystime  segger_sysview.o
    0x08003474   0x08003474   0x00000044   Code   RO         7824    i.SEGGER_SYSVIEW_RecordU32  segger_sysview.o
    0x080034b8   0x080034b8   0x00000010   Code   RO         7848    i.SEGGER_SYSVIEW_ShrinkId  segger_sysview.o
    0x080034c8   0x080034c8   0x00000030   Code   RO         7849    i.SEGGER_SYSVIEW_Start  segger_sysview.o
    0x080034f8   0x080034f8   0x00000048   Code   RO         7850    i.SEGGER_SYSVIEW_Start_Ex  segger_sysview.o
    0x08003540   0x08003540   0x0000001c   Code   RO         7851    i.SEGGER_SYSVIEW_Stop  segger_sysview.o
    0x0800355c   0x0800355c   0x00000064   Code   RO         7861    i.SEGGER_SYSVIEW_Warn  segger_sysview.o
    0x080035c0   0x080035c0   0x00000068   Code   RO        14263    i.SYSTEM_i_print    frtos_printf.o
    0x08003628   0x08003628   0x00000074   Code   RO         7675    i.SYSVIEW_AddTask   segger_sysview_freertos.o
    0x0800369c   0x0800369c   0x00000028   Code   RO        12777    i.SysTick_Handler   systick.o
    0x080036c4   0x080036c4   0x00000084   Code   RO           14    i.SystemInit        system_stm32h7xx.o
    0x08003748   0x08003748   0x00000018   Code   RO        14451    i.TEST_ALL_TEST     bsp_all_test.o
    0x08003760   0x08003760   0x0000004c   Code   RO        12833    i.TaskHandler       taskfun.o
    0x080037ac   0x080037ac   0x0000000c   Code   RO        10647    i.Test_all_queue    p_data_queue_outer.o
    0x080037b8   0x080037b8   0x00000064   Code   RO         6739    i.UARTEx_SetNbDataToProcess  stm32h7xx_hal_uart_ex.o
    0x0800381c   0x0800381c   0x000000c8   Code   RO         6365    i.UART_AdvFeatureConfig  stm32h7xx_hal_uart.o
    0x080038e4   0x080038e4   0x0000005e   Code   RO         6366    i.UART_CheckIdleState  stm32h7xx_hal_uart.o
    0x08003942   0x08003942   0x00000030   Code   RO         6373    i.UART_DMATransmitCplt  stm32h7xx_hal_uart.o
    0x08003972   0x08003972   0x0000001c   Code   RO         6379    i.UART_EndTxTransfer  stm32h7xx_hal_uart.o
    0x0800398e   0x0800398e   0x0000005c   Code   RO         6380    i.UART_RxISR_16BIT  stm32h7xx_hal_uart.o
    0x080039ea   0x080039ea   0x00000002   PAD
    0x080039ec   0x080039ec   0x000000a0   Code   RO         6383    i.UART_RxISR_8BIT_FIFOEN  stm32h7xx_hal_uart.o
    0x08003a8c   0x08003a8c   0x00000038   Code   RO        15697    i.USART2_IRQHandler  bsp_usart_com485.o
    0x08003ac4   0x08003ac4   0x0000000e   Code   RO        11426    i.USART_Shell_ComDrvInit  bsp_usart_shell.o
    0x08003ad2   0x08003ad2   0x00000002   PAD
    0x08003ad4   0x08003ad4   0x00000074   Code   RO        11427    i.USART_Shell_GpioInit  bsp_usart_shell.o
    0x08003b48   0x08003b48   0x0000012c   Code   RO        11432    i.USART_Shell_UartInit  bsp_usart_shell.o
    0x08003c74   0x08003c74   0x00000030   Code   RO        10470    i.UsageFault_Handler  stm32h7xx_it.o
    0x08003ca4   0x08003ca4   0x00000024   Code   RO        10966    i.Usart_SendDMA_SaveFun  bsp_usart_dma.o
    0x08003cc8   0x08003cc8   0x00000088   Code   RO        10967    i.Usart_SendDMA_SendFun  bsp_usart_dma.o
    0x08003d50   0x08003d50   0x0000000c   Code   RO        10968    i.Usart_SendFUN_ALL  bsp_usart_dma.o
    0x08003d5c   0x08003d5c   0x00000010   Code   RO        13924    i.Weight_RANDOM_INIT  data_random.o
    0x08003d6c   0x08003d6c   0x00000034   Code   RO         7879    i._EncodeStr        segger_sysview.o
    0x08003da0   0x08003da0   0x00000018   Code   RO         7394    i._GetAvailWriteSpace  segger_rtt.o
    0x08003db8   0x08003db8   0x00000094   Code   RO         7880    i._HandleIncomingPacket  segger_sysview.o
    0x08003e4c   0x08003e4c   0x00000004   Code   RO         7881    i._PreparePacket    segger_sysview.o
    0x08003e50   0x08003e50   0x000000d8   Code   RO         7594    i._PrintInt         segger_rtt_printf.o
    0x08003f28   0x08003f28   0x000000d8   Code   RO         7595    i._PrintUnsigned    segger_rtt_printf.o
    0x08004000   0x08004000   0x000000ac   Code   RO         7884    i._RecordSystime    segger_sysview.o
    0x080040ac   0x080040ac   0x0000009a   Code   RO         7885    i._SendInitEvent    segger_sysview.o
    0x08004146   0x08004146   0x00000076   Code   RO         7887    i._SendPacket_Ex    segger_sysview.o
    0x080041bc   0x080041bc   0x00000024   Code   RO         7888    i._SendStartEvent   segger_sysview.o
    0x080041e0   0x080041e0   0x0000003e   Code   RO         7596    i._StoreChar        segger_rtt_printf.o
    0x0800421e   0x0800421e   0x0000005c   Code   RO         7396    i._WriteBlocking    segger_rtt.o
    0x0800427a   0x0800427a   0x00000002   PAD
    0x0800427c   0x0800427c   0x00000028   Code   RO        16383    i.__0sprintf        mc_w.l(printfa.o)
    0x080042a4   0x080042a4   0x0000002c   Code   RO        16386    i.__0vsnprintf      mc_w.l(printfa.o)
    0x080042d0   0x080042d0   0x00000020   Code   RO          625    i.__NVIC_SetPriority  stm32h7xx_hal_cortex.o
    0x080042f0   0x080042f0   0x00000008   Code   RO        16462    i.__aeabi_errno_addr  mc_w.l(errno.o)
    0x080042f8   0x080042f8   0x0000000e   Code   RO        16494    i.__scatterload_copy  mc_w.l(handlers.o)
    0x08004306   0x08004306   0x00000002   Code   RO        16495    i.__scatterload_null  mc_w.l(handlers.o)
    0x08004308   0x08004308   0x0000000e   Code   RO        16496    i.__scatterload_zeroinit  mc_w.l(handlers.o)
    0x08004316   0x08004316   0x00000002   PAD
    0x08004318   0x08004318   0x00000184   Code   RO        16388    i._fp_digits        mc_w.l(printfa.o)
    0x0800449c   0x0800449c   0x000006dc   Code   RO        16389    i._printf_core      mc_w.l(printfa.o)
    0x08004b78   0x08004b78   0x0000000a   Code   RO        16393    i._sputc            mc_w.l(printfa.o)
    0x08004b82   0x08004b82   0x0000001a   Code   RO        15615    i.agencylogSetLevel  log.o
    0x08004b9c   0x08004b9c   0x00000004   Code   RO        12914    i.calculate_TASK_NUM_MAX  taskfun_outer.o
    0x08004ba0   0x08004ba0   0x000000c4   Code   RO        10121    i.changetime        user_task_1.o
    0x08004c64   0x08004c64   0x000000d0   Code   RO        15784    i.com_DW_write_cmd_print  usart_485_232_send.o
    0x08004d34   0x08004d34   0x00000034   Code   RO        13999    i.crc_16            data_verification.o
    0x08004d68   0x08004d68   0x0000003c   Code   RO        14815    i.easylogger_init   elog_port.o
    0x08004da4   0x08004da4   0x00000108   Code   RO        14600    i.elog_get_filter_tag_lvl  elog.o
    0x08004eac   0x08004eac   0x00000040   Code   RO        14604    i.elog_init         elog.o
    0x08004eec   0x08004eec   0x000003d8   Code   RO        14605    i.elog_output       elog.o
    0x080052c4   0x080052c4   0x00000024   Code   RO        14606    i.elog_output_lock  elog.o
    0x080052e8   0x080052e8   0x00000030   Code   RO        14607    i.elog_output_lock_enabled  elog.o
    0x08005318   0x08005318   0x0000000c   Code   RO        14818    i.elog_port_get_t_info  elog_port.o
    0x08005324   0x08005324   0x00000010   Code   RO        14819    i.elog_port_get_time  elog_port.o
    0x08005334   0x08005334   0x00000004   Code   RO        14820    i.elog_port_init    elog_port.o
    0x08005338   0x08005338   0x00000004   Code   RO        14823    i.elog_port_output_unlock  elog_port.o
    0x0800533c   0x0800533c   0x00000010   Code   RO        14613    i.elog_set_filter_tag  elog.o
    0x0800534c   0x0800534c   0x0000000c   Code   RO        14617    i.elog_set_output_enabled  elog.o
    0x08005358   0x08005358   0x000000a0   Code   RO        14619    i.elog_start        elog.o
    0x080053f8   0x080053f8   0x00000114   Code   RO        14789    i.elog_strcpy       elog_utils.o
    0x0800550c   0x0800550c   0x00000018   Code   RO        11434    i.fputc             bsp_usart_shell.o
    0x08005524   0x08005524   0x00000050   Code   RO        16409    i.free              mc_w.l(malloc.o)
    0x08005574   0x08005574   0x00000014   Code   RO        14622    i.get_fmt_used_and_enabled_ptr  elog.o
    0x08005588   0x08005588   0x00000010   Code   RO        12736    i.is_faultmask_active  sys_interrupt.o
    0x08005598   0x08005598   0x000000a4   Code   RO        14921    i.l_filterElogLever  letter_shell_rtos_cmd.o
    0x0800563c   0x0800563c   0x00000058   Code   RO        14922    i.l_fllk            letter_shell_rtos_cmd.o
    0x08005694   0x08005694   0x00000054   Code   RO        14923    i.l_fllt            letter_shell_rtos_cmd.o
    0x080056e8   0x080056e8   0x0000002c   Code   RO        14924    i.l_mem             letter_shell_rtos_cmd.o
    0x08005714   0x08005714   0x000000c8   Code   RO        14929    i.l_suspend         letter_shell_rtos_cmd.o
    0x080057dc   0x080057dc   0x00000044   Code   RO        15520    i.letterShell_no_os_WhileInit  shell_port.o
    0x08005820   0x08005820   0x0000017c   Code   RO        15616    i.logHexDump        log.o
    0x0800599c   0x0800599c   0x00000034   Code   RO        15617    i.logRegister       log.o
    0x080059d0   0x080059d0   0x0000003c   Code   RO        15621    i.logWrite          log.o
    0x08005a0c   0x08005a0c   0x000001ac   Code   RO        12517    i.mock_sample_task_entry  busi_test.o
    0x08005bb8   0x08005bb8   0x000001bc   Code   RO        12518    i.mock_switch_task_entry  busi_test.o
    0x08005d74   0x08005d74   0x00000094   Code   RO        11234    i.mpu_init          bsp_mpu.o
    0x08005e08   0x08005e08   0x00000010   Code   RO        10523    i.p_cbIncr          p_data_queue.o
    0x08005e18   0x08005e18   0x0000001a   Code   RO        10528    i.p_cbReadFinish    p_data_queue.o
    0x08005e32   0x08005e32   0x00000030   Code   RO        10529    i.p_cbWrite         p_data_queue.o
    0x08005e62   0x08005e62   0x00000002   PAD
    0x08005e64   0x08005e64   0x00000070   Code   RO         9468    i.prvAddCurrentTaskToDelayedList  tasks.o
    0x08005ed4   0x08005ed4   0x000000ac   Code   RO         9469    i.prvAddNewTaskToReadyList  tasks.o
    0x08005f80   0x08005f80   0x0000006e   Code   RO         9078    i.prvCopyDataToQueue  queue.o
    0x08005fee   0x08005fee   0x00000014   Code   RO         9079    i.prvGetDisinheritPriorityAfterTimeout  queue.o
    0x08006002   0x08006002   0x00000002   PAD
    0x08006004   0x08006004   0x0000004c   Code   RO         8887    i.prvHeapInit       heap_4.o
    0x08006050   0x08006050   0x00000096   Code   RO         9473    i.prvInitialiseNewTask  tasks.o
    0x080060e6   0x080060e6   0x00000002   PAD
    0x080060e8   0x080060e8   0x00000058   Code   RO         9474    i.prvInitialiseTaskLists  tasks.o
    0x08006140   0x08006140   0x0000005c   Code   RO         9084    i.prvNotifyQueueSetContainer  queue.o
    0x0800619c   0x0800619c   0x00000014   Code   RO         9478    i.prvTaskCheckFreeStackSpace  tasks.o
    0x080061b0   0x080061b0   0x00000024   Code   RO         9480    i.prvWriteNameToBuffer  tasks.o
    0x080061d4   0x080061d4   0x000000a4   Code   RO         8889    i.pvPortMalloc      heap_4.o
    0x08006278   0x08006278   0x0000027c   Code   RO         7268    i.segger_outfun     segger_outinterface.o
    0x080064f4   0x080064f4   0x00000020   Code   RO        15023    i.shellAdd          shell.o
    0x08006514   0x08006514   0x00000006   Code   RO        15024    i.shellBackspace    shell.o
    0x0800651a   0x0800651a   0x00000032   Code   RO        15026    i.shellCheckPermission  shell.o
    0x0800654c   0x0800654c   0x0000001c   Code   RO        15027    i.shellClear        shell.o
    0x08006568   0x08006568   0x0000002a   Code   RO        15028    i.shellClearCommandLine  shell.o
    0x08006592   0x08006592   0x00000014   Code   RO        15029    i.shellCmds         shell.o
    0x080065a6   0x080065a6   0x00000028   Code   RO        15441    i.shellCompanionAdd  shell_companion.o
    0x080065ce   0x080065ce   0x000000be   Code   RO        15031    i.shellDeleteByte   shell.o
    0x0800668c   0x0800668c   0x00000008   Code   RO        15033    i.shellDown         shell.o
    0x08006694   0x08006694   0x00000046   Code   RO        15469    i.shellExtParseString  shell_ext.o
    0x080066da   0x080066da   0x00000002   PAD
    0x080066dc   0x080066dc   0x00000040   Code   RO        15037    i.shellGetCommandName  shell.o
    0x0800671c   0x0800671c   0x000000cc   Code   RO        15040    i.shellHandler      shell.o
    0x080067e8   0x080067e8   0x00000028   Code   RO        15041    i.shellHelp         shell.o
    0x08006810   0x08006810   0x0000006c   Code   RO        15043    i.shellHistoryAdd   shell.o
    0x0800687c   0x0800687c   0x00000088   Code   RO        15044    i.shellInit         shell.o
    0x08006904   0x08006904   0x000000d8   Code   RO        15045    i.shellInsertByte   shell.o
    0x080069dc   0x080069dc   0x0000001a   Code   RO        15047    i.shellLeft         shell.o
    0x080069f6   0x080069f6   0x00000002   PAD
    0x080069f8   0x080069f8   0x000000d4   Code   RO        15050    i.shellListItem     shell.o
    0x08006acc   0x08006acc   0x00000050   Code   RO        15052    i.shellListUser     shell.o
    0x08006b1c   0x08006b1c   0x0000004c   Code   RO        15053    i.shellListVar      shell.o
    0x08006b68   0x08006b68   0x00000010   Code   RO        15054    i.shellNormalInput  shell.o
    0x08006b78   0x08006b78   0x00000042   Code   RO        15058    i.shellRemoveParamQuotes  shell.o
    0x08006bba   0x08006bba   0x00000016   Code   RO        15059    i.shellRight        shell.o
    0x08006bd0   0x08006bd0   0x00000092   Code   RO        15061    i.shellRunCommand   shell.o
    0x08006c62   0x08006c62   0x00000074   Code   RO        15062    i.shellSeekCommand  shell.o
    0x08006cd6   0x08006cd6   0x00000002   PAD
    0x08006cd8   0x08006cd8   0x00000060   Code   RO        15063    i.shellSetUser      shell.o
    0x08006d38   0x08006d38   0x0000007c   Code   RO        15065    i.shellSetVarValue  shell.o
    0x08006db4   0x08006db4   0x00000024   Code   RO        15068    i.shellStringCompare  shell.o
    0x08006dd8   0x08006dd8   0x000000fc   Code   RO        15070    i.shellTab          shell.o
    0x08006ed4   0x08006ed4   0x00000014   Code   RO        15075    i.shellUsers        shell.o
    0x08006ee8   0x08006ee8   0x0000000c   Code   RO        15077    i.shellWriteByte    shell.o
    0x08006ef4   0x08006ef4   0x00000060   Code   RO        15080    i.shellWriteEndLine  shell.o
    0x08006f54   0x08006f54   0x00000064   Code   RO        15081    i.shellWritePrompt  shell.o
    0x08006fb8   0x08006fb8   0x000000dc   Code   RO        12519    i.smst              busi_test.o
    0x08007094   0x08007094   0x00000034   Code   RO        16035    i.stop_machine      usart_485_sendmethod.o
    0x080070c8   0x080070c8   0x00000044   Code   RO        14310    i.uart_reableIRQ_task  task_check.o
    0x0800710c   0x0800710c   0x00000048   Code   RO        14312    i.uart_unlock_task  task_check.o
    0x08007154   0x08007154   0x0000001c   Code   RO        15522    i.userLogWrite      shell_port.o
    0x08007170   0x08007170   0x00000038   Code   RO        15525    i.userShellRead     shell_port.o
    0x080071a8   0x080071a8   0x00000010   Code   RO        11291    i.user_all_buffer_create  user_buffers.o
    0x080071b8   0x080071b8   0x000000b0   Code   RO        14177    i.vApplicationMallocFailedHook  hook_mem.o
    0x08007268   0x08007268   0x00000016   Code   RO         9041    i.vListInitialise   list.o
    0x0800727e   0x0800727e   0x00000006   Code   RO         9042    i.vListInitialiseItem  list.o
    0x08007284   0x08007284   0x00000018   Code   RO         9044    i.vListInsertEnd    list.o
    0x0800729c   0x0800729c   0x00000018   Code   RO         9873    i.vPortExitCritical  port.o
    0x080072b4   0x080072b4   0x0000003c   Code   RO         9491    i.vTaskDelay        tasks.o
    0x080072f0   0x080072f0   0x000000ac   Code   RO         9497    i.vTaskList         tasks.o
    0x0800739c   0x0800739c   0x0000000c   Code   RO         9498    i.vTaskMissedYield  tasks.o
    0x080073a8   0x080073a8   0x00000020   Code   RO         9500    i.vTaskPlaceOnEventList  tasks.o
    0x080073c8   0x080073c8   0x00000090   Code   RO         9502    i.vTaskPriorityDisinheritAfterTimeout  tasks.o
    0x08007458   0x08007458   0x000000e8   Code   RO         9503    i.vTaskPrioritySet  tasks.o
    0x08007540   0x08007540   0x00000084   Code   RO         9505    i.vTaskResume       tasks.o
    0x080075c4   0x080075c4   0x00000010   Code   RO         9510    i.vTaskSuspendAll   tasks.o
    0x080075d4   0x080075d4   0x0000009c   Code   RO         9511    i.vTaskSwitchContext  tasks.o
    0x08007670   0x08007670   0x0000000c   Code   RO         8893    i.xPortGetFreeHeapSize  heap_4.o
    0x0800767c   0x0800767c   0x00000054   Code   RO         9513    i.xTaskCheckForTimeOut  tasks.o
    0x080076d0   0x080076d0   0x00000060   Code   RO         9514    i.xTaskCreate       tasks.o
    0x08007730   0x08007730   0x000000cc   Code   RO         9522    i.xTaskIncrementTick  tasks.o
    0x080077fc   0x080077fc   0x00000080   Code   RO         9525    i.xTaskPriorityDisinherit  tasks.o
    0x0800787c   0x0800787c   0x000000a4   Code   RO         9526    i.xTaskPriorityInherit  tasks.o
    0x08007920   0x08007920   0x00000070   Code   RO         9527    i.xTaskRemoveFromEventList  tasks.o
    0x08007990   0x08007990   0x00000010   Data   RO           15    .constdata          system_stm32h7xx.o
    0x080079a0   0x080079a0   0x00000008   Data   RO          908    .constdata          stm32h7xx_hal_dma.o
    0x080079a8   0x080079a8   0x00000021   Data   RO         7399    .constdata          segger_rtt.o
    0x080079c9   0x080079c9   0x0000001a   Data   RO         7894    .constdata          segger_sysview.o
    0x080079e3   0x080079e3   0x00000003   Data   RO        10122    .constdata          user_task_1.o
    0x080079e6   0x080079e6   0x00000012   Data   RO        10123    .constdata          user_task_1.o
    0x080079f8   0x080079f8   0x00000004   Data   RO        10174    .constdata          user_testtask.o
    0x080079fc   0x080079fc   0x00000011   Data   RO        10175    .constdata          user_testtask.o
    0x08007a0d   0x08007a0d   0x0000000f   Data   RO        12521    .constdata          busi_test.o
    0x08007a1c   0x08007a1c   0x0000000c   Data   RO        12915    .constdata          taskfun_outer.o
    0x08007a28   0x08007a28   0x00000200   Data   RO        14000    .constdata          data_verification.o
    0x08007c28   0x08007c28   0x00000006   Data   RO        14889    .constdata          letter_shell_noos_cmd.o
    0x08007c2e   0x08007c2e   0x0000000b   Data   RO        14892    .constdata          letter_shell_noos_cmd.o
    0x08007c39   0x08007c39   0x00000011   Data   RO        14931    .constdata          letter_shell_rtos_cmd.o
    0x08007c4a   0x08007c4a   0x00000004   Data   RO        14932    .constdata          letter_shell_rtos_cmd.o
    0x08007c4e   0x08007c4e   0x00000014   Data   RO        14933    .constdata          letter_shell_rtos_cmd.o
    0x08007c62   0x08007c62   0x0000000a   Data   RO        14935    .constdata          letter_shell_rtos_cmd.o
    0x08007c6c   0x08007c6c   0x00000008   Data   RO        14936    .constdata          letter_shell_rtos_cmd.o
    0x08007c74   0x08007c74   0x00000007   Data   RO        14940    .constdata          letter_shell_rtos_cmd.o
    0x08007c7b   0x08007c7b   0x0000000e   Data   RO        14941    .constdata          letter_shell_rtos_cmd.o
    0x08007c89   0x08007c89   0x00000004   Data   RO        14944    .constdata          letter_shell_rtos_cmd.o
    0x08007c8d   0x08007c8d   0x00000012   Data   RO        14945    .constdata          letter_shell_rtos_cmd.o
    0x08007c9f   0x08007c9f   0x00000004   Data   RO        14948    .constdata          letter_shell_rtos_cmd.o
    0x08007ca3   0x08007ca3   0x00000015   Data   RO        14949    .constdata          letter_shell_rtos_cmd.o
    0x08007cb8   0x08007cb8   0x00000001   Data   RO        15086    .constdata          shell.o
    0x08007cb9   0x08007cb9   0x0000000d   Data   RO        15087    .constdata          shell.o
    0x08007cc6   0x08007cc6   0x00000007   Data   RO        15088    .constdata          shell.o
    0x08007ccd   0x08007ccd   0x00000003   Data   RO        15090    .constdata          shell.o
    0x08007cd0   0x08007cd0   0x00000006   Data   RO        15092    .constdata          shell.o
    0x08007cd6   0x08007cd6   0x00000005   Data   RO        15093    .constdata          shell.o
    0x08007cdb   0x08007cdb   0x00000004   Data   RO        15094    .constdata          shell.o
    0x08007cdf   0x08007cdf   0x0000000a   Data   RO        15095    .constdata          shell.o
    0x08007ce9   0x08007ce9   0x00000006   Data   RO        15099    .constdata          shell.o
    0x08007cef   0x08007cef   0x0000001e   Data   RO        15101    .constdata          shell.o
    0x08007d0d   0x08007d0d   0x00000005   Data   RO        15104    .constdata          shell.o
    0x08007d12   0x08007d12   0x0000000d   Data   RO        15107    .constdata          shell.o
    0x08007d1f   0x08007d1f   0x00000005   Data   RO        15108    .constdata          shell.o
    0x08007d24   0x08007d24   0x00000006   Data   RO        15110    .constdata          shell.o
    0x08007d2a   0x08007d2a   0x0000000e   Data   RO        15111    .constdata          shell.o
    0x08007d38   0x08007d38   0x0000000c   Data   RO        15624    .constdata          log.o
    0x08007d44   0x08007d44   0x00000024   Data   RO        15625    .constdata          log.o
    0x08007d68   0x08007d68   0x00000008   Data   RO        15626    .constdata          log.o
    0x08007d70   0x08007d70   0x00000020   Data   RO        15627    .constdata          log.o
    0x08007d90   0x08007d90   0x00000007   Data   RO        16037    .constdata          usart_485_sendmethod.o
    0x08007d97   0x08007d97   0x00000003   Data   RO        16038    .constdata          usart_485_sendmethod.o
    0x08007d9a   0x08007d9a   0x00000081   Data   RO        16090    .constdata          mc_w.l(ctype_o.o)
    0x08007e1b   0x08007e1b   0x00000001   PAD
    0x08007e1c   0x08007e1c   0x000000d9   Data   RO         7636    .conststring        segger_toolkit.o
    0x08007ef5   0x08007ef5   0x00000003   PAD
    0x08007ef8   0x08007ef8   0x00000050   Data   RO         7683    .conststring        segger_sysview_freertos.o
    0x08007f48   0x08007f48   0x0000020b   Data   RO        14379    .conststring        hal_ext_uart.o
    0x08008153   0x08008153   0x00000001   PAD
    0x08008154   0x08008154   0x00000047   Data   RO        14626    .conststring        elog.o
    0x0800819b   0x0800819b   0x00000001   PAD
    0x0800819c   0x0800819c   0x00000043   Data   RO        14894    .conststring        letter_shell_noos_cmd.o
    0x080081df   0x080081df   0x00000001   PAD
    0x080081e0   0x080081e0   0x00000187   Data   RO        14950    .conststring        letter_shell_rtos_cmd.o
    0x08008367   0x08008367   0x00000001   PAD
    0x08008368   0x08008368   0x00000020   Data   RO        16492    Region$$Table       anon$$obj.o
    0x08008388   0x08008388   0x00000010   Data   RO        10125    shellCommand        user_task_1.o
    0x08008398   0x08008398   0x00000010   Data   RO        10178    shellCommand        user_testtask.o
    0x080083a8   0x080083a8   0x00000010   Data   RO        12524    shellCommand        busi_test.o
    0x080083b8   0x080083b8   0x00000020   Data   RO        14895    shellCommand        letter_shell_noos_cmd.o
    0x080083d8   0x080083d8   0x000000a0   Data   RO        14952    shellCommand        letter_shell_rtos_cmd.o
    0x08008478   0x08008478   0x00000120   Data   RO        15114    shellCommand        shell.o
    0x08008598   0x08008598   0x00000030   Data   RO        15631    shellCommand        log.o
    0x080085c8   0x080085c8   0x00000020   Data   RO        16041    shellCommand        usart_485_sendmethod.o


    Execution Region RW_IRAM1 (Exec base: 0x20000000, Load base: 0x080085e8, Size: 0x00000000, Max: 0x00020000, ABSOLUTE)

    **** No section assigned to this execution region ****


    Execution Region RW_IRAM2 (Exec base: 0x24000000, Load base: 0x080085e8, Size: 0x00026020, Max: 0x00080000, ABSOLUTE, COMPRESSED[0x00000104])

    Exec Addr    Load Addr    Size         Type   Attr      Idx    E Section Name        Object

    0x24000000   COMPRESSED   0x00000004   Data   RW           16    .data               system_stm32h7xx.o
    0x24000004   COMPRESSED   0x00000004   Data   RW           17    .data               system_stm32h7xx.o
    0x24000008   COMPRESSED   0x0000000c   Data   RW          246    .data               stm32h7xx_hal.o
    0x24000014   COMPRESSED   0x00000004   Data   RW         7185    .data               segger_dao.o
    0x24000018   COMPRESSED   0x00000001   Data   RW         7400    .data               segger_rtt.o
    0x24000019   COMPRESSED   0x00000003   PAD
    0x2400001c   COMPRESSED   0x00000004   Data   RW         7684    .data               segger_sysview_freertos.o
    0x24000020   COMPRESSED   0x00000028   Data   RW         7897    .data               segger_sysview.o
    0x24000048   COMPRESSED   0x00000020   Data   RW         8896    .data               heap_4.o
    0x24000068   COMPRESSED   0x0000003c   Data   RW         9531    .data               tasks.o
    0x240000a4   COMPRESSED   0x00000004   Data   RW         9877    .data               port.o
    0x240000a8   COMPRESSED   0x00000004   Data   RW        10124    .data               user_task_1.o
    0x240000ac   COMPRESSED   0x00000048   Data   RW        10971    .data               bsp_usart_dma.o
    0x240000f4   COMPRESSED   0x00000004   Data   RW        11093    .data               factory_iic.o
    0x240000f8   COMPRESSED   0x00000002   Data   RW        12110    .data               gt9xx.o
    0x240000fa   COMPRESSED   0x00000002   PAD
    0x240000fc   COMPRESSED   0x00000008   Data   RW        12523    .data               busi_test.o
    0x24000104   COMPRESSED   0x0000000c   Data   RW        12571    .data               bsp_systime.o
    0x24000110   COMPRESSED   0x00000008   Data   RW        12779    .data               systick.o
    0x24000118   COMPRESSED   0x00000008   Data   RW        12835    .data               taskfun.o
    0x24000120   COMPRESSED   0x00000090   Data   RW        12916    .data               taskfun_outer.o
    0x240001b0   COMPRESSED   0x00000002   Data   RW        12917    .data               taskfun_outer.o
    0x240001b2   COMPRESSED   0x00000001   Data   RW        13495    .data               tasksema.o
    0x240001b3   COMPRESSED   0x00000001   PAD
    0x240001b4   COMPRESSED   0x00000048   Data   RW        13567    .data               tasksemafun_outer.o
    0x240001fc   COMPRESSED   0x00000002   Data   RW        13568    .data               tasksemafun_outer.o
    0x240001fe   COMPRESSED   0x00000002   PAD
    0x24000200   COMPRESSED   0x00000014   Data   RW        14189    .data               hook_mem.o
    0x24000214   COMPRESSED   0x00000001   Data   RW        14267    .data               frtos_printf.o
    0x24000215   COMPRESSED   0x00000003   PAD
    0x24000218   COMPRESSED   0x00000034   Data   RW        14627    .data               elog.o
    0x2400024c   COMPRESSED   0x00000018   Data   RW        14951    .data               letter_shell_rtos_cmd.o
    0x24000264   COMPRESSED   0x00000058   Data   RW        15113    .data               shell.o
    0x240002bc   COMPRESSED   0x00000020   Data   RW        15531    .data               shell_port.o
    0x240002dc   COMPRESSED   0x00000018   Data   RW        15708    .data               bsp_usart_com485.o
    0x240002f4   COMPRESSED   0x00000002   Data   RW        15904    .data               gv_variable.o
    0x240002f6   COMPRESSED   0x00000002   Data   RW        15905    .data               gv_variable.o
    0x240002f8   COMPRESSED   0x00000008   Data   RW        15906    .data               gv_variable.o
    0x24000300   COMPRESSED   0x00000008   Data   RW        15907    .data               gv_variable.o
    0x24000308   COMPRESSED   0x00000008   Data   RW        15909    .data               gv_variable.o
    0x24000310   COMPRESSED   0x00000001   Data   RW        15910    .data               gv_variable.o
    0x24000311   COMPRESSED   0x00000001   Data   RW        15911    .data               gv_variable.o
    0x24000312   COMPRESSED   0x00000002   PAD
    0x24000314   COMPRESSED   0x00000004   Data   RW        16453    .data               mc_w.l(stdout.o)
    0x24000318   COMPRESSED   0x00000004   Data   RW        16460    .data               mc_w.l(mvars.o)
    0x2400031c   COMPRESSED   0x00000004   Data   RW        16461    .data               mc_w.l(mvars.o)
    0x24000320   COMPRESSED   0x00000004   Data   RW        16465    .data               mc_w.l(errno.o)
    0x24000324        -       0x00000ce4   Zero   RW         7398    .bss                segger_rtt.o
    0x24001008        -       0x000000a0   Zero   RW         7681    .bss                segger_sysview_freertos.o
    0x240010a8   COMPRESSED   0x00000018   PAD
    0x240010c0        -       0x00000513   Zero   RW         7893    .bss                segger_sysview.o
    0x240015d3        -       0x00020000   Zero   RW         8895    .bss                heap_4.o
    0x240215d3   COMPRESSED   0x00000001   PAD
    0x240215d4        -       0x000002e4   Zero   RW         9530    .bss                tasks.o
    0x240218b8        -       0x00000248   Zero   RW        10651    .bss                p_data_queue_outer.o
    0x24021b00        -       0x0000004c   Zero   RW        11292    .bss                user_buffers.o
    0x24021b4c        -       0x0000008c   Zero   RW        11435    .bss                bsp_usart_shell.o
    0x24021bd8        -       0x0000004c   Zero   RW        11507    .bss                bsp_iic.o
    0x24021c24        -       0x000001dc   Zero   RW        11696    .bss                bsp_lcd.o
    0x24021e00        -       0x00000050   Zero   RW        12492    .bss                business.o
    0x24021e50        -       0x00000014   Zero   RW        13927    .bss                data_random.o
    0x24021e64        -       0x00000100   Zero   RW        14265    .bss                frtos_printf.o
    0x24021f64        -       0x000004f8   Zero   RW        14624    .bss                elog.o
    0x2402245c        -       0x0000001d   Zero   RW        15084    .bss                shell.o
    0x24022479   COMPRESSED   0x00000003   PAD
    0x2402247c        -       0x00000270   Zero   RW        15528    .bss                shell_port.o
    0x240226ec        -       0x00000214   Zero   RW        15623    .bss                log.o
    0x24022900        -       0x0000008c   Zero   RW        15706    .bss                bsp_usart_com485.o
    0x2402298c   COMPRESSED   0x00000004   PAD
    0x24022990        -       0x00000090   Zero   RW        15903    .bss                gv_variable.o
    0x24022a20        -       0x00001200   Zero   RW            2    HEAP                startup_stm32h743xx.o
    0x24023c20        -       0x00002400   Zero   RW            1    STACK               startup_stm32h743xx.o



  Load Region LR_IROM2 (Base: 0x08100000, Size: 0x000084a0, Max: 0x00100000, ABSOLUTE)

    Execution Region ER_IROM2 (Exec base: 0x08100000, Load base: 0x08100000, Size: 0x000084a0, Max: 0x00100000, ABSOLUTE)

    Exec Addr    Load Addr    Size         Type   Attr      Idx    E Section Name        Object

    0x08100000   0x08100000   0x000000be   Code   RO         9868    .emb_text           port.o
    0x081000be   0x081000be   0x00000002   PAD
    0x081000c0   0x081000c0   0x00000008   Code   RO        16089    .text               mc_w.l(ctype_o.o)
    0x081000c8   0x081000c8   0x00000040   Code   RO        16122    .text               mc_w.l(memmovea.o)
    0x08100108   0x08100108   0x00000024   Code   RO        16124    .text               mc_w.l(memseta.o)
    0x0810012c   0x0810012c   0x0000000e   Code   RO        16130    .text               mc_w.l(strlen.o)
    0x0810013a   0x0810013a   0x0000001c   Code   RO        16132    .text               mc_w.l(strcmp.o)
    0x08100156   0x08100156   0x0000001a   Code   RO        16136    .text               mc_w.l(memcmp.o)
    0x08100170   0x08100170   0x00000012   Code   RO        16138    .text               mc_w.l(strcpy.o)
    0x08100182   0x08100182   0x0000002c   Code   RO        16454    .text               mc_w.l(uidiv.o)
    0x081001ae   0x081001ae   0x0000001e   Code   RO        16456    .text               mc_w.l(llshl.o)
    0x081001cc   0x081001cc   0x00000070   Code   RO        16469    .text               mc_w.l(strtol.o)
    0x0810023c   0x0810023c   0x00000030   Code   RO        16480    .text               mf_w.l(cdrcmple.o)
    0x0810026c   0x0810026c   0x0000009e   Code   RO        16486    .text               mc_w.l(_strtoul.o)
    0x0810030a   0x0810030a   0x00000056   Code   RO        16500    .text               mc_w.l(__dczerorl2.o)
    0x08100360   0x08100360   0x00000010   Code   RO        13485    i.AppSemaTaskScheduleInit  tasksema.o
    0x08100370   0x08100370   0x00000024   Code   RO        12825    i.AppTaskCb         taskfun.o
    0x08100394   0x08100394   0x00000018   Code   RO        12827    i.AppTaskScheduleInit  taskfun.o
    0x081003ac   0x081003ac   0x00000036   Code   RO        13745    i.AsciiRemoveSpace02  data_convert.o
    0x081003e2   0x081003e2   0x0000006e   Code   RO        13746    i.AsciiToHex        data_convert.o
    0x08100450   0x08100450   0x00000058   Code   RO        11231    i.BSP_MPU_ConfigRegion  bsp_mpu.o
    0x081004a8   0x081004a8   0x0000002c   Code   RO        10465    i.BusFault_Handler  stm32h7xx_it.o
    0x081004d4   0x081004d4   0x000000c0   Code   RO          891    i.DMA_CalcBaseAndBitshift  stm32h7xx_hal_dma.o
    0x08100594   0x08100594   0x000000a0   Code   RO          892    i.DMA_CalcDMAMUXChannelBaseAndMask  stm32h7xx_hal_dma.o
    0x08100634   0x08100634   0x0000007c   Code   RO          893    i.DMA_CalcDMAMUXRequestGenBaseAndMask  stm32h7xx_hal_dma.o
    0x081006b0   0x081006b0   0x00000010   Code   RO        12661    i.DWT_Delay_ms      sys_dwt.o
    0x081006c0   0x081006c0   0x00000034   Code   RO        12663    i.DWT_Delay_us      sys_dwt.o
    0x081006f4   0x081006f4   0x00000020   Code   RO        12074    i.EXTI3_IRQHandler  gt9xx.o
    0x08100714   0x08100714   0x00000022   Code   RO        13751    i.EndianSwap_VpChange16HL  data_convert.o
    0x08100736   0x08100736   0x00000002   PAD
    0x08100738   0x08100738   0x0000000c   Code   RO        12776    i.GetSysRunTime     systick.o
    0x08100744   0x08100744   0x000001f8   Code   RO          897    i.HAL_DMA_Abort_IT  stm32h7xx_hal_dma.o
    0x0810093c   0x0810093c   0x0000013c   Code   RO         1695    i.HAL_GPIO_DeInit   stm32h7xx_hal_gpio.o
    0x08100a78   0x08100a78   0x000001f0   Code   RO         1698    i.HAL_GPIO_Init     stm32h7xx_hal_gpio.o
    0x08100c68   0x08100c68   0x00000180   Code   RO         1946    i.HAL_I2C_Mem_Read  stm32h7xx_hal_i2c.o
    0x08100de8   0x08100de8   0x00000174   Code   RO         1949    i.HAL_I2C_Mem_Write  stm32h7xx_hal_i2c.o
    0x08100f5c   0x08100f5c   0x00000002   Code   RO         1953    i.HAL_I2C_MspInit   stm32h7xx_hal_i2c.o
    0x08100f5e   0x08100f5e   0x00000002   PAD
    0x08100f60   0x08100f60   0x00000058   Code   RO          224    i.HAL_Init          stm32h7xx_hal.o
    0x08100fb8   0x08100fb8   0x0000004c   Code   RO          225    i.HAL_InitTick      stm32h7xx_hal.o
    0x08101004   0x08101004   0x00000048   Code   RO        11644    i.HAL_LTDC_ErrorCallback  bsp_lcd.o
    0x0810104c   0x0810104c   0x000000ca   Code   RO         2555    i.HAL_LTDC_IRQHandler  stm32h7xx_hal_ltdc.o
    0x08101116   0x08101116   0x00000002   Code   RO         2562    i.HAL_LTDC_ReloadEventCallback  stm32h7xx_hal_ltdc.o
    0x08101118   0x08101118   0x00000058   Code   RO          607    i.HAL_MPU_ConfigRegion  stm32h7xx_hal_cortex.o
    0x08101170   0x08101170   0x00000022   Code   RO          611    i.HAL_NVIC_DisableIRQ  stm32h7xx_hal_cortex.o
    0x08101192   0x08101192   0x0000001a   Code   RO          612    i.HAL_NVIC_EnableIRQ  stm32h7xx_hal_cortex.o
    0x081011ac   0x081011ac   0x00000040   Code   RO          618    i.HAL_NVIC_SetPriority  stm32h7xx_hal_cortex.o
    0x081011ec   0x081011ec   0x00000024   Code   RO          619    i.HAL_NVIC_SetPriorityGrouping  stm32h7xx_hal_cortex.o
    0x08101210   0x08101210   0x000001c0   Code   RO         4040    i.HAL_RCCEx_GetPLL3ClockFreq  stm32h7xx_hal_rcc_ex.o
    0x081013d0   0x081013d0   0x00000264   Code   RO         3923    i.HAL_RCC_ClockConfig  stm32h7xx_hal_rcc.o
    0x08101634   0x08101634   0x0000002c   Code   RO         3928    i.HAL_RCC_GetHCLKFreq  stm32h7xx_hal_rcc.o
    0x08101660   0x08101660   0x00000024   Code   RO         3931    i.HAL_RCC_GetPCLK2Freq  stm32h7xx_hal_rcc.o
    0x08101684   0x08101684   0x000001b4   Code   RO         3932    i.HAL_RCC_GetSysClockFreq  stm32h7xx_hal_rcc.o
    0x08101838   0x08101838   0x00000002   Code   RO          622    i.HAL_SYSTICK_Callback  stm32h7xx_hal_cortex.o
    0x0810183a   0x0810183a   0x00000008   Code   RO          624    i.HAL_SYSTICK_IRQHandler  stm32h7xx_hal_cortex.o
    0x08101842   0x08101842   0x0000004c   Code   RO         6734    i.HAL_UARTEx_SetRxFifoThreshold  stm32h7xx_hal_uart_ex.o
    0x0810188e   0x0810188e   0x00000002   Code   RO         6737    i.HAL_UARTEx_TxFifoEmptyCallback  stm32h7xx_hal_uart_ex.o
    0x08101890   0x08101890   0x00000048   Code   RO        10855    i.HAL_UART_ErrorCallback  bsp_usart_callback.o
    0x081018d8   0x081018d8   0x00000070   Code   RO         6350    i.HAL_UART_Init     stm32h7xx_hal_uart.o
    0x08101948   0x08101948   0x00000110   Code   RO         6355    i.HAL_UART_Receive_IT  stm32h7xx_hal_uart.o
    0x08101a58   0x08101a58   0x00000010   Code   RO        10856    i.HAL_UART_RxCpltCallback  bsp_usart_callback.o
    0x08101a68   0x08101a68   0x0000007c   Code   RO        15517    i.HAL_UART_Shell_RxCpltCallback  shell_port.o
    0x08101ae4   0x08101ae4   0x00000002   Code   RO        10857    i.HAL_UART_TxCpltCallback  bsp_usart_callback.o
    0x08101ae6   0x08101ae6   0x00000002   Code   RO         6364    i.HAL_UART_TxHalfCpltCallback  stm32h7xx_hal_uart.o
    0x08101ae8   0x08101ae8   0x000000cc   Code   RO        13565    i.HandleSema_test2  tasksemafun_outer.o
    0x08101bb4   0x08101bb4   0x0000002c   Code   RO        13612    i.Handle_led        taskworkhandle.o
    0x08101be0   0x08101be0   0x0000020c   Code   RO        12912    i.Handle_test       taskfun_outer.o
    0x08101dec   0x08101dec   0x000000fc   Code   RO        12913    i.Handle_test2      taskfun_outer.o
    0x08101ee8   0x08101ee8   0x00000004   Code   RO        13616    i.Handle_usart      taskworkhandle.o
    0x08101eec   0x08101eec   0x0000001c   Code   RO        11152    i.I2C_EE_BufferRead  bsp_i2c_ee.o
    0x08101f08   0x08101f08   0x000000b2   Code   RO        11153    i.I2C_EE_BufferWrite  bsp_i2c_ee.o
    0x08101fba   0x08101fba   0x0000000e   Code   RO        11504    i.I2C_EE_Init       bsp_iic.o
    0x08101fc8   0x08101fc8   0x00000084   Code   RO        11505    i.I2C_GPIO_Config   bsp_iic.o
    0x0810204c   0x0810204c   0x0000008c   Code   RO         1983    i.I2C_IsAcknowledgeFailed  stm32h7xx_hal_i2c.o
    0x081020d8   0x081020d8   0x00000074   Code   RO         1987    i.I2C_RequestMemoryWrite  stm32h7xx_hal_i2c.o
    0x0810214c   0x0810214c   0x0000000e   Code   RO        11087    i.IIC_EE_DriverFactory_Register  factory_iic.o
    0x0810215a   0x0810215a   0x00000002   PAD
    0x0810215c   0x0810215c   0x00000030   Code   RO        11088    i.IIC_EE_Factory_Init  factory_iic.o
    0x0810218c   0x0810218c   0x00000034   Code   RO        10468    i.MemManage_Handler  stm32h7xx_it.o
    0x081021c0   0x081021c0   0x0000002c   Code   RO        10469    i.NMI_Handler       stm32h7xx_it.o
    0x081021ec   0x081021ec   0x00000004   Code   RO        10363    i.NeedToOnceOperate_Pro  sys_init_all.o
    0x081021f0   0x081021f0   0x00000124   Code   RO         4047    i.RCCEx_PLL2_Config  stm32h7xx_hal_rcc_ex.o
    0x08102314   0x08102314   0x00000124   Code   RO         4048    i.RCCEx_PLL3_Config  stm32h7xx_hal_rcc_ex.o
    0x08102438   0x08102438   0x00000004   Code   RO        10169    i.RNG_SelectOpByWeight2  user_testtask.o
    0x0810243c   0x0810243c   0x0000000c   Code   RO        10736    i.RingBuffer_Init   queue2.o
    0x08102448   0x08102448   0x0000040c   Code   RO         7633    i.SEGGER_HostDataToUsart  segger_toolkit.o
    0x08102854   0x08102854   0x00000008   Code   RO         7182    i.SEGGER_PcDao_McuToUsartTransform  segger_dao.o
    0x0810285c   0x0810285c   0x00000060   Code   RO         7364    i.SEGGER_RTT_ConfigUpBuffer  segger_rtt.o
    0x081028bc   0x081028bc   0x00000004   Code   RO         7371    i.SEGGER_RTT_Init   segger_rtt.o
    0x081028c0   0x081028c0   0x00000018   Code   RO         7375    i.SEGGER_RTT_Read   segger_rtt.o
    0x081028d8   0x081028d8   0x00000038   Code   RO         7386    i.SEGGER_RTT_Write  segger_rtt.o
    0x08102910   0x08102910   0x00000084   Code   RO         7390    i.SEGGER_RTT_WriteSkipNoLock  segger_rtt.o
    0x08102994   0x08102994   0x0000001a   Code   RO         7391    i.SEGGER_RTT_WriteString  segger_rtt.o
    0x081029ae   0x081029ae   0x00000016   Code   RO         7592    i.SEGGER_RTT_printf  segger_rtt_printf.o
    0x081029c4   0x081029c4   0x000001a0   Code   RO         7593    i.SEGGER_RTT_vprintf  segger_rtt_printf.o
    0x08102b64   0x08102b64   0x00000094   Code   RO         7788    i.SEGGER_SYSVIEW_GetSysDesc  segger_sysview.o
    0x08102bf8   0x08102bf8   0x00000028   Code   RO         7802    i.SEGGER_SYSVIEW_OnIdle  segger_sysview.o
    0x08102c20   0x08102c20   0x0000004c   Code   RO         7803    i.SEGGER_SYSVIEW_OnTaskCreate  segger_sysview.o
    0x08102c6c   0x08102c6c   0x0000004c   Code   RO         7805    i.SEGGER_SYSVIEW_OnTaskStartReady  segger_sysview.o
    0x08102cb8   0x08102cb8   0x00000060   Code   RO         7826    i.SEGGER_SYSVIEW_RecordU32x2  segger_sysview.o
    0x08102d18   0x08102d18   0x0000008c   Code   RO         7828    i.SEGGER_SYSVIEW_RecordU32x4  segger_sysview.o
    0x08102da4   0x08102da4   0x00000094   Code   RO         7838    i.SEGGER_SYSVIEW_SendModule  segger_sysview.o
    0x08102e38   0x08102e38   0x0000001c   Code   RO         7839    i.SEGGER_SYSVIEW_SendModuleDescription  segger_sysview.o
    0x08102e54   0x08102e54   0x00000048   Code   RO         7840    i.SEGGER_SYSVIEW_SendNumModules  segger_sysview.o
    0x08102e9c   0x08102e9c   0x000000dc   Code   RO         7845    i.SEGGER_SYSVIEW_SendTaskInfo  segger_sysview.o
    0x08102f78   0x08102f78   0x00000018   Code   RO         7846    i.SEGGER_SYSVIEW_SendTaskList  segger_sysview.o
    0x08102f90   0x08102f90   0x00000034   Code   RO         7852    i.SEGGER_SYSVIEW_Stop_Ex  segger_sysview.o
    0x08102fc4   0x08102fc4   0x0000000c   Code   RO         7736    i.SEGGER_SYSVIEW_X_GetTimestamp  segger_sysview_config_freertos.o
    0x08102fd0   0x08102fd0   0x00000080   Code   RO         7676    i.SYSVIEW_DeleteTask  segger_sysview_freertos.o
    0x08103050   0x08103050   0x00000030   Code   RO         7677    i.SYSVIEW_SendTaskInfo  segger_sysview_freertos.o
    0x08103080   0x08103080   0x00000080   Code   RO         7678    i.SYSVIEW_UpdateTask  segger_sysview_freertos.o
    0x08103100   0x08103100   0x00000030   Code   RO        12735    i.Software_Reset    sys_interrupt.o
    0x08103130   0x08103130   0x000000a0   Code   RO        10313    i.SystemClock_Config  main.o
    0x081031d0   0x081031d0   0x0000003c   Code   RO        12834    i.TaskScheduleCb    taskfun.o
    0x0810320c   0x0810320c   0x00000044   Code   RO        13492    i.TaskSemaConsumeCb  tasksema.o
    0x08103250   0x08103250   0x000000a4   Code   RO        13493    i.TaskSemaConsumeHandler  tasksema.o
    0x081032f4   0x081032f4   0x0000000c   Code   RO        15519    i.UART4_IRQHandler  shell_port.o
    0x08103300   0x08103300   0x00000014   Code   RO         6367    i.UART_DMAAbortOnError  stm32h7xx_hal_uart.o
    0x08103314   0x08103314   0x00000050   Code   RO         6368    i.UART_DMAError     stm32h7xx_hal_uart.o
    0x08103364   0x08103364   0x0000000a   Code   RO         6375    i.UART_DMATxHalfCplt  stm32h7xx_hal_uart.o
    0x0810336e   0x0810336e   0x00000002   PAD
    0x08103370   0x08103370   0x00000024   Code   RO         6377    i.UART_EndRxTransfer  stm32h7xx_hal_uart.o
    0x08103394   0x08103394   0x0000001c   Code   RO         6378    i.UART_EndTransmit_IT  stm32h7xx_hal_uart.o
    0x081033b0   0x081033b0   0x000000a0   Code   RO         6381    i.UART_RxISR_16BIT_FIFOEN  stm32h7xx_hal_uart.o
    0x08103450   0x08103450   0x0000005c   Code   RO         6382    i.UART_RxISR_8BIT   stm32h7xx_hal_uart.o
    0x081034ac   0x081034ac   0x00001540   Code   RO         6384    i.UART_SetConfig    stm32h7xx_hal_uart.o
    0x081049ec   0x081049ec   0x000000a8   Code   RO         6389    i.UART_WaitOnFlagUntilTimeout  stm32h7xx_hal_uart.o
    0x08104a94   0x08104a94   0x00000018   Code   RO        11431    i.USART_Shell_UartDeInit  bsp_usart_shell.o
    0x08104aac   0x08104aac   0x0000003c   Code   RO         7876    i._CheckDownBuffer  segger_sysview.o
    0x08104ae8   0x08104ae8   0x0000006c   Code   RO         7393    i._DoInit           segger_rtt.o
    0x08104b54   0x08104b54   0x000000d8   Code   RO         7886    i._SendPacket       segger_sysview.o
    0x08104c2c   0x08104c2c   0x0000005c   Code   RO         7890    i._TrySendOverflowPacket  segger_sysview.o
    0x08104c88   0x08104c88   0x00000044   Code   RO         7397    i._WriteNoCheck     segger_rtt.o
    0x08104ccc   0x08104ccc   0x00000020   Code   RO        16381    i.__0printf         mc_w.l(printfa.o)
    0x08104cec   0x08104cec   0x00000030   Code   RO        16382    i.__0snprintf       mc_w.l(printfa.o)
    0x08104d1c   0x08104d1c   0x00000010   Code   RO        16385    i.__0vprintf        mc_w.l(printfa.o)
    0x08104d2c   0x08104d2c   0x00000024   Code   RO        16390    i._printf_post_padding  mc_w.l(printfa.o)
    0x08104d50   0x08104d50   0x0000002e   Code   RO        16391    i._printf_pre_padding  mc_w.l(printfa.o)
    0x08104d7e   0x08104d7e   0x00000016   Code   RO        16392    i._snputc           mc_w.l(printfa.o)
    0x08104d94   0x08104d94   0x00000020   Code   RO        15614    i.agencylogHexDump  log.o
    0x08104db4   0x08104db4   0x00000004   Code   RO        13566    i.calculate_TASKSema_NUM_MAX  tasksemafun_outer.o
    0x08104db8   0x08104db8   0x00000068   Code   RO         9466    i.eTaskGetState     tasks.o
    0x08104e20   0x08104e20   0x00000024   Code   RO        14608    i.elog_output_unlock  elog.o
    0x08104e44   0x08104e44   0x00000010   Code   RO        14817    i.elog_port_get_p_info  elog_port.o
    0x08104e54   0x08104e54   0x0000003c   Code   RO        14821    i.elog_port_output  elog_port.o
    0x08104e90   0x08104e90   0x00000004   Code   RO        14822    i.elog_port_output_lock  elog_port.o
    0x08104e94   0x08104e94   0x00000010   Code   RO        14611    i.elog_set_filter_kw  elog.o
    0x08104ea4   0x08104ea4   0x000000c8   Code   RO        14612    i.elog_set_filter_lvl  elog.o
    0x08104f6c   0x08104f6c   0x00000034   Code   RO        14615    i.elog_set_filter_tag_lvl_default  elog.o
    0x08104fa0   0x08104fa0   0x000000d0   Code   RO        14616    i.elog_set_fmt      elog.o
    0x08105070   0x08105070   0x0000000c   Code   RO        14618    i.elog_set_text_color_enabled  elog.o
    0x0810507c   0x0810507c   0x000000dc   Code   RO        14621    i.get_fmt_enabled   elog.o
    0x08105158   0x08105158   0x00000014   Code   RO        14623    i.get_fmt_used_and_enabled_u32  elog.o
    0x0810516c   0x0810516c   0x00000026   Code   RO        14030    i.isNumericString   w_string.o
    0x08105192   0x08105192   0x0000001a   Code   RO        14375    i.is_uart_configured  hal_ext_uart.o
    0x081051ac   0x081051ac   0x0000009c   Code   RO        14920    i.l_delete          letter_shell_rtos_cmd.o
    0x08105248   0x08105248   0x0000011c   Code   RO        14887    i.l_log             letter_shell_noos_cmd.o
    0x08105364   0x08105364   0x0000001c   Code   RO        14888    i.l_print           letter_shell_noos_cmd.o
    0x08105380   0x08105380   0x000000b0   Code   RO        14925    i.l_pti             letter_shell_rtos_cmd.o
    0x08105430   0x08105430   0x00000038   Code   RO        14926    i.l_ptl             letter_shell_rtos_cmd.o
    0x08105468   0x08105468   0x000000d0   Code   RO        14927    i.l_resume          letter_shell_rtos_cmd.o
    0x08105538   0x08105538   0x00000134   Code   RO        14928    i.l_setpriority     letter_shell_rtos_cmd.o
    0x0810566c   0x0810566c   0x00000024   Code   RO        15521    i.letter_Shell_NoOsWhileTask  shell_port.o
    0x08105690   0x08105690   0x000000a8   Code   RO        15618    i.logSetLevel       log.o
    0x08105738   0x08105738   0x00000044   Code   RO        15619    i.logSwitchLevel    log.o
    0x0810577c   0x0810577c   0x00000058   Code   RO        15622    i.logWriteBuffer    log.o
    0x081057d4   0x081057d4   0x00000104   Code   RO        10314    i.main              main.o
    0x081058d8   0x081058d8   0x0000006c   Code   RO        16410    i.malloc            mc_w.l(malloc.o)
    0x08105944   0x08105944   0x00000010   Code   RO        10525    i.p_cbIsEmpty       p_data_queue.o
    0x08105954   0x08105954   0x00000014   Code   RO        10526    i.p_cbIsFull        p_data_queue.o
    0x08105968   0x08105968   0x00000030   Code   RO        10527    i.p_cbRead          p_data_queue.o
    0x08105998   0x08105998   0x00000006   Code   RO        10530    i.p_cbWriteFinish   p_data_queue.o
    0x0810599e   0x0810599e   0x0000004c   Code   RO        10532    i.p_copy_data_from_queue  p_data_queue.o
    0x081059ea   0x081059ea   0x00000052   Code   RO        10533    i.p_pop_data_from_queue2  p_data_queue.o
    0x08105a3c   0x08105a3c   0x000001c4   Code   RO        10534    i.p_pull_data_from_queue  p_data_queue.o
    0x08105c00   0x08105c00   0x0000003c   Code   RO        10536    i.p_push_data_to_queue2  p_data_queue.o
    0x08105c3c   0x08105c3c   0x00000014   Code   RO         9471    i.prvDeleteTCB      tasks.o
    0x08105c50   0x08105c50   0x00000054   Code   RO         8888    i.prvInsertBlockIntoFreeList  heap_4.o
    0x08105ca4   0x08105ca4   0x0000001a   Code   RO         9082    i.prvIsQueueEmpty   queue.o
    0x08105cbe   0x08105cbe   0x0000001e   Code   RO         9083    i.prvIsQueueFull    queue.o
    0x08105cdc   0x08105cdc   0x0000005c   Code   RO         9475    i.prvListTasksWithinSingleList  tasks.o
    0x08105d38   0x08105d38   0x00000024   Code   RO         9476    i.prvResetNextTaskUnblockTime  tasks.o
    0x08105d5c   0x08105d5c   0x00000066   Code   RO         9477    i.prvSearchForNameWithinSingleList  tasks.o
    0x08105dc2   0x08105dc2   0x00000010   Code   RO         9869    i.prvTaskExitError  port.o
    0x08105dd2   0x08105dd2   0x00000002   PAD
    0x08105dd4   0x08105dd4   0x00000020   Code   RO         9479    i.prvTaskIsTaskSuspended  tasks.o
    0x08105df4   0x08105df4   0x0000007c   Code   RO         9085    i.prvUnlockQueue    queue.o
    0x08105e70   0x08105e70   0x00000018   Code   RO         9481    i.pvTaskIncrementMutexHeldCount  tasks.o
    0x08105e88   0x08105e88   0x00000024   Code   RO         9870    i.pxPortInitialiseStack  port.o
    0x08105eac   0x08105eac   0x00000208   Code   RO        10170    i.rdatasettask      user_testtask.o
    0x081060b4   0x081060b4   0x00000080   Code   RO        10171    i.rds               user_testtask.o
    0x08106134   0x08106134   0x00000034   Code   RO        16031    i.run_machine       usart_485_sendmethod.o
    0x08106168   0x08106168   0x00000054   Code   RO        14094    i.setInt16Array     data_set.o
    0x081061bc   0x081061bc   0x00000040   Code   RO        15025    i.shellCheckPassword  shell.o
    0x081061fc   0x081061fc   0x0000001e   Code   RO        15443    i.shellCompanionGet  shell_companion.o
    0x0810621a   0x0810621a   0x00000008   Code   RO        15030    i.shellDelete       shell.o
    0x08106222   0x08106222   0x00000002   PAD
    0x08106224   0x08106224   0x0000001c   Code   RO        15032    i.shellDeleteCommandLine  shell.o
    0x08106240   0x08106240   0x00000016   Code   RO        15034    i.shellEnter        shell.o
    0x08106256   0x08106256   0x00000002   PAD
    0x08106258   0x08106258   0x00000074   Code   RO        15035    i.shellExec         shell.o
    0x081062cc   0x081062cc   0x0000004e   Code   RO        15465    i.shellExtNumType   shell_ext.o
    0x0810631a   0x0810631a   0x00000044   Code   RO        15466    i.shellExtParseChar  shell_ext.o
    0x0810635e   0x0810635e   0x000000c2   Code   RO        15467    i.shellExtParseNumber  shell_ext.o
    0x08106420   0x08106420   0x00000066   Code   RO        15468    i.shellExtParsePara  shell_ext.o
    0x08106486   0x08106486   0x00000028   Code   RO        15470    i.shellExtParseVar  shell_ext.o
    0x081064ae   0x081064ae   0x000000c8   Code   RO        15471    i.shellExtRun       shell_ext.o
    0x08106576   0x08106576   0x0000002c   Code   RO        15472    i.shellExtToNum     shell_ext.o
    0x081065a2   0x081065a2   0x0000000a   Code   RO        15036    i.shellGetCommandDesc  shell.o
    0x081065ac   0x081065ac   0x00000028   Code   RO        15038    i.shellGetCurrent   shell.o
    0x081065d4   0x081065d4   0x0000003e   Code   RO        15039    i.shellGetVarValue  shell.o
    0x08106612   0x08106612   0x0000009a   Code   RO        15042    i.shellHistory      shell.o
    0x081066ac   0x081066ac   0x00000014   Code   RO        15046    i.shellKeys         shell.o
    0x081066c0   0x081066c0   0x00000004   Code   RO        15048    i.shellListAll      shell.o
    0x081066c4   0x081066c4   0x0000004c   Code   RO        15049    i.shellListCommand  shell.o
    0x08106710   0x08106710   0x00000050   Code   RO        15051    i.shellListKey      shell.o
    0x08106760   0x08106760   0x0000001a   Code   RO        15055    i.shellParserParam  shell.o
    0x0810677a   0x0810677a   0x00000002   PAD
    0x0810677c   0x0810677c   0x00000064   Code   RO        15064    i.shellSetVar       shell.o
    0x081067e0   0x081067e0   0x000000bc   Code   RO        15066    i.shellShowVar      shell.o
    0x0810689c   0x0810689c   0x000000e4   Code   RO        15067    i.shellSplit        shell.o
    0x08106980   0x08106980   0x00000018   Code   RO        15069    i.shellStringCopy   shell.o
    0x08106998   0x08106998   0x00000052   Code   RO        15072    i.shellToDec        shell.o
    0x081069ea   0x081069ea   0x0000002a   Code   RO        15073    i.shellToHex        shell.o
    0x08106a14   0x08106a14   0x00000006   Code   RO        15074    i.shellUp           shell.o
    0x08106a1a   0x08106a1a   0x00000014   Code   RO        15076    i.shellVars         shell.o
    0x08106a2e   0x08106a2e   0x00000002   PAD
    0x08106a30   0x08106a30   0x00000050   Code   RO        15078    i.shellWriteCommandDesc  shell.o
    0x08106a80   0x08106a80   0x00000060   Code   RO        15079    i.shellWriteCommandHelp  shell.o
    0x08106ae0   0x08106ae0   0x00000088   Code   RO        15082    i.shellWriteReturnValue  shell.o
    0x08106b68   0x08106b68   0x00000028   Code   RO        15083    i.shellWriteString  shell.o
    0x08106b90   0x08106b90   0x00000064   Code   RO        16033    i.shell_runfunc     usart_485_sendmethod.o
    0x08106bf4   0x08106bf4   0x00000060   Code   RO        16034    i.shell_settingfun  usart_485_sendmethod.o
    0x08106c54   0x08106c54   0x0000011c   Code   RO        14377    i.uart_debug_checkerror  hal_ext_uart.o
    0x08106d70   0x08106d70   0x000003c8   Code   RO        14378    i.uart_debug_dump   hal_ext_uart.o
    0x08107138   0x08107138   0x00000018   Code   RO        14307    i.uart_debug_error  task_check.o
    0x08107150   0x08107150   0x0000000c   Code   RO        14308    i.uart_debug_fixerror  task_check.o
    0x0810715c   0x0810715c   0x00000060   Code   RO        14311    i.uart_reable_task  task_check.o
    0x081071bc   0x081071bc   0x00000038   Code   RO        15527    i.userShellWrite    shell_port.o
    0x081071f4   0x081071f4   0x00000026   Code   RO         9040    i.uxListRemove      list.o
    0x0810721a   0x0810721a   0x00000002   PAD
    0x0810721c   0x0810721c   0x000000ac   Code   RO         9486    i.uxTaskGetSystemState  tasks.o
    0x081072c8   0x081072c8   0x0000014c   Code   RO        14178    i.vApplicationStackOverflowHook  hook_mem.o
    0x08107414   0x08107414   0x00000002   Code   RO         9946    i.vApplicationTickHook  freerotspro.o
    0x08107416   0x08107416   0x00000030   Code   RO         9043    i.vListInsert       list.o
    0x08107446   0x08107446   0x00000002   PAD
    0x08107448   0x08107448   0x0000001c   Code   RO         9872    i.vPortEnterCritical  port.o
    0x08107464   0x08107464   0x00000044   Code   RO         8890    i.vPortFree         heap_4.o
    0x081074a8   0x081074a8   0x00000058   Code   RO        14179    i.vPrintHeapState   hook_mem.o
    0x08107500   0x08107500   0x00000088   Code   RO        14180    i.vPrintStack_TaskCreationResult  hook_mem.o
    0x08107588   0x08107588   0x000000c0   Code   RO         9493    i.vTaskDelete       tasks.o
    0x08107648   0x08107648   0x00000074   Code   RO         9495    i.vTaskGetInfo      tasks.o
    0x081076bc   0x081076bc   0x00000010   Code   RO         9496    i.vTaskInternalSetTimeOutState  tasks.o
    0x081076cc   0x081076cc   0x000000b4   Code   RO         9509    i.vTaskSuspend      tasks.o
    0x08107780   0x08107780   0x0000000c   Code   RO         8894    i.xPortGetMinimumEverFreeHeapSize  heap_4.o
    0x0810778c   0x0810778c   0x00000168   Code   RO         9101    i.xQueueGenericSend  queue.o
    0x081078f4   0x081078f4   0x00000094   Code   RO         9103    i.xQueueGiveFromISR  queue.o
    0x08107988   0x08107988   0x00000184   Code   RO         9114    i.xQueueSemaphoreTake  queue.o
    0x08107b0c   0x08107b0c   0x00000070   Code   RO         9518    i.xTaskGetHandle    tasks.o
    0x08107b7c   0x08107b7c   0x0000000c   Code   RO         9520    i.xTaskGetTickCount  tasks.o
    0x08107b88   0x08107b88   0x000000bc   Code   RO         9528    i.xTaskResumeAll    tasks.o
    0x08107c44   0x08107c44   0x00000010   Data   RO         7597    .constdata          segger_rtt_printf.o
    0x08107c54   0x08107c54   0x000000f7   Data   RO         7635    .constdata          segger_toolkit.o
    0x08107d4b   0x08107d4b   0x00000011   Data   RO        10176    .constdata          user_testtask.o
    0x08107d5c   0x08107d5c   0x00000010   Data   RO        11091    .constdata          factory_iic.o
    0x08107d6c   0x08107d6c   0x00000005   Data   RO        12520    .constdata          busi_test.o
    0x08107d71   0x08107d71   0x00000033   Data   RO        12522    .constdata          busi_test.o
    0x08107da4   0x08107da4   0x00000045   Data   RO        13928    .constdata          data_random.o
    0x08107de9   0x08107de9   0x0000001e   Data   RO        14266    .constdata          frtos_printf.o
    0x08107e07   0x08107e07   0x000000e2   Data   RO        14625    .constdata          elog.o
    0x08107ee9   0x08107ee9   0x00000023   Data   RO        14790    .constdata          elog_utils.o
    0x08107f0c   0x08107f0c   0x00000009   Data   RO        14890    .constdata          letter_shell_noos_cmd.o
    0x08107f15   0x08107f15   0x00000008   Data   RO        14891    .constdata          letter_shell_noos_cmd.o
    0x08107f1d   0x08107f1d   0x00000006   Data   RO        14893    .constdata          letter_shell_noos_cmd.o
    0x08107f23   0x08107f23   0x00000004   Data   RO        14930    .constdata          letter_shell_rtos_cmd.o
    0x08107f27   0x08107f27   0x00000004   Data   RO        14934    .constdata          letter_shell_rtos_cmd.o
    0x08107f2b   0x08107f2b   0x0000000f   Data   RO        14937    .constdata          letter_shell_rtos_cmd.o
    0x08107f3a   0x08107f3a   0x00000007   Data   RO        14938    .constdata          letter_shell_rtos_cmd.o
    0x08107f41   0x08107f41   0x0000000e   Data   RO        14939    .constdata          letter_shell_rtos_cmd.o
    0x08107f4f   0x08107f4f   0x0000000c   Data   RO        14942    .constdata          letter_shell_rtos_cmd.o
    0x08107f5b   0x08107f5b   0x00000014   Data   RO        14943    .constdata          letter_shell_rtos_cmd.o
    0x08107f6f   0x08107f6f   0x00000004   Data   RO        14946    .constdata          letter_shell_rtos_cmd.o
    0x08107f73   0x08107f73   0x00000010   Data   RO        14947    .constdata          letter_shell_rtos_cmd.o
    0x08107f83   0x08107f83   0x00000007   Data   RO        15085    .constdata          shell.o
    0x08107f8a   0x08107f8a   0x00000008   Data   RO        15089    .constdata          shell.o
    0x08107f92   0x08107f92   0x00000005   Data   RO        15091    .constdata          shell.o
    0x08107f97   0x08107f97   0x0000000a   Data   RO        15096    .constdata          shell.o
    0x08107fa1   0x08107fa1   0x00000007   Data   RO        15097    .constdata          shell.o
    0x08107fa8   0x08107fa8   0x00000006   Data   RO        15098    .constdata          shell.o
    0x08107fae   0x08107fae   0x00000005   Data   RO        15100    .constdata          shell.o
    0x08107fb3   0x08107fb3   0x00000006   Data   RO        15102    .constdata          shell.o
    0x08107fb9   0x08107fb9   0x0000000e   Data   RO        15103    .constdata          shell.o
    0x08107fc7   0x08107fc7   0x0000000d   Data   RO        15105    .constdata          shell.o
    0x08107fd4   0x08107fd4   0x00000005   Data   RO        15106    .constdata          shell.o
    0x08107fd9   0x08107fd9   0x0000000d   Data   RO        15109    .constdata          shell.o
    0x08107fe6   0x08107fe6   0x00000011   Data   RO        15628    .constdata          log.o
    0x08107ff7   0x08107ff7   0x0000000c   Data   RO        15629    .constdata          log.o
    0x08108003   0x08108003   0x00000003   Data   RO        16036    .constdata          usart_485_sendmethod.o
    0x08108006   0x08108006   0x00000007   Data   RO        16039    .constdata          usart_485_sendmethod.o
    0x0810800d   0x0810800d   0x00000003   PAD
    0x08108010   0x08108010   0x00000004   Data   RO        16091    .constdata          mc_w.l(ctype_o.o)
    0x08108014   0x08108014   0x00000043   Data   RO        10177    .conststring        user_testtask.o
    0x08108057   0x08108057   0x00000001   PAD
    0x08108058   0x08108058   0x00000042   Data   RO        10365    .conststring        sys_init_all.o
    0x0810809a   0x0810809a   0x00000002   PAD
    0x0810809c   0x0810809c   0x00000089   Data   RO        14188    .conststring        hook_mem.o
    0x08108125   0x08108125   0x00000003   PAD
    0x08108128   0x08108128   0x000002a1   Data   RO        15112    .conststring        shell.o
    0x081083c9   0x081083c9   0x00000003   PAD
    0x081083cc   0x081083cc   0x00000048   Data   RO        15630    .conststring        log.o
    0x08108414   0x08108414   0x00000048   Data   RO        15785    .conststring        usart_485_232_send.o
    0x0810845c   0x0810845c   0x00000041   Data   RO        16040    .conststring        usart_485_sendmethod.o


==============================================================================

Image component sizes


      Code (inc. data)   RO Data    RW Data    ZI Data      Debug   Object Name

        24         18          0          0          0        480   bsp_all_test.o
       278         10          0          0          0       3060   bsp_i2c_ee.o
       206         24          0          0         76       2561   bsp_iic.o
       160         88          0          0        476      10319   bsp_lcd.o
       416         16          0          0          0      38334   bsp_mpu.o
        28         10          0         12          0       2491   bsp_systime.o
       204         24          0          0          0       2141   bsp_usart.o
        90         56          0          0          0       2377   bsp_usart_callback.o
        56         10          0         24        140       3029   bsp_usart_com485.o
       184         26          0         72          0       4026   bsp_usart_dma.o
       478        138          0          0        140       4161   bsp_usart_shell.o
      1092        644         87          8          0       3266   busi_test.o
         0          0          0          0         80       1122   business.o
         0          0          0          0          0      15652   cmsis_os.o
       198          0          0          0          0       3188   data_convert.o
       416        122         69          0         20       4215   data_random.o
        84         20          0          0          0       1268   data_set.o
        52          4        512          0          0       1647   data_verification.o
      2368        890        297         52       1272      21331   elog.o
       176         68          0          0          0       8331   elog_port.o
       276        122         35          0          0       2489   elog_utils.o
        78         10         16          4          0       3414   factory_iic.o
         2          0          0          0          0       5139   freerotspro.o
       104         40         30          1        256       5198   frtos_printf.o
        32          6          0          2          0       4623   gt9xx.o
         0          0          0         30        144       1772   gv_variable.o
      1278        722        523          0          0       2750   hal_ext_uart.o
       416         34          0         32     131072       7076   heap_4.o
       732        496        137         20          0       8651   hook_mem.o
       312        182        139          0          0       2808   letter_shell_noos_cmd.o
      1484        778        774         24          0      10829   letter_shell_rtos_cmd.o
       138          0          0          0          0       3814   list.o
       874        244        237          0        532       8371   log.o
       420        156          0          0          0       2008   main.o
         0          0          0          0          0        512   mmc.o
       850        236          0          0          0       8063   p_data_queue.o
        12          6          0          0        584       1920   p_data_queue_outer.o
       294         32          0          4          0       8597   port.o
      1298         12          0          0          0      13266   queue.o
       146          0          0          0          0       3688   queue2.o
         0          0          0          0          0        636   rtos_comtask.o
       196         52          0          4          0       6646   segger_dao.o
       636        402          0          0          0      23744   segger_outinterface.o
      1006         62         33          1       3300      17257   segger_rtt.o
       932          6         16          0          0       6601   segger_rtt_printf.o
      2632        122         26         40       1299      43224   segger_sysview.o
        12          6          0          0          0        712   segger_sysview_config_freertos.o
       420         46         80          4        160       5319   segger_sysview_freertos.o
      1036        380        464          0          0       2253   segger_toolkit.o
      4392        248       1188         88         29      48273   shell.o
        70          0          0          0          0       2248   shell_companion.o
       796          8          0          0          0       8542   shell_ext.o
       380         78          0         32        624       7059   shell_port.o
        36          8        664          0      13824        972   startup_stm32h743xx.o
       176         30          0         12          0      21456   stm32h7xx_hal.o
       394         30          0          0          0      43335   stm32h7xx_hal_cortex.o
      2388         84          8          0          0       8191   stm32h7xx_hal_dma.o
       812         96          0          0          0       3034   stm32h7xx_hal_gpio.o
      1992         46          0          0          0      15015   stm32h7xx_hal_i2c.o
        90          0          0          0          0       1319   stm32h7xx_hal_i2c_ex.o
       206          0          0          0          0       2610   stm32h7xx_hal_ltdc.o
        28          6          0          0          0       1062   stm32h7xx_hal_msp.o
        80          6          0          0          0        817   stm32h7xx_hal_pwr_ex.o
      2592        120          0          0          0       7888   stm32h7xx_hal_rcc.o
      3892        140          0          0          0       8947   stm32h7xx_hal_rcc_ex.o
        68          0          0          0          0       1833   stm32h7xx_hal_rng.o
      8180        210          0          0          0      24750   stm32h7xx_hal_uart.o
       318         18          0          0          0       5694   stm32h7xx_hal_uart_ex.o
       234        152          0          0          0       2909   stm32h7xx_it.o
       116         28          0          0          0       1717   sys_dwt.o
       782        526         66          0          0      12261   sys_init_all.o
        64         12          0          0          0       6407   sys_interrupt.o
       132         18         16          8          0    1239493   system_stm32h7xx.o
        52         12          0          8          0       2118   systick.o
       272        140          0          0          0       2821   task_check.o
       210         30          0          8          0       5191   taskfun.o
       780        436         12        146          0       3303   taskfun_outer.o
      3720        290          0         60        740      42203   tasks.o
       248         80          0          1          0       2171   tasksema.o
       396        320          0         74          0       2656   tasksemafun_outer.o
        52         38          0          0          0       1620   taskworkhandle.o
       208         56         72          0          0       1853   usart_485_232_send.o
       300        106        117          0          0       4066   usart_485_sendmethod.o
        16          4          0          0         76        747   user_buffers.o
         0          0          0          0          0       5348   user_systemtask.o
       196         92         37          4          0       2647   user_task_1.o
       652        280        121          0          0       6022   user_testtask.o
        38          0          0          0          0        726   w_string.o

    ----------------------------------------------------------------------
     57542      10068       5830        788     154876    1903703   Object Totals
         0          0         32          0          0          0   (incl. Generated)
        58          0         22         13         32          0   (incl. Padding)

    ----------------------------------------------------------------------

      Code (inc. data)   RO Data    RW Data    ZI Data      Debug   Library Member Name

        86          0          0          0          0          0   __dczerorl2.o
        28          0          0          0          0         68   _chval.o
       158          0          0          0          0         92   _strtoul.o
        26          0          0          0          0         80   atoi.o
         8          4        133          0          0         68   ctype_o.o
         0          0          0          0          0          0   entry.o
         0          0          0          0          0          0   entry10a.o
         0          0          0          0          0          0   entry11a.o
         8          4          0          0          0          0   entry2.o
         4          0          0          0          0          0   entry5.o
         0          0          0          0          0          0   entry7b.o
         0          0          0          0          0          0   entry8b.o
         8          4          0          0          0          0   entry9a.o
         8          4          0          4          0         68   errno.o
        30          0          0          0          0          0   handlers.o
        36          8          0          0          0         68   init.o
         0          0          0          0          0          0   iusefp.o
        30          0          0          0          0         68   llshl.o
        36          0          0          0          0         68   llsshr.o
        32          0          0          0          0         68   llushr.o
       188         20          0          0          0        160   malloc.o
        26          0          0          0          0         80   memcmp.o
        64          0          0          0          0         76   memmovea.o
        36          0          0          0          0        108   memseta.o
         0          0          0          8          0          0   mvars.o
      2438        112          0          0          0        904   printfa.o
         0          0          0          4          0          0   stdout.o
        28          0          0          0          0         76   strcmp.o
        18          0          0          0          0         68   strcpy.o
        14          0          0          0          0         68   strlen.o
        30          0          0          0          0         80   strncmp.o
        24          0          0          0          0         76   strncpy.o
        36          0          0          0          0         80   strstr.o
       112          0          0          0          0         88   strtol.o
        44          0          0          0          0         80   uidiv.o
        98          0          0          0          0         92   uldiv.o
        48          0          0          0          0         68   cdrcmple.o
       334          0          0          0          0        148   dadd.o
       222          0          0          0          0        100   ddiv.o
       186          0          0          0          0        176   depilogue.o
        48          0          0          0          0         68   dfixul.o
       228          0          0          0          0         96   dmul.o

    ----------------------------------------------------------------------
      4726        156        134         16          0       3340   Library Totals
         6          0          1          0          0          0   (incl. Padding)

    ----------------------------------------------------------------------

      Code (inc. data)   RO Data    RW Data    ZI Data      Debug   Library Name

      3654        156        133         16          0       2684   mc_w.l
      1066          0          0          0          0        656   mf_w.l

    ----------------------------------------------------------------------
      4726        156        134         16          0       3340   Library Totals

    ----------------------------------------------------------------------

==============================================================================


      Code (inc. data)   RO Data    RW Data    ZI Data      Debug   

     62268      10224       5964        804     154876    1861255   Grand Totals
     62268      10224       5964        260     154876    1861255   ELF Image Totals (compressed)
     62268      10224       5964        260          0          0   ROM Totals

==============================================================================

    Total RO  Size (Code + RO Data)                68232 (  66.63kB)
    Total RW  Size (RW Data + ZI Data)            155680 ( 152.03kB)
    Total ROM Size (Code + RO Data + RW Data)      68492 (  66.89kB)

==============================================================================

